 CL_pi_Mutants_sfun

 Timestamp is 5a881c25 (Sat Feb 17 13:12:21 2018)

 Preferred load address is 0000000180000000

 Start         Length     Name                   Class
 0001:00000000 00011c37H .text$mn                CODE
 0001:00011c40 00000012H .text$mn$00             CODE
 0001:00011c52 00000081H .text$x                 CODE
 0002:00000000 000004c8H .idata$5                DATA
 0002:000004c8 00000010H .00cfg                  DATA
 0002:000004d8 00000008H .CRT$XCA                DATA
 0002:000004e0 00000008H .CRT$XCZ                DATA
 0002:000004e8 00000008H .CRT$XIA                DATA
 0002:000004f0 00000008H .CRT$XIZ                DATA
 0002:000004f8 00000008H .CRT$XPA                DATA
 0002:00000500 00000008H .CRT$XPZ                DATA
 0002:00000508 00000008H .CRT$XTA                DATA
 0002:00000510 00000008H .CRT$XTZ                DATA
 0002:00000518 00000000H .gfids$x                DATA
 0002:00000520 00000834H .rdata                  DATA
 0002:00000d54 00000218H .rdata$zzzdbg           DATA
 0002:00000f70 00000008H .rtc$IAA                DATA
 0002:00000f78 00000008H .rtc$IZZ                DATA
 0002:00000f80 00000008H .rtc$TAA                DATA
 0002:00000f88 00000008H .rtc$TZZ                DATA
 0002:00000f90 00000874H .xdata                  DATA
 0002:00001810 00000058H .edata                  DATA
 0002:00001868 000000c8H .idata$2                DATA
 0002:00001930 00000014H .idata$3                DATA
 0002:00001948 000004c8H .idata$4                DATA
 0002:00001e10 00000e52H .idata$6                DATA
 0003:00000000 00002264H .data                   DATA
 0003:00002270 00000700H .bss                    DATA
 0004:00000000 00000a20H .pdata                  DATA

  Address         Publics by Value              Rva+Base               Lib:Object

 0000:00000000       __guard_fids_count         0000000000000000     <absolute>
 0000:00000000       ___safe_se_handler_table   0000000000000000     <absolute>
 0000:00000000       ___safe_se_handler_count   0000000000000000     <absolute>
 0000:00000000       __guard_fids_table         0000000000000000     <absolute>
 0000:00000100       __guard_flags              0000000000000100     <absolute>
 0000:00000000       __ImageBase                0000000180000000     <linker-defined>
 0001:00000000       CL_pi_Mutants_initializer  0000000180001000 f   CL_pi_Mutants_sfun.obj
 0001:00000010       CL_pi_Mutants_terminator   0000000180001010 f   CL_pi_Mutants_sfun.obj
 0001:00000020       load_CL_pi_Mutants_optimization_info 0000000180001020 f   CL_pi_Mutants_sfun.obj
 0001:000000d0       unload_CL_pi_Mutants_optimization_info 00000001800010d0 f   CL_pi_Mutants_sfun.obj
 0001:00000100       sf_CL_pi_Mutants_method_dispatcher 0000000180001100 f   CL_pi_Mutants_sfun.obj
 0001:00000150       sf_CL_pi_Mutants_process_check_sum_call 0000000180001150 f   CL_pi_Mutants_sfun.obj
 0001:00000640       sf_CL_pi_Mutants_autoinheritance_info 0000000180001640 f   CL_pi_Mutants_sfun.obj
 0001:00000820       sf_CL_pi_Mutants_get_eml_resolved_functions_info 0000000180001820 f   CL_pi_Mutants_sfun.obj
 0001:000009a0       sf_CL_pi_Mutants_third_party_uses_info 00000001800019a0 f   CL_pi_Mutants_sfun.obj
 0001:00000b70       sf_CL_pi_Mutants_jit_fallback_info 0000000180001b70 f   CL_pi_Mutants_sfun.obj
 0001:00000d40       sf_CL_pi_Mutants_updateBuildInfo_args_info 0000000180001d40 f   CL_pi_Mutants_sfun.obj
 0001:00000f10       CL_pi_Mutants_debug_initialize 0000000180001f10 f   CL_pi_Mutants_sfun.obj
 0001:00000f90       CL_pi_Mutants_register_exported_symbols 0000000180001f90 f   CL_pi_Mutants_sfun.obj
 0001:00000fa0       sf_c1_CL_pi_Mutants_get_eml_resolved_functions_info 0000000180001fa0 f   c1_CL_pi_Mutants.obj
 0001:00001020       sf_c1_CL_pi_Mutants_get_check_sum 0000000180002020 f   c1_CL_pi_Mutants.obj
 0001:000010f0       c1_CL_pi_Mutants_method_dispatcher 00000001800020f0 f   c1_CL_pi_Mutants.obj
 0001:000062b0       sf_c1_CL_pi_Mutants_get_post_codegen_info 00000001800072b0 f   c1_CL_pi_Mutants.obj
 0001:00006380       sf_c1_CL_pi_Mutants_get_autoinheritance_info 0000000180007380 f   c1_CL_pi_Mutants.obj
 0001:00007970       sf_c1_CL_pi_Mutants_third_party_uses_info 0000000180008970 f   c1_CL_pi_Mutants.obj
 0001:000079a0       sf_c1_CL_pi_Mutants_jit_fallback_info 00000001800089a0 f   c1_CL_pi_Mutants.obj
 0001:00007b30       sf_c1_CL_pi_Mutants_updateBuildInfo_args_info 0000000180008b30 f   c1_CL_pi_Mutants.obj
 0001:000089c0       mexFunction                00000001800099c0 f   CL_pi_Mutants_sfun_registry.obj
 0001:00009d90       _ssSetInputPortDirectFeedThroughFcn 000000018000ad90 f   CL_pi_Mutants_sfun_registry.obj
 0001:00009f40       _ssGetInputPortSignalPtrsFcn 000000018000af40 f   CL_pi_Mutants_sfun_registry.obj
 0001:0000a390       _ssGetInputPortSignalFcn   000000018000b390 f   CL_pi_Mutants_sfun_registry.obj
 0001:0000a7e0       _ssSetInputPortReusableFcn 000000018000b7e0 f   CL_pi_Mutants_sfun_registry.obj
 0001:0000a8c0       _ssSetOutputPortReusableFcn 000000018000b8c0 f   CL_pi_Mutants_sfun_registry.obj
 0001:0000a9a0       _ssSetSymbolicDimsSupport  000000018000b9a0 f   CL_pi_Mutants_sfun_registry.obj
 0001:0000aa10       _ssRegisterSymbolicDimsExpr 000000018000ba10 f   CL_pi_Mutants_sfun_registry.obj
 0001:0000aa90       _ssRegisterSymbolicDims    000000018000ba90 f   CL_pi_Mutants_sfun_registry.obj
 0001:0000ab30       _ssRegisterSymbolicDimsString 000000018000bb30 f   CL_pi_Mutants_sfun_registry.obj
 0001:0000abb0       _ssRegisterSymbolicDimsIntValue 000000018000bbb0 f   CL_pi_Mutants_sfun_registry.obj
 0001:0000ac20       _ssRegisterSymbolicDimsPlus 000000018000bc20 f   CL_pi_Mutants_sfun_registry.obj
 0001:0000aca0       _ssRegisterSymbolicDimsMinus 000000018000bca0 f   CL_pi_Mutants_sfun_registry.obj
 0001:0000ad20       _ssRegisterSymbolicDimsMultiply 000000018000bd20 f   CL_pi_Mutants_sfun_registry.obj
 0001:0000ada0       _ssRegisterSymbolicDimsDivide 000000018000bda0 f   CL_pi_Mutants_sfun_registry.obj
 0001:0000ae20       _ssGetNumSymbolicDims      000000018000be20 f   CL_pi_Mutants_sfun_registry.obj
 0001:0000ae90       _ssGetSymbolicDim          000000018000be90 f   CL_pi_Mutants_sfun_registry.obj
 0001:0000af10       _ssSetInputPortSymbolicDimsId 000000018000bf10 f   CL_pi_Mutants_sfun_registry.obj
 0001:0000af80       _ssGetCompInputPortSymbolicDimsId 000000018000bf80 f   CL_pi_Mutants_sfun_registry.obj
 0001:0000aff0       _ssSetCompInputPortSymbolicDimsId 000000018000bff0 f   CL_pi_Mutants_sfun_registry.obj
 0001:0000b060       _ssSetOutputPortSymbolicDimsId 000000018000c060 f   CL_pi_Mutants_sfun_registry.obj
 0001:0000b0d0       _ssGetCompOutputPortSymbolicDimsId 000000018000c0d0 f   CL_pi_Mutants_sfun_registry.obj
 0001:0000b140       _ssSetCompOutputPortSymbolicDimsId 000000018000c140 f   CL_pi_Mutants_sfun_registry.obj
 0001:0000b1b0       _ssSetCompDWorkSymbolicDimsId 000000018000c1b0 f   CL_pi_Mutants_sfun_registry.obj
 0001:0000b220       ssGetIsZeroCrossControlDisabled 000000018000c220 f   CL_pi_Mutants_sfun_registry.obj
 0001:0000b290       ssSetIsInputPortUsedForContZcSignal 000000018000c290 f   CL_pi_Mutants_sfun_registry.obj
 0001:0000b300       ssSetZcSignalIsZcElementDisc 000000018000c300 f   CL_pi_Mutants_sfun_registry.obj
 0001:0000b3b0       ssSetZcSignalName          000000018000c3b0 f   CL_pi_Mutants_sfun_registry.obj
 0001:0000b420       ssSetZcSignalWidth         000000018000c420 f   CL_pi_Mutants_sfun_registry.obj
 0001:0000b490       ssSetZcSignalZcEventType   000000018000c490 f   CL_pi_Mutants_sfun_registry.obj
 0001:0000b500       ssSetZcSignalType          000000018000c500 f   CL_pi_Mutants_sfun_registry.obj
 0001:0000b570       ssSetZcSignalZcTol         000000018000c570 f   CL_pi_Mutants_sfun_registry.obj
 0001:0000b5e0       ssSetZcSignalNeedsEventNotification 000000018000c5e0 f   CL_pi_Mutants_sfun_registry.obj
 0001:0000b650       ssCreateAndAddZcSignalInfo 000000018000c650 f   CL_pi_Mutants_sfun_registry.obj
 0001:0000b6c0       ssCloneAndAddZcSignalInfo  000000018000c6c0 f   CL_pi_Mutants_sfun_registry.obj
 0001:0000b730       ssGetNumZcSignals          000000018000c730 f   CL_pi_Mutants_sfun_registry.obj
 0001:0000b7a0       ssGetZcSignalVector        000000018000c7a0 f   CL_pi_Mutants_sfun_registry.obj
 0001:0000b810       ssGetZcSignalName          000000018000c810 f   CL_pi_Mutants_sfun_registry.obj
 0001:0000b880       ssGetZcSignalWidth         000000018000c880 f   CL_pi_Mutants_sfun_registry.obj
 0001:0000b8f0       ssGetZcSignalZcEventType   000000018000c8f0 f   CL_pi_Mutants_sfun_registry.obj
 0001:0000b960       ssGetZcSignalZcEvents      000000018000c960 f   CL_pi_Mutants_sfun_registry.obj
 0001:0000b9d0       ssGetZcSignalType          000000018000c9d0 f   CL_pi_Mutants_sfun_registry.obj
 0001:0000ba40       ssGetZcSignalZcTol         000000018000ca40 f   CL_pi_Mutants_sfun_registry.obj
 0001:0000bac0       ssGetZcSignalNeedsEventNotification 000000018000cac0 f   CL_pi_Mutants_sfun_registry.obj
 0001:0000bb30       ssGetZcSignalIsZcElementDisc 000000018000cb30 f   CL_pi_Mutants_sfun_registry.obj
 0001:0000bbd0       ssGetIsInputPortElementContinuous 000000018000cbd0 f   CL_pi_Mutants_sfun_registry.obj
 0001:0000bc70       ssGetDTypeIdFromMxArray    000000018000cc70 f   CL_pi_Mutants_sfun_registry.obj
 0001:0000bd90       ssWriteRTWStr              000000018000cd90 f   CL_pi_Mutants_sfun_registry.obj
 0001:0000bdf0       ssWriteRTWNameValuePair    000000018000cdf0 f   CL_pi_Mutants_sfun_registry.obj
 0001:0000c2f0       ssWriteRTWParamSettings    000000018000d2f0 f   CL_pi_Mutants_sfun_registry.obj
 0001:0000c9e0       ssWriteRTWParameters       000000018000d9e0 f   CL_pi_Mutants_sfun_registry.obj
 0001:0000cfa0       ssWriteRTWWorkVect         000000018000dfa0 f   CL_pi_Mutants_sfun_registry.obj
 0001:0000d490       ssWriteRTWMxVectParam      000000018000e490 f   CL_pi_Mutants_sfun_registry.obj
 0001:0000d510       ssWriteRTWMx2dMatParam     000000018000e510 f   CL_pi_Mutants_sfun_registry.obj
 0001:0000d5a0       _ssSetInputPortMatrixDimensions 000000018000e5a0 f   CL_pi_Mutants_sfun_registry.obj
 0001:0000d6c0       _ssSetOutputPortMatrixDimensions 000000018000e6c0 f   CL_pi_Mutants_sfun_registry.obj
 0001:0000d7e0       _ssSetInputPortVectorDimension 000000018000e7e0 f   CL_pi_Mutants_sfun_registry.obj
 0001:0000d890       _ssSetOutputPortVectorDimension 000000018000e890 f   CL_pi_Mutants_sfun_registry.obj
 0001:0000d940       ssIsRunTimeParamTunable    000000018000e940 f   CL_pi_Mutants_sfun_registry.obj
 0001:0000d9b0       ssGetSFuncBlockHandle      000000018000e9b0 f   CL_pi_Mutants_sfun_registry.obj
 0001:0000da20       _ssGetCurrentInputPortWidth 000000018000ea20 f   CL_pi_Mutants_sfun_registry.obj
 0001:0000db40       _ssGetCurrentOutputPortWidth 000000018000eb40 f   CL_pi_Mutants_sfun_registry.obj
 0001:0000dc60       _ssGetCallSystemNumFcnCallDestinations 000000018000ec60 f   CL_pi_Mutants_sfun_registry.obj
 0001:0000dcd0       ssGetParameterTuningCompliance 000000018000ecd0 f   CL_pi_Mutants_sfun_registry.obj
 0001:0000dd40       ssWarning                  000000018000ed40 f   CL_pi_Mutants_sfun_registry.obj
 0001:0000de30       _ssGetAbsTol               000000018000ee30 f   CL_pi_Mutants_sfun_registry.obj
 0001:0000dea0       _ssSetStateAbsTol          000000018000eea0 f   CL_pi_Mutants_sfun_registry.obj
 0001:0000df80       sf_process_check_sum_call  000000018000ef80 f   CL_pi_Mutants_sfun_registry.obj
 0001:0000dfd0       sf_process_autoinheritance_call 000000018000efd0 f   CL_pi_Mutants_sfun_registry.obj
 0001:0000e200       sf_process_get_third_party_uses_info_call 000000018000f200 f   CL_pi_Mutants_sfun_registry.obj
 0001:0000e430       sf_process_get_jit_fallback_info_call 000000018000f430 f   CL_pi_Mutants_sfun_registry.obj
 0001:0000e660       sf_process_get_updateBuildInfo_args_info_call 000000018000f660 f   CL_pi_Mutants_sfun_registry.obj
 0001:0000e890       sf_process_get_eml_resolved_functions_info_call 000000018000f890 f   CL_pi_Mutants_sfun_registry.obj
 0001:0000ea90       sf_mex_unlock_call         000000018000fa90 f   CL_pi_Mutants_sfun_registry.obj
 0001:0000ed30       sf_machine_global_initializer_called 000000018000fd30 f   CL_pi_Mutants_sfun_registry.obj
 0001:0000ed60       sf_machine_global_method_dispatcher 000000018000fd60 f   CL_pi_Mutants_sfun_registry.obj
 0001:0000edc0       sf_machine_global_terminator 000000018000fdc0 f   CL_pi_Mutants_sfun_registry.obj
 0001:0000ee10       sf_register_machine_exported_symbols 000000018000fe10 f   CL_pi_Mutants_sfun_registry.obj
 0001:0000ee30       callCustomFcn              000000018000fe30 f   CL_pi_Mutants_sfun_registry.obj
 0001:0000ee40       sf_machine_global_initializer 000000018000fe40 f   CL_pi_Mutants_sfun_registry.obj
 0001:0000eec0       mdlGetSimState             000000018000fec0 f   CL_pi_Mutants_sfun_registry.obj
 0001:0000ef00       mdlSetSimState             000000018000ff00 f   CL_pi_Mutants_sfun_registry.obj
 0001:0000f770       ProcessMexSfunctionEveryCall 0000000180010770 f   CL_pi_Mutants_sfun_registry.obj
 0001:00010470       __local_stdio_printf_options 0000000180011470 f i CL_pi_Mutants_sfun_registry.obj
 0001:00010480       _vsnprintf_l               0000000180011480 f i CL_pi_Mutants_sfun_registry.obj
 0001:00010500       _vsprintf_l                0000000180011500 f i CL_pi_Mutants_sfun_registry.obj
 0001:00010550       sprintf                    0000000180011550 f i CL_pi_Mutants_sfun_registry.obj
 0001:000105a0       sf_load_rtw_optimization_info 00000001800115a0 f   sf_runtime:sf_runtime.dll
 0001:000105a6       sf_debug_initialize_machine 00000001800115a6 f   sf_runtime:sf_runtime.dll
 0001:000105ac       sf_debug_set_machine_event_thresholds 00000001800115ac f   sf_runtime:sf_runtime.dll
 0001:000105b2       sf_debug_set_machine_data_thresholds 00000001800115b2 f   sf_runtime:sf_runtime.dll
 0001:000105b8       sf_init_ChartRunTimeInfo   00000001800115b8 f   sf_runtime:sf_runtime.dll
 0001:000105be       sf_free_ChartRunTimeInfo   00000001800115be f   sf_runtime:sf_runtime.dll
 0001:000105c4       sf_get_chart_instance_ptr  00000001800115c4 f   sf_runtime:sf_runtime.dll
 0001:000105ca       sf_rtw_info_uint_prop      00000001800115ca f   sf_runtime:sf_runtime.dll
 0001:000105d0       sf_update_buildInfo        00000001800115d0 f   sf_runtime:sf_runtime.dll
 0001:000105d6       sf_is_chart_inlinable      00000001800115d6 f   sf_runtime:sf_runtime.dll
 0001:000105dc       sf_mark_chart_reusable_outputs 00000001800115dc f   sf_runtime:sf_runtime.dll
 0001:000105e2       sf_mark_chart_expressionable_inputs 00000001800115e2 f   sf_runtime:sf_runtime.dll
 0001:000105e8       sim_mode_is_rtw_gen        00000001800115e8 f   sf_runtime:sf_runtime.dll
 0001:000105ee       sim_mode_is_external       00000001800115ee f   sf_runtime:sf_runtime.dll
 0001:000105f4       sim_mode_is_modelref_sim   00000001800115f4 f   sf_runtime:sf_runtime.dll
 0001:000105fa       sf_clear_rtw_identifier    00000001800115fa f   sf_runtime:sf_runtime.dll
 0001:00010600       sf_set_rtw_dwork_info      0000000180011600 f   sf_runtime:sf_runtime.dll
 0001:00010606       sf_get_time                0000000180011606 f   sf_runtime:sf_runtime.dll
 0001:0001060c       sf_is_first_init_cond      000000018001160c f   sf_runtime:sf_runtime.dll
 0001:00010612       sf_set_chart_accesses_machine_info 0000000180011612 f   sf_runtime:sf_runtime.dll
 0001:00010618       sf_register_codegen_names_for_scoped_functions_defined_by_chart 0000000180011618 f   sf_runtime:sf_runtime.dll
 0001:0001061e       sf_mex_error_message       000000018001161e f   sf_runtime:sf_runtime.dll
 0001:00010624       sf_mex_create              0000000180011624 f   sf_runtime:sf_runtime.dll
 0001:0001062a       sf_mex_createcellmatrix    000000018001162a f   sf_runtime:sf_runtime.dll
 0001:00010630       sf_mex_setcell             0000000180011630 f   sf_runtime:sf_runtime.dll
 0001:00010636       sf_mex_getcell             0000000180011636 f   sf_runtime:sf_runtime.dll
 0001:0001063c       sf_mex_assign              000000018001163c f   sf_runtime:sf_runtime.dll
 0001:00010642       sf_mex_dup                 0000000180011642 f   sf_runtime:sf_runtime.dll
 0001:00010648       sf_mex_destroy             0000000180011648 f   sf_runtime:sf_runtime.dll
 0001:0001064e       sf_mex_import              000000018001164e f   sf_runtime:sf_runtime.dll
 0001:00010654       sf_mex_decode_encoded_mx_struct_array 0000000180011654 f   sf_runtime:sf_runtime.dll
 0001:0001065a       ssGetInputPortSignal_wrapper 000000018001165a f   sf_runtime:sf_runtime.dll
 0001:00010660       ssGetOutputPortSignal_wrapper 0000000180011660 f   sf_runtime:sf_runtime.dll
 0001:00010666       sf_eml_array_bounds_check  0000000180011666 f   sf_runtime:sf_runtime.dll
 0001:0001066c       sf_integer_check           000000018001166c f   sf_runtime:sf_runtime.dll
 0001:00010672       sf_debug_initialize_chart  0000000180011672 f   sf_runtime:sf_runtime.dll
 0001:00010678       sf_debug_call              0000000180011678 f   sf_runtime:sf_runtime.dll
 0001:0001067e       eml_debug_line_call        000000018001167e f   sf_runtime:sf_runtime.dll
 0001:00010684       cv_eml_eval                0000000180011684 f   sf_runtime:sf_runtime.dll
 0001:0001068a       cv_eval_relational         000000018001168a f   sf_runtime:sf_runtime.dll
 0001:00010690       cv_eml_init_script         0000000180011690 f   sf_runtime:sf_runtime.dll
 0001:00010696       cv_eml_init_fcn            0000000180011696 f   sf_runtime:sf_runtime.dll
 0001:0001069c       cv_eml_init_if             000000018001169c f   sf_runtime:sf_runtime.dll
 0001:000106a2       cv_eml_init_mcdc           00000001800116a2 f   sf_runtime:sf_runtime.dll
 0001:000106a8       cv_eml_init_relational     00000001800116a8 f   sf_runtime:sf_runtime.dll
 0001:000106ae       sf_debug_reset_current_state_configuration 00000001800116ae f   sf_runtime:sf_runtime.dll
 0001:000106b4       sf_debug_check_for_state_inconsistency 00000001800116b4 f   sf_runtime:sf_runtime.dll
 0001:000106ba       sf_debug_set_chart_data_props 00000001800116ba f   sf_runtime:sf_runtime.dll
 0001:000106c0       sf_debug_set_chart_data_compiled_props 00000001800116c0 f   sf_runtime:sf_runtime.dll
 0001:000106c6       sf_debug_symbol_scope_push 00000001800116c6 f   sf_runtime:sf_runtime.dll
 0001:000106cc       sf_debug_symbol_scope_push_eml 00000001800116cc f   sf_runtime:sf_runtime.dll
 0001:000106d2       sf_debug_symbol_scope_pop  00000001800116d2 f   sf_runtime:sf_runtime.dll
 0001:000106d8       sf_debug_symbol_scope_add_eml 00000001800116d8 f   sf_runtime:sf_runtime.dll
 0001:000106de       sf_debug_symbol_scope_add_eml_importable 00000001800116de f   sf_runtime:sf_runtime.dll
 0001:000106e4       sf_debug_set_instance_data_value_ptr 00000001800116e4 f   sf_runtime:sf_runtime.dll
 0001:000106ea       sf_debug_set_chart_disable_implicit_casting 00000001800116ea f   sf_runtime:sf_runtime.dll
 0001:000106f0       sf_debug_set_chart_event_thresholds 00000001800116f0 f   sf_runtime:sf_runtime.dll
 0001:000106f6       sf_debug_set_chart_state_info 00000001800116f6 f   sf_runtime:sf_runtime.dll
 0001:000106fc       sf_debug_set_chart_decomposition 00000001800116fc f   sf_runtime:sf_runtime.dll
 0001:00010702       sf_debug_set_chart_substate_count 0000000180011702 f   sf_runtime:sf_runtime.dll
 0001:00010708       sf_debug_data_range_wrapper 0000000180011708 f   sf_runtime:sf_runtime.dll
 0001:0001070e       sf_debug_cv_init_trans     000000018001170e f   sf_runtime:sf_runtime.dll
 0001:00010714       sf_debug_cv_init_chart     0000000180011714 f   sf_runtime:sf_runtime.dll
 0001:0001071a       sf_debug_cv_init_state     000000018001171a f   sf_runtime:sf_runtime.dll
 0001:00010720       sf_get_ChartInfoStruct_CodeGen 0000000180011720 f   sf_runtime:sf_runtime.dll
 0001:00010726       sf_get_isEnhancedMooreMachine 0000000180011726 f   sf_runtime:sf_runtime.dll
 0001:0001072c       sf_set_compiledInfo        000000018001172c f   sf_runtime:sf_runtime.dll
 0001:00010732       callMdlMethodAndReportError 0000000180011732 f   sf_runtime:sf_runtime.dll
 0001:00010738       call_sf_machine_global_method_dispatcher 0000000180011738 f   sf_runtime:sf_runtime.dll
 0001:0001073e       sf_mex_error_direct_call   000000018001173e f   sf_runtime:sf_runtime.dll
 0001:00010744       sf_clear_error_manager_info 0000000180011744 f   sf_runtime:sf_runtime.dll
 0001:0001074a       sf_debug_create_debug_instance_struct 000000018001174a f   sf_runtime:sf_runtime.dll
 0001:00010750       sf_debug_terminate         0000000180011750 f   sf_runtime:sf_runtime.dll
 0001:00010756       sf_debug_api               0000000180011756 f   sf_runtime:sf_runtime.dll
 0001:0001075c       mxIsChar                   000000018001175c f   libmx:libmx.dll
 0001:00010762       mxGetPr                    0000000180011762 f   libmx:libmx.dll
 0001:00010768       mxGetScalar                0000000180011768 f   libmx:libmx.dll
 0001:0001076e       mxDestroyArray             000000018001176e f   libmx:libmx.dll
 0001:00010774       mxCreateDoubleMatrix_730   0000000180011774 f   libmx:libmx.dll
 0001:0001077a       mxGetString_730            000000018001177a f   libmx:libmx.dll
 0001:00010780       mxDuplicateArray           0000000180011780 f   libmx:libmx.dll
 0001:00010786       mxSetField_730             0000000180011786 f   libmx:libmx.dll
 0001:0001078c       mxCreateDoubleScalar       000000018001178c f   libmx:libmx.dll
 0001:00010792       mxCreateString             0000000180011792 f   libmx:libmx.dll
 0001:00010798       mxCreateCellMatrix_730     0000000180011798 f   libmx:libmx.dll
 0001:0001079e       mxCreateCellArray_730      000000018001179e f   libmx:libmx.dll
 0001:000107a4       mxCreateStructMatrix_730   00000001800117a4 f   libmx:libmx.dll
 0001:000107aa       mxCreateStructArray_730    00000001800117aa f   libmx:libmx.dll
 0001:000107b0       mxCalloc                   00000001800117b0 f   libmx:libmx.dll
 0001:000107b6       mxGetM                     00000001800117b6 f   libmx:libmx.dll
 0001:000107bc       mxGetClassID               00000001800117bc f   libmx:libmx.dll
 0001:000107c2       mxIsNumeric                00000001800117c2 f   libmx:libmx.dll
 0001:000107c8       mxIsComplex                00000001800117c8 f   libmx:libmx.dll
 0001:000107ce       mxGetN                     00000001800117ce f   libmx:libmx.dll
 0001:000107d4       mexMakeArrayPersistent     00000001800117d4 f   libmex:libmex.dll
 0001:000107da       mexErrMsgTxt               00000001800117da f   libmex:libmex.dll
 0001:000107e0       mexWarnMsgTxt              00000001800117e0 f   libmex:libmex.dll
 0001:000107e6       mexCallMATLABWithObject    00000001800117e6 f   libmex:libmex.dll
 0001:000107ec       mexLock                    00000001800117ec f   libmex:libmex.dll
 0001:000107f2       mexUnlock                  00000001800117f2 f   libmex:libmex.dll
 0001:000107f8       mexIsLocked                00000001800117f8 f   libmex:libmex.dll
 0001:000107fe       utMalloc                   00000001800117fe f   libut:libut.dll
 0001:00010804       utFree                     0000000180011804 f   libut:libut.dll
 0001:0001080c       __raise_securityfailure    000000018001180c f   MSVCRT:gs_report.obj
 0001:00010840       __report_gsfailure         0000000180011840 f   MSVCRT:gs_report.obj
 0001:00010914       __report_rangecheckfailure 0000000180011914 f   MSVCRT:gs_report.obj
 0001:00010928       __report_securityfailure   0000000180011928 f   MSVCRT:gs_report.obj
 0001:000109c4       __report_securityfailureEx 00000001800119c4 f   MSVCRT:gs_report.obj
 0001:00010bb8       __GSHandlerCheck           0000000180011bb8 f   MSVCRT:_gshandler_.obj
 0001:00010bd8       __GSHandlerCheckCommon     0000000180011bd8 f   MSVCRT:_gshandler_.obj
 0001:00010c50       __security_check_cookie    0000000180011c50 f   MSVCRT:_amdsecgs_.obj
 0001:00010c90       _alloca_probe              0000000180011c90 f   MSVCRT:_chkstk_.obj
 0001:00010c90       __chkstk                   0000000180011c90 f   MSVCRT:_chkstk_.obj
 0001:00011040       _CRT_INIT                  0000000180012040 f   MSVCRT:dll_dllmain.obj
 0001:00011048       _DllMainCRTStartup         0000000180012048 f   MSVCRT:dll_dllmain.obj
 0001:00011088       ??$__crt_fast_decode_pointer@PEAP6AXXZ@@YAPEAP6AXXZQEAP6AXXZ@Z 0000000180012088 f i MSVCRT:utility.obj
 0001:000110a0       ??$__crt_fast_encode_pointer@PEAP6AXXZ@@YAPEAP6AXXZQEAP6AXXZ@Z 00000001800120a0 f i MSVCRT:utility.obj
 0001:000110c0       ?__crt_rotate_pointer_value@@YA_K_KH@Z 00000001800120c0 f i MSVCRT:utility.obj
 0001:00011148       NtCurrentTeb               0000000180012148 f i MSVCRT:utility.obj
 0001:00011154       __scrt_acquire_startup_lock 0000000180012154 f   MSVCRT:utility.obj
 0001:00011190       __scrt_dllmain_after_initialize_c 0000000180012190 f   MSVCRT:utility.obj
 0001:000111b0       __scrt_dllmain_before_initialize_c 00000001800121b0 f   MSVCRT:utility.obj
 0001:000111c8       __scrt_dllmain_crt_thread_attach 00000001800121c8 f   MSVCRT:utility.obj
 0001:000111f0       __scrt_dllmain_crt_thread_detach 00000001800121f0 f   MSVCRT:utility.obj
 0001:00011208       __scrt_dllmain_exception_filter 0000000180012208 f   MSVCRT:utility.obj
 0001:0001126c       __scrt_dllmain_uninitialize_c 000000018001226c f   MSVCRT:utility.obj
 0001:0001129c       __scrt_dllmain_uninitialize_critical 000000018001229c f   MSVCRT:utility.obj
 0001:000112b0       __scrt_initialize_crt      00000001800122b0 f   MSVCRT:utility.obj
 0001:000112fc       __scrt_initialize_onexit_tables 00000001800122fc f   MSVCRT:utility.obj
 0001:000113c8       __scrt_is_nonwritable_in_current_image 00000001800123c8 f   MSVCRT:utility.obj
 0001:00011464       __scrt_release_startup_lock 0000000180012464 f   MSVCRT:utility.obj
 0001:00011488       __scrt_uninitialize_crt    0000000180012488 f   MSVCRT:utility.obj
 0001:000114b4       _onexit                    00000001800124b4 f   MSVCRT:utility.obj
 0001:00011504       at_quick_exit              0000000180012504 f   MSVCRT:utility.obj
 0001:0001153c       atexit                     000000018001253c f   MSVCRT:utility.obj
 0001:00011554       __security_init_cookie     0000000180012554 f   MSVCRT:gs_support.obj
 0001:00011600       DllMain                    0000000180012600 f   MSVCRT:dll_dllmain_stub.obj
 0001:00011624       ?__scrt_initialize_type_info@@YAXXZ 0000000180012624 f   MSVCRT:tncleanup.obj
 0001:00011634       ?__scrt_uninitialize_type_info@@YAXXZ 0000000180012634 f   MSVCRT:tncleanup.obj
 0001:00011640       __local_stdio_scanf_options 0000000180012640 f i MSVCRT:default_local_stdio_options.obj
 0001:00011648       __scrt_initialize_default_local_stdio_options 0000000180012648 f   MSVCRT:default_local_stdio_options.obj
 0001:00011664       __scrt_get_dyn_tls_init_callback 0000000180012664 f   MSVCRT:dyn_tls_init.obj
 0001:0001166c       __crt_debugger_hook        000000018001266c f   MSVCRT:utility_desktop.obj
 0001:00011674       __scrt_fastfail            0000000180012674 f   MSVCRT:utility_desktop.obj
 0001:000117bc       __scrt_get_show_window_mode 00000001800127bc f   MSVCRT:utility_desktop.obj
 0001:000117fc       __scrt_initialize_winrt    00000001800127fc f   MSVCRT:utility_desktop.obj
 0001:00011800       __scrt_is_managed_app      0000000180012800 f   MSVCRT:utility_desktop.obj
 0001:00011854       __scrt_set_unhandled_exception_filter 0000000180012854 f   MSVCRT:utility_desktop.obj
 0001:00011864       __scrt_unhandled_exception_filter 0000000180012864 f   MSVCRT:utility_desktop.obj
 0001:0001189c       _RTC_Initialize            000000018001289c f   MSVCRT:_initsect_.obj
 0001:000118e8       _RTC_Terminate             00000001800128e8 f   MSVCRT:_initsect_.obj
 0001:00011934       _guard_check_icall         0000000180012934 f i MSVCRT:checkcfg.obj
 0001:0001193c       __isa_available_init       000000018001293c f   MSVCRT:_cpu_disp_.obj
 0001:00011b00       __scrt_is_ucrt_dll_in_use  0000000180012b00 f   MSVCRT:ucrt_detection.obj
 0001:00011b0c       _guard_check_icall_nop     0000000180012b0c f i MSVCRT:guard_support.obj
 0001:00011b10       _guard_icall_checks_enforced 0000000180012b10 f i MSVCRT:guard_support.obj
 0001:00011b30       RtlCaptureContext          0000000180012b30 f   kernel32:KERNEL32.dll
 0001:00011b36       RtlLookupFunctionEntry     0000000180012b36 f   kernel32:KERNEL32.dll
 0001:00011b3c       RtlVirtualUnwind           0000000180012b3c f   kernel32:KERNEL32.dll
 0001:00011b42       UnhandledExceptionFilter   0000000180012b42 f   kernel32:KERNEL32.dll
 0001:00011b48       SetUnhandledExceptionFilter 0000000180012b48 f   kernel32:KERNEL32.dll
 0001:00011b4e       GetCurrentProcess          0000000180012b4e f   kernel32:KERNEL32.dll
 0001:00011b54       TerminateProcess           0000000180012b54 f   kernel32:KERNEL32.dll
 0001:00011b5a       IsProcessorFeaturePresent  0000000180012b5a f   kernel32:KERNEL32.dll
 0001:00011b60       QueryPerformanceCounter    0000000180012b60 f   kernel32:KERNEL32.dll
 0001:00011b66       GetCurrentProcessId        0000000180012b66 f   kernel32:KERNEL32.dll
 0001:00011b6c       GetCurrentThreadId         0000000180012b6c f   kernel32:KERNEL32.dll
 0001:00011b72       GetSystemTimeAsFileTime    0000000180012b72 f   kernel32:KERNEL32.dll
 0001:00011b78       DisableThreadLibraryCalls  0000000180012b78 f   kernel32:KERNEL32.dll
 0001:00011b7e       InitializeSListHead        0000000180012b7e f   kernel32:KERNEL32.dll
 0001:00011b84       IsDebuggerPresent          0000000180012b84 f   kernel32:KERNEL32.dll
 0001:00011b8a       GetStartupInfoW            0000000180012b8a f   kernel32:KERNEL32.dll
 0001:00011b90       GetModuleHandleW           0000000180012b90 f   kernel32:KERNEL32.dll
 0001:00011b96       memset                     0000000180012b96 f   vcruntime:VCRUNTIME140.dll
 0001:00011b9c       memcpy                     0000000180012b9c f   vcruntime:VCRUNTIME140.dll
 0001:00011ba2       __telemetry_main_invoke_trigger 0000000180012ba2 f   vcruntime:VCRUNTIME140.dll
 0001:00011ba8       __telemetry_main_return_trigger 0000000180012ba8 f   vcruntime:VCRUNTIME140.dll
 0001:00011bae       __C_specific_handler       0000000180012bae f   vcruntime:VCRUNTIME140.dll
 0001:00011bb4       __std_type_info_destroy_list 0000000180012bb4 f   vcruntime:VCRUNTIME140.dll
 0001:00011bba       strcmp                     0000000180012bba f   ucrt:api-ms-win-crt-string-l1-1-0.dll
 0001:00011bc0       free                       0000000180012bc0 f   ucrt:api-ms-win-crt-heap-l1-1-0.dll
 0001:00011bc6       malloc                     0000000180012bc6 f   ucrt:api-ms-win-crt-heap-l1-1-0.dll
 0001:00011bcc       __stdio_common_vsprintf    0000000180012bcc f   ucrt:api-ms-win-crt-stdio-l1-1-0.dll
 0001:00011bd2       strcat                     0000000180012bd2 f   ucrt:api-ms-win-crt-string-l1-1-0.dll
 0001:00011bd8       strlen                     0000000180012bd8 f   ucrt:api-ms-win-crt-string-l1-1-0.dll
 0001:00011bde       _initterm                  0000000180012bde f   ucrt:api-ms-win-crt-runtime-l1-1-0.dll
 0001:00011be4       _initterm_e                0000000180012be4 f   ucrt:api-ms-win-crt-runtime-l1-1-0.dll
 0001:00011bea       _seh_filter_dll            0000000180012bea f   ucrt:api-ms-win-crt-runtime-l1-1-0.dll
 0001:00011bf0       _initialize_narrow_environment 0000000180012bf0 f   ucrt:api-ms-win-crt-runtime-l1-1-0.dll
 0001:00011bf6       _initialize_onexit_table   0000000180012bf6 f   ucrt:api-ms-win-crt-runtime-l1-1-0.dll
 0001:00011bfc       _register_onexit_function  0000000180012bfc f   ucrt:api-ms-win-crt-runtime-l1-1-0.dll
 0001:00011c02       _execute_onexit_table      0000000180012c02 f   ucrt:api-ms-win-crt-runtime-l1-1-0.dll
 0001:00011c08       _crt_atexit                0000000180012c08 f   ucrt:api-ms-win-crt-runtime-l1-1-0.dll
 0001:00011c0e       _crt_at_quick_exit         0000000180012c0e f   ucrt:api-ms-win-crt-runtime-l1-1-0.dll
 0001:00011c14       _cexit                     0000000180012c14 f   ucrt:api-ms-win-crt-runtime-l1-1-0.dll
 0001:00011c1a       terminate                  0000000180012c1a f   ucrt:api-ms-win-crt-runtime-l1-1-0.dll
 0001:00011c20       __scrt_stub_for_acrt_initialize 0000000180012c20 f   MSVCRT:ucrt_stubs.obj
 0001:00011c20       __vcrt_initialize          0000000180012c20 f   MSVCRT:ucrt_stubs.obj
 0001:00011c20       __acrt_initialize          0000000180012c20 f   MSVCRT:ucrt_stubs.obj
 0001:00011c24       __scrt_stub_for_acrt_thread_attach 0000000180012c24 f   MSVCRT:ucrt_stubs.obj
 0001:00011c24       __vcrt_thread_attach       0000000180012c24 f   MSVCRT:ucrt_stubs.obj
 0001:00011c24       __acrt_thread_attach       0000000180012c24 f   MSVCRT:ucrt_stubs.obj
 0001:00011c28       __scrt_stub_for_acrt_thread_detach 0000000180012c28 f   MSVCRT:ucrt_stubs.obj
 0001:00011c28       __vcrt_thread_detach       0000000180012c28 f   MSVCRT:ucrt_stubs.obj
 0001:00011c28       __acrt_thread_detach       0000000180012c28 f   MSVCRT:ucrt_stubs.obj
 0001:00011c2c       __vcrt_uninitialize        0000000180012c2c f   MSVCRT:ucrt_stubs.obj
 0001:00011c2c       __scrt_stub_for_acrt_uninitialize 0000000180012c2c f   MSVCRT:ucrt_stubs.obj
 0001:00011c2c       __acrt_uninitialize        0000000180012c2c f   MSVCRT:ucrt_stubs.obj
 0001:00011c30       __acrt_uninitialize_critical 0000000180012c30 f   MSVCRT:ucrt_stubs.obj
 0001:00011c30       __scrt_stub_for_acrt_uninitialize_critical 0000000180012c30 f   MSVCRT:ucrt_stubs.obj
 0001:00011c30       __vcrt_uninitialize_critical 0000000180012c30 f   MSVCRT:ucrt_stubs.obj
 0001:00011c34       _is_c_termination_complete 0000000180012c34 f   MSVCRT:ucrt_stubs.obj
 0001:00011c34       __scrt_stub_for_is_c_termination_complete 0000000180012c34 f   MSVCRT:ucrt_stubs.obj
 0001:00011c50       _guard_dispatch_icall_nop  0000000180012c50 f   MSVCRT:_guard_dispatch_.obj
 0002:00000000       __imp_GetCurrentProcess    0000000180013000     kernel32:KERNEL32.dll
 0002:00000008       __imp_RtlCaptureContext    0000000180013008     kernel32:KERNEL32.dll
 0002:00000010       __imp_IsProcessorFeaturePresent 0000000180013010     kernel32:KERNEL32.dll
 0002:00000018       __imp_RtlLookupFunctionEntry 0000000180013018     kernel32:KERNEL32.dll
 0002:00000020       __imp_QueryPerformanceCounter 0000000180013020     kernel32:KERNEL32.dll
 0002:00000028       __imp_GetCurrentProcessId  0000000180013028     kernel32:KERNEL32.dll
 0002:00000030       __imp_GetCurrentThreadId   0000000180013030     kernel32:KERNEL32.dll
 0002:00000038       __imp_GetSystemTimeAsFileTime 0000000180013038     kernel32:KERNEL32.dll
 0002:00000040       __imp_DisableThreadLibraryCalls 0000000180013040     kernel32:KERNEL32.dll
 0002:00000048       __imp_InitializeSListHead  0000000180013048     kernel32:KERNEL32.dll
 0002:00000050       __imp_IsDebuggerPresent    0000000180013050     kernel32:KERNEL32.dll
 0002:00000058       __imp_GetStartupInfoW      0000000180013058     kernel32:KERNEL32.dll
 0002:00000060       __imp_GetModuleHandleW     0000000180013060     kernel32:KERNEL32.dll
 0002:00000068       __imp_TerminateProcess     0000000180013068     kernel32:KERNEL32.dll
 0002:00000070       __imp_RtlVirtualUnwind     0000000180013070     kernel32:KERNEL32.dll
 0002:00000078       __imp_UnhandledExceptionFilter 0000000180013078     kernel32:KERNEL32.dll
 0002:00000080       __imp_SetUnhandledExceptionFilter 0000000180013080     kernel32:KERNEL32.dll
 0002:00000088       \177KERNEL32_NULL_THUNK_DATA 0000000180013088     kernel32:KERNEL32.dll
 0002:00000090       __imp_memset               0000000180013090     vcruntime:VCRUNTIME140.dll
 0002:00000098       __imp___telemetry_main_invoke_trigger 0000000180013098     vcruntime:VCRUNTIME140.dll
 0002:000000a0       __imp___telemetry_main_return_trigger 00000001800130a0     vcruntime:VCRUNTIME140.dll
 0002:000000a8       __imp___std_type_info_destroy_list 00000001800130a8     vcruntime:VCRUNTIME140.dll
 0002:000000b0       __imp___C_specific_handler 00000001800130b0     vcruntime:VCRUNTIME140.dll
 0002:000000b8       __imp_memcpy               00000001800130b8     vcruntime:VCRUNTIME140.dll
 0002:000000c0       \177VCRUNTIME140_NULL_THUNK_DATA 00000001800130c0     vcruntime:VCRUNTIME140.dll
 0002:000000c8       __imp_free                 00000001800130c8     ucrt:api-ms-win-crt-heap-l1-1-0.dll
 0002:000000d0       __imp_malloc               00000001800130d0     ucrt:api-ms-win-crt-heap-l1-1-0.dll
 0002:000000d8       \177api-ms-win-crt-heap-l1-1-0_NULL_THUNK_DATA 00000001800130d8     ucrt:api-ms-win-crt-heap-l1-1-0.dll
 0002:000000e0       __imp__initterm_e          00000001800130e0     ucrt:api-ms-win-crt-runtime-l1-1-0.dll
 0002:000000e8       __imp__initialize_narrow_environment 00000001800130e8     ucrt:api-ms-win-crt-runtime-l1-1-0.dll
 0002:000000f0       __imp__initialize_onexit_table 00000001800130f0     ucrt:api-ms-win-crt-runtime-l1-1-0.dll
 0002:000000f8       __imp__register_onexit_function 00000001800130f8     ucrt:api-ms-win-crt-runtime-l1-1-0.dll
 0002:00000100       __imp__execute_onexit_table 0000000180013100     ucrt:api-ms-win-crt-runtime-l1-1-0.dll
 0002:00000108       __imp__crt_atexit          0000000180013108     ucrt:api-ms-win-crt-runtime-l1-1-0.dll
 0002:00000110       __imp__crt_at_quick_exit   0000000180013110     ucrt:api-ms-win-crt-runtime-l1-1-0.dll
 0002:00000118       __imp__cexit               0000000180013118     ucrt:api-ms-win-crt-runtime-l1-1-0.dll
 0002:00000120       __imp_terminate            0000000180013120     ucrt:api-ms-win-crt-runtime-l1-1-0.dll
 0002:00000128       __imp__initterm            0000000180013128     ucrt:api-ms-win-crt-runtime-l1-1-0.dll
 0002:00000130       __imp__seh_filter_dll      0000000180013130     ucrt:api-ms-win-crt-runtime-l1-1-0.dll
 0002:00000138       \177api-ms-win-crt-runtime-l1-1-0_NULL_THUNK_DATA 0000000180013138     ucrt:api-ms-win-crt-runtime-l1-1-0.dll
 0002:00000140       __imp___stdio_common_vsprintf 0000000180013140     ucrt:api-ms-win-crt-stdio-l1-1-0.dll
 0002:00000148       \177api-ms-win-crt-stdio-l1-1-0_NULL_THUNK_DATA 0000000180013148     ucrt:api-ms-win-crt-stdio-l1-1-0.dll
 0002:00000150       __imp_strlen               0000000180013150     ucrt:api-ms-win-crt-string-l1-1-0.dll
 0002:00000158       __imp_strcat               0000000180013158     ucrt:api-ms-win-crt-string-l1-1-0.dll
 0002:00000160       __imp_strcmp               0000000180013160     ucrt:api-ms-win-crt-string-l1-1-0.dll
 0002:00000168       \177api-ms-win-crt-string-l1-1-0_NULL_THUNK_DATA 0000000180013168     ucrt:api-ms-win-crt-string-l1-1-0.dll
 0002:00000170       __imp_mexIsLocked          0000000180013170     libmex:libmex.dll
 0002:00000178       __imp_mexUnlock            0000000180013178     libmex:libmex.dll
 0002:00000180       __imp_mexLock              0000000180013180     libmex:libmex.dll
 0002:00000188       __imp_mexCallMATLABWithObject 0000000180013188     libmex:libmex.dll
 0002:00000190       __imp_mexWarnMsgTxt        0000000180013190     libmex:libmex.dll
 0002:00000198       __imp_mexErrMsgTxt         0000000180013198     libmex:libmex.dll
 0002:000001a0       __imp_mexMakeArrayPersistent 00000001800131a0     libmex:libmex.dll
 0002:000001a8       \177libmex_NULL_THUNK_DATA 00000001800131a8     libmex:libmex.dll
 0002:000001b0       __imp_mxGetN               00000001800131b0     libmx:libmx.dll
 0002:000001b8       __imp_mxIsComplex          00000001800131b8     libmx:libmx.dll
 0002:000001c0       __imp_mxIsNumeric          00000001800131c0     libmx:libmx.dll
 0002:000001c8       __imp_mxGetClassID         00000001800131c8     libmx:libmx.dll
 0002:000001d0       __imp_mxGetM               00000001800131d0     libmx:libmx.dll
 0002:000001d8       __imp_mxCalloc             00000001800131d8     libmx:libmx.dll
 0002:000001e0       __imp_mxCreateStructArray_730 00000001800131e0     libmx:libmx.dll
 0002:000001e8       __imp_mxCreateStructMatrix_730 00000001800131e8     libmx:libmx.dll
 0002:000001f0       __imp_mxCreateCellArray_730 00000001800131f0     libmx:libmx.dll
 0002:000001f8       __imp_mxCreateCellMatrix_730 00000001800131f8     libmx:libmx.dll
 0002:00000200       __imp_mxCreateString       0000000180013200     libmx:libmx.dll
 0002:00000208       __imp_mxCreateDoubleScalar 0000000180013208     libmx:libmx.dll
 0002:00000210       __imp_mxSetField_730       0000000180013210     libmx:libmx.dll
 0002:00000218       __imp_mxDuplicateArray     0000000180013218     libmx:libmx.dll
 0002:00000220       __imp_mxGetString_730      0000000180013220     libmx:libmx.dll
 0002:00000228       __imp_mxCreateDoubleMatrix_730 0000000180013228     libmx:libmx.dll
 0002:00000230       __imp_mxDestroyArray       0000000180013230     libmx:libmx.dll
 0002:00000238       __imp_mxGetScalar          0000000180013238     libmx:libmx.dll
 0002:00000240       __imp_mxGetPr              0000000180013240     libmx:libmx.dll
 0002:00000248       __imp_mxIsChar             0000000180013248     libmx:libmx.dll
 0002:00000250       \177libmx_NULL_THUNK_DATA  0000000180013250     libmx:libmx.dll
 0002:00000258       __imp_utMalloc             0000000180013258     libut:libut.dll
 0002:00000260       __imp_utFree               0000000180013260     libut:libut.dll
 0002:00000268       \177libut_NULL_THUNK_DATA  0000000180013268     libut:libut.dll
 0002:00000270       __imp_sf_debug_create_debug_instance_struct 0000000180013270     sf_runtime:sf_runtime.dll
 0002:00000278       __imp_sf_clear_error_manager_info 0000000180013278     sf_runtime:sf_runtime.dll
 0002:00000280       __imp_sf_mex_error_direct_call 0000000180013280     sf_runtime:sf_runtime.dll
 0002:00000288       __imp_call_sf_machine_global_method_dispatcher 0000000180013288     sf_runtime:sf_runtime.dll
 0002:00000290       __imp_callMdlMethodAndReportError 0000000180013290     sf_runtime:sf_runtime.dll
 0002:00000298       __imp_sf_set_compiledInfo  0000000180013298     sf_runtime:sf_runtime.dll
 0002:000002a0       __imp_sf_get_isEnhancedMooreMachine 00000001800132a0     sf_runtime:sf_runtime.dll
 0002:000002a8       __imp_sf_get_ChartInfoStruct_CodeGen 00000001800132a8     sf_runtime:sf_runtime.dll
 0002:000002b0       __imp_sf_debug_cv_init_state 00000001800132b0     sf_runtime:sf_runtime.dll
 0002:000002b8       __imp_sf_debug_cv_init_chart 00000001800132b8     sf_runtime:sf_runtime.dll
 0002:000002c0       __imp_sf_debug_cv_init_trans 00000001800132c0     sf_runtime:sf_runtime.dll
 0002:000002c8       __imp_sf_debug_data_range_wrapper 00000001800132c8     sf_runtime:sf_runtime.dll
 0002:000002d0       __imp_sf_debug_terminate   00000001800132d0     sf_runtime:sf_runtime.dll
 0002:000002d8       __imp_sf_debug_set_chart_decomposition 00000001800132d8     sf_runtime:sf_runtime.dll
 0002:000002e0       __imp_sf_debug_set_chart_state_info 00000001800132e0     sf_runtime:sf_runtime.dll
 0002:000002e8       __imp_sf_debug_set_chart_event_thresholds 00000001800132e8     sf_runtime:sf_runtime.dll
 0002:000002f0       __imp_sf_debug_set_chart_disable_implicit_casting 00000001800132f0     sf_runtime:sf_runtime.dll
 0002:000002f8       __imp_sf_debug_set_instance_data_value_ptr 00000001800132f8     sf_runtime:sf_runtime.dll
 0002:00000300       __imp_sf_debug_symbol_scope_add_eml_importable 0000000180013300     sf_runtime:sf_runtime.dll
 0002:00000308       __imp_sf_debug_symbol_scope_add_eml 0000000180013308     sf_runtime:sf_runtime.dll
 0002:00000310       __imp_sf_debug_symbol_scope_pop 0000000180013310     sf_runtime:sf_runtime.dll
 0002:00000318       __imp_sf_debug_symbol_scope_push_eml 0000000180013318     sf_runtime:sf_runtime.dll
 0002:00000320       __imp_sf_debug_symbol_scope_push 0000000180013320     sf_runtime:sf_runtime.dll
 0002:00000328       __imp_sf_debug_set_chart_data_compiled_props 0000000180013328     sf_runtime:sf_runtime.dll
 0002:00000330       __imp_sf_debug_set_chart_data_props 0000000180013330     sf_runtime:sf_runtime.dll
 0002:00000338       __imp_sf_debug_check_for_state_inconsistency 0000000180013338     sf_runtime:sf_runtime.dll
 0002:00000340       __imp_sf_debug_api         0000000180013340     sf_runtime:sf_runtime.dll
 0002:00000348       __imp_sf_debug_set_chart_substate_count 0000000180013348     sf_runtime:sf_runtime.dll
 0002:00000350       __imp_sf_debug_reset_current_state_configuration 0000000180013350     sf_runtime:sf_runtime.dll
 0002:00000358       __imp_cv_eml_init_relational 0000000180013358     sf_runtime:sf_runtime.dll
 0002:00000360       __imp_cv_eml_init_mcdc     0000000180013360     sf_runtime:sf_runtime.dll
 0002:00000368       __imp_cv_eml_init_if       0000000180013368     sf_runtime:sf_runtime.dll
 0002:00000370       __imp_cv_eml_init_fcn      0000000180013370     sf_runtime:sf_runtime.dll
 0002:00000378       __imp_cv_eml_init_script   0000000180013378     sf_runtime:sf_runtime.dll
 0002:00000380       __imp_cv_eval_relational   0000000180013380     sf_runtime:sf_runtime.dll
 0002:00000388       __imp_cv_eml_eval          0000000180013388     sf_runtime:sf_runtime.dll
 0002:00000390       __imp_eml_debug_line_call  0000000180013390     sf_runtime:sf_runtime.dll
 0002:00000398       __imp_sf_debug_call        0000000180013398     sf_runtime:sf_runtime.dll
 0002:000003a0       __imp_sf_debug_initialize_chart 00000001800133a0     sf_runtime:sf_runtime.dll
 0002:000003a8       __imp_sf_integer_check     00000001800133a8     sf_runtime:sf_runtime.dll
 0002:000003b0       __imp_sf_eml_array_bounds_check 00000001800133b0     sf_runtime:sf_runtime.dll
 0002:000003b8       __imp_ssGetOutputPortSignal_wrapper 00000001800133b8     sf_runtime:sf_runtime.dll
 0002:000003c0       __imp_ssGetInputPortSignal_wrapper 00000001800133c0     sf_runtime:sf_runtime.dll
 0002:000003c8       __imp_sf_mex_decode_encoded_mx_struct_array 00000001800133c8     sf_runtime:sf_runtime.dll
 0002:000003d0       __imp_sf_mex_import        00000001800133d0     sf_runtime:sf_runtime.dll
 0002:000003d8       __imp_sf_mex_destroy       00000001800133d8     sf_runtime:sf_runtime.dll
 0002:000003e0       __imp_sf_mex_dup           00000001800133e0     sf_runtime:sf_runtime.dll
 0002:000003e8       __imp_sf_mex_assign        00000001800133e8     sf_runtime:sf_runtime.dll
 0002:000003f0       __imp_sf_mex_getcell       00000001800133f0     sf_runtime:sf_runtime.dll
 0002:000003f8       __imp_sf_mex_setcell       00000001800133f8     sf_runtime:sf_runtime.dll
 0002:00000400       __imp_sf_mex_createcellmatrix 0000000180013400     sf_runtime:sf_runtime.dll
 0002:00000408       __imp_sf_mex_create        0000000180013408     sf_runtime:sf_runtime.dll
 0002:00000410       __imp_sf_mex_error_message 0000000180013410     sf_runtime:sf_runtime.dll
 0002:00000418       __imp_sf_register_codegen_names_for_scoped_functions_defined_by_chart 0000000180013418     sf_runtime:sf_runtime.dll
 0002:00000420       __imp_sf_set_chart_accesses_machine_info 0000000180013420     sf_runtime:sf_runtime.dll
 0002:00000428       __imp_sf_is_first_init_cond 0000000180013428     sf_runtime:sf_runtime.dll
 0002:00000430       __imp_sf_get_time          0000000180013430     sf_runtime:sf_runtime.dll
 0002:00000438       __imp_sf_set_rtw_dwork_info 0000000180013438     sf_runtime:sf_runtime.dll
 0002:00000440       __imp_sf_clear_rtw_identifier 0000000180013440     sf_runtime:sf_runtime.dll
 0002:00000448       __imp_sim_mode_is_modelref_sim 0000000180013448     sf_runtime:sf_runtime.dll
 0002:00000450       __imp_sim_mode_is_external 0000000180013450     sf_runtime:sf_runtime.dll
 0002:00000458       __imp_sim_mode_is_rtw_gen  0000000180013458     sf_runtime:sf_runtime.dll
 0002:00000460       __imp_sf_mark_chart_expressionable_inputs 0000000180013460     sf_runtime:sf_runtime.dll
 0002:00000468       __imp_sf_mark_chart_reusable_outputs 0000000180013468     sf_runtime:sf_runtime.dll
 0002:00000470       __imp_sf_is_chart_inlinable 0000000180013470     sf_runtime:sf_runtime.dll
 0002:00000478       __imp_sf_update_buildInfo  0000000180013478     sf_runtime:sf_runtime.dll
 0002:00000480       __imp_sf_rtw_info_uint_prop 0000000180013480     sf_runtime:sf_runtime.dll
 0002:00000488       __imp_sf_get_chart_instance_ptr 0000000180013488     sf_runtime:sf_runtime.dll
 0002:00000490       __imp_sf_free_ChartRunTimeInfo 0000000180013490     sf_runtime:sf_runtime.dll
 0002:00000498       __imp_sf_init_ChartRunTimeInfo 0000000180013498     sf_runtime:sf_runtime.dll
 0002:000004a0       __imp_sf_debug_set_machine_data_thresholds 00000001800134a0     sf_runtime:sf_runtime.dll
 0002:000004a8       __imp_sf_debug_set_machine_event_thresholds 00000001800134a8     sf_runtime:sf_runtime.dll
 0002:000004b0       __imp_sf_debug_initialize_machine 00000001800134b0     sf_runtime:sf_runtime.dll
 0002:000004b8       __imp_sf_load_rtw_optimization_info 00000001800134b8     sf_runtime:sf_runtime.dll
 0002:000004c0       \177sf_runtime_NULL_THUNK_DATA 00000001800134c0     sf_runtime:sf_runtime.dll
 0002:000004c8       __guard_check_icall_fptr   00000001800134c8     MSVCRT:guard_support.obj
 0002:000004d0       __guard_dispatch_icall_fptr 00000001800134d0     MSVCRT:guard_support.obj
 0002:000004d8       __xc_a                     00000001800134d8     MSVCRT:initializers.obj
 0002:000004e0       __xc_z                     00000001800134e0     MSVCRT:initializers.obj
 0002:000004e8       __xi_a                     00000001800134e8     MSVCRT:initializers.obj
 0002:000004f0       __xi_z                     00000001800134f0     MSVCRT:initializers.obj
 0002:000004f8       __xp_a                     00000001800134f8     MSVCRT:initializers.obj
 0002:00000500       __xp_z                     0000000180013500     MSVCRT:initializers.obj
 0002:00000508       __xt_a                     0000000180013508     MSVCRT:initializers.obj
 0002:00000510       __xt_z                     0000000180013510     MSVCRT:initializers.obj
 0002:00000520       __real@41b328257b000000    0000000180013520     CL_pi_Mutants_sfun.obj
 0002:00000528       __real@41b9247a8d000000    0000000180013528     CL_pi_Mutants_sfun.obj
 0002:00000530       __real@41be3ccba9000000    0000000180013530     CL_pi_Mutants_sfun.obj
 0002:00000538       __real@41cb22e5a9800000    0000000180013538     CL_pi_Mutants_sfun.obj
 0002:00000540       __real@41d91ec17e800000    0000000180013540     CL_pi_Mutants_sfun.obj
 0002:00000548       __real@41dc1e2814c00000    0000000180013548     CL_pi_Mutants_sfun.obj
 0002:00000550       __real@41dfc40846c00000    0000000180013550     CL_pi_Mutants_sfun.obj
 0002:00000558       __real@41e23bbe6bc00000    0000000180013558     CL_pi_Mutants_sfun.obj
 0002:00000560       __real@41ed15af76800000    0000000180013560     CL_pi_Mutants_sfun.obj
 0002:00000568       __real@41eede1401a00000    0000000180013568     CL_pi_Mutants_sfun.obj
 0002:00000570       __real@41ef7a3638200000    0000000180013570     CL_pi_Mutants_sfun.obj
 0002:00000578       __real@41efa07bf5e00000    0000000180013578     CL_pi_Mutants_sfun.obj
 0002:00000580       __real@3ff0000000000000    0000000180013580     c1_CL_pi_Mutants.obj
 0002:00000588       __real@4010000000000000    0000000180013588     c1_CL_pi_Mutants.obj
 0002:00000590       __real@4014000000000000    0000000180013590     c1_CL_pi_Mutants.obj
 0002:00000598       __real@4018000000000000    0000000180013598     c1_CL_pi_Mutants.obj
 0002:000005a0       __real@4020000000000000    00000001800135a0     c1_CL_pi_Mutants.obj
 0002:000005a8       __real@4024000000000000    00000001800135a8     c1_CL_pi_Mutants.obj
 0002:000005b0       __real@405e000000000000    00000001800135b0     c1_CL_pi_Mutants.obj
 0002:000005b8       __real@41c0d5a8ee000000    00000001800135b8     c1_CL_pi_Mutants.obj
 0002:000005c0       __real@41d093846a000000    00000001800135c0     c1_CL_pi_Mutants.obj
 0002:000005c8       __real@41d35f5082c00000    00000001800135c8     c1_CL_pi_Mutants.obj
 0002:000005d0       __real@41e726be3a000000    00000001800135d0     c1_CL_pi_Mutants.obj
 0002:000005e0       DYNAMIC_DIMENSION_DEF      00000001800135e0     CL_pi_Mutants_sfun_registry.obj
 0002:00000600       _ssBadLevel2InputAccessMsg 0000000180013600     CL_pi_Mutants_sfun_registry.obj
 0002:00000790       _ssBadLevel2ReusableInputAccessMsg 0000000180013790     CL_pi_Mutants_sfun_registry.obj
 0002:00000890       _ssBadLevel2DirectFeedMsg  0000000180013890     CL_pi_Mutants_sfun_registry.obj
 0002:000009d0       _ssBadLevel2DirectFeedSolutionMsg 00000001800139d0     CL_pi_Mutants_sfun_registry.obj
 0002:00000a40       _ssBadLevel2ZeroDirectFeedMsg 0000000180013a40     CL_pi_Mutants_sfun_registry.obj
 0002:00000b80       _ssBadLevel2ZeroDirectFeedMsg2 0000000180013b80     CL_pi_Mutants_sfun_registry.obj
 0002:00000c68       __real@0000000000000000    0000000180013c68     CL_pi_Mutants_sfun_registry.obj
 0002:00000c70       __real@41602cbca0000000    0000000180013c70     CL_pi_Mutants_sfun_registry.obj
 0002:00000c78       __real@bff0000000000000    0000000180013c78     CL_pi_Mutants_sfun_registry.obj
 0002:00000c90       _pRawDllMain               0000000180013c90     MSVCRT:dll_dllmain.obj
 0002:00000c90       _pDefaultRawDllMain        0000000180013c90     MSVCRT:dll_dllmain.obj
 0002:00000cc0       _load_config_used          0000000180013cc0     MSVCRT:loadcfg.obj
 0002:00000f70       __rtc_iaa                  0000000180013f70     MSVCRT:_initsect_.obj
 0002:00000f78       __rtc_izz                  0000000180013f78     MSVCRT:_initsect_.obj
 0002:00000f80       __rtc_taa                  0000000180013f80     MSVCRT:_initsect_.obj
 0002:00000f88       __rtc_tzz                  0000000180013f88     MSVCRT:_initsect_.obj
 0002:00001868       __IMPORT_DESCRIPTOR_sf_runtime 0000000180014868     sf_runtime:sf_runtime.dll
 0002:0000187c       __IMPORT_DESCRIPTOR_libmx  000000018001487c     libmx:libmx.dll
 0002:00001890       __IMPORT_DESCRIPTOR_libmex 0000000180014890     libmex:libmex.dll
 0002:000018a4       __IMPORT_DESCRIPTOR_libut  00000001800148a4     libut:libut.dll
 0002:000018b8       __IMPORT_DESCRIPTOR_KERNEL32 00000001800148b8     kernel32:KERNEL32.dll
 0002:000018cc       __IMPORT_DESCRIPTOR_VCRUNTIME140 00000001800148cc     vcruntime:VCRUNTIME140.dll
 0002:000018e0       __IMPORT_DESCRIPTOR_api-ms-win-crt-string-l1-1-0 00000001800148e0     ucrt:api-ms-win-crt-string-l1-1-0.dll
 0002:000018f4       __IMPORT_DESCRIPTOR_api-ms-win-crt-heap-l1-1-0 00000001800148f4     ucrt:api-ms-win-crt-heap-l1-1-0.dll
 0002:00001908       __IMPORT_DESCRIPTOR_api-ms-win-crt-stdio-l1-1-0 0000000180014908     ucrt:api-ms-win-crt-stdio-l1-1-0.dll
 0002:0000191c       __IMPORT_DESCRIPTOR_api-ms-win-crt-runtime-l1-1-0 000000018001491c     ucrt:api-ms-win-crt-runtime-l1-1-0.dll
 0002:00001930       __NULL_IMPORT_DESCRIPTOR   0000000180014930     sf_runtime:sf_runtime.dll
 0003:00002210       DYNAMIC_DIMENSION          0000000180018210     CL_pi_Mutants_sfun_registry.obj
 0003:00002220       __security_cookie          0000000180018220     MSVCRT:gs_cookie.obj
 0003:00002228       __security_cookie_complement 0000000180018228     MSVCRT:gs_cookie.obj
 0003:00002230       _fltused                   0000000180018230     MSVCRT:dllsupp.obj
 0003:00002240       __scrt_native_dllmain_reason 0000000180018240     MSVCRT:utility.obj
 0003:00002248       __isa_available            0000000180018248     MSVCRT:_cpu_disp_.obj
 0003:0000224c       __isa_enabled              000000018001824c     MSVCRT:_cpu_disp_.obj
 0003:00002250       __memcpy_nt_iters          0000000180018250     MSVCRT:_cpu_disp_.obj
 0003:00002260       __scrt_ucrt_dll_is_in_use  0000000180018260     MSVCRT:ucrt_stubs.obj
 0003:00002290       sfGlobalDebugInstanceStruct 0000000180018290     CL_pi_Mutants_sfun_registry.obj
 0003:000028e8       __scrt_current_native_startup_state 00000001800188e8     MSVCRT:utility.obj
 0003:000028f0       __scrt_native_startup_lock 00000001800188f0     MSVCRT:utility.obj
 0003:00002930       ?__type_info_root_node@@3U__type_info_node@@A 0000000180018930     MSVCRT:tncleanup.obj
 0003:00002940       ?_OptionsStorage@?1??__local_stdio_printf_options@@9@4_KA 0000000180018940     MSVCRT:default_local_stdio_options.obj
 0003:00002948       ?_OptionsStorage@?1??__local_stdio_scanf_options@@9@4_KA 0000000180018948     MSVCRT:default_local_stdio_options.obj
 0003:00002950       __scrt_debugger_hook_flag  0000000180018950     MSVCRT:utility_desktop.obj
 0003:00002954       __favor                    0000000180018954     MSVCRT:_cpu_disp_.obj
 0003:00002958       ?_OptionsStorage@?1??__local_stdio_printf_options@@9@9 0000000180018958     <common>
 0003:00002960       _CL_pi_MutantsMachineNumber_ 0000000180018960     <common>
 0003:00002968       __dyn_tls_init_callback    0000000180018968     <common>

 entry point at        0001:00011048

 Static symbols

 0000:00000000       .debug$S                   0000000180000000     sf_runtime:sf_runtime.dll
 0000:00000000       .debug$S                   0000000180000000     CL_pi_Mutants_sfun.exp
 0000:00000000       .debug$S                   0000000180000000     sf_runtime:sf_runtime.dll
 0000:00000000       .debug$S                   0000000180000000     sf_runtime:sf_runtime.dll
 0000:00000000       .debug$S                   0000000180000000     sf_runtime:sf_runtime.dll
 0000:00000000       .debug$S                   0000000180000000     sf_runtime:sf_runtime.dll
 0000:00000000       .debug$S                   0000000180000000     sf_runtime:sf_runtime.dll
 0000:00000000       .debug$S                   0000000180000000     ucrt:api-ms-win-crt-heap-l1-1-0.dll
 0000:00000000       .debug$S                   0000000180000000     ucrt:api-ms-win-crt-heap-l1-1-0.dll
 0000:00000000       .debug$S                   0000000180000000     ucrt:api-ms-win-crt-runtime-l1-1-0.dll
 0000:00000000       .debug$S                   0000000180000000     ucrt:api-ms-win-crt-runtime-l1-1-0.dll
 0000:00000000       .debug$S                   0000000180000000     ucrt:api-ms-win-crt-runtime-l1-1-0.dll
 0000:00000000       .debug$S                   0000000180000000     ucrt:api-ms-win-crt-runtime-l1-1-0.dll
 0000:00000000       .debug$S                   0000000180000000     ucrt:api-ms-win-crt-runtime-l1-1-0.dll
 0000:00000000       .debug$S                   0000000180000000     ucrt:api-ms-win-crt-runtime-l1-1-0.dll
 0000:00000000       .debug$S                   0000000180000000     ucrt:api-ms-win-crt-runtime-l1-1-0.dll
 0000:00000000       .debug$S                   0000000180000000     ucrt:api-ms-win-crt-runtime-l1-1-0.dll
 0000:00000000       .debug$S                   0000000180000000     ucrt:api-ms-win-crt-runtime-l1-1-0.dll
 0000:00000000       .debug$S                   0000000180000000     ucrt:api-ms-win-crt-runtime-l1-1-0.dll
 0000:00000000       .debug$S                   0000000180000000     ucrt:api-ms-win-crt-runtime-l1-1-0.dll
 0000:00000000       .debug$S                   0000000180000000     ucrt:api-ms-win-crt-stdio-l1-1-0.dll
 0000:00000000       .debug$S                   0000000180000000     sf_runtime:sf_runtime.dll
 0000:00000000       .debug$S                   0000000180000000     ucrt:api-ms-win-crt-string-l1-1-0.dll
 0000:00000000       .debug$S                   0000000180000000     ucrt:api-ms-win-crt-string-l1-1-0.dll
 0000:00000000       .debug$S                   0000000180000000     ucrt:api-ms-win-crt-string-l1-1-0.dll
 0000:00000000       .debug$S                   0000000180000000     sf_runtime:sf_runtime.dll
 0000:00000000       .debug$S                   0000000180000000     vcruntime:VCRUNTIME140.dll
 0000:00000000       .debug$S                   0000000180000000     vcruntime:VCRUNTIME140.dll
 0000:00000000       .debug$S                   0000000180000000     vcruntime:VCRUNTIME140.dll
 0000:00000000       .debug$S                   0000000180000000     vcruntime:VCRUNTIME140.dll
 0000:00000000       .debug$S                   0000000180000000     vcruntime:VCRUNTIME140.dll
 0000:00000000       .debug$S                   0000000180000000     vcruntime:VCRUNTIME140.dll
 0000:00000000       .debug$S                   0000000180000000     sf_runtime:sf_runtime.dll
 0000:00000000       .debug$S                   0000000180000000     kernel32:KERNEL32.dll
 0000:00000000       .debug$S                   0000000180000000     kernel32:KERNEL32.dll
 0000:00000000       .debug$S                   0000000180000000     kernel32:KERNEL32.dll
 0000:00000000       .debug$S                   0000000180000000     kernel32:KERNEL32.dll
 0000:00000000       .debug$S                   0000000180000000     kernel32:KERNEL32.dll
 0000:00000000       .debug$S                   0000000180000000     kernel32:KERNEL32.dll
 0000:00000000       .debug$S                   0000000180000000     kernel32:KERNEL32.dll
 0000:00000000       .debug$S                   0000000180000000     kernel32:KERNEL32.dll
 0000:00000000       .debug$S                   0000000180000000     kernel32:KERNEL32.dll
 0000:00000000       .debug$S                   0000000180000000     kernel32:KERNEL32.dll
 0000:00000000       .debug$S                   0000000180000000     kernel32:KERNEL32.dll
 0000:00000000       .debug$S                   0000000180000000     kernel32:KERNEL32.dll
 0000:00000000       .debug$S                   0000000180000000     kernel32:KERNEL32.dll
 0000:00000000       .debug$S                   0000000180000000     kernel32:KERNEL32.dll
 0000:00000000       .debug$S                   0000000180000000     kernel32:KERNEL32.dll
 0000:00000000       .debug$S                   0000000180000000     kernel32:KERNEL32.dll
 0000:00000000       .debug$S                   0000000180000000     kernel32:KERNEL32.dll
 0000:00000000       .debug$S                   0000000180000000     sf_runtime:sf_runtime.dll
 0000:00000000       .debug$S                   0000000180000000     sf_runtime:sf_runtime.dll
 0002:fffed000       __guard_fids___scrt_set_unhandled_exception_filter 0000000180000000     MSVCRT:utility_desktop.obj
 0000:00000000       .debug$S                   0000000180000000     sf_runtime:sf_runtime.dll
 0000:00000000       .debug$S                   0000000180000000     sf_runtime:sf_runtime.dll
 0000:00000000       .debug$S                   0000000180000000     sf_runtime:sf_runtime.dll
 0000:00000000       .debug$S                   0000000180000000     sf_runtime:sf_runtime.dll
 0000:00000000       .debug$S                   0000000180000000     sf_runtime:sf_runtime.dll
 0000:00000000       .debug$S                   0000000180000000     sf_runtime:sf_runtime.dll
 0000:00000000       .debug$S                   0000000180000000     sf_runtime:sf_runtime.dll
 0000:00000000       .debug$S                   0000000180000000     sf_runtime:sf_runtime.dll
 0000:00000000       .debug$S                   0000000180000000     sf_runtime:sf_runtime.dll
 0000:00000000       .debug$S                   0000000180000000     sf_runtime:sf_runtime.dll
 0000:00000000       .debug$S                   0000000180000000     sf_runtime:sf_runtime.dll
 0000:00000000       .debug$S                   0000000180000000     sf_runtime:sf_runtime.dll
 0000:00000000       .debug$S                   0000000180000000     sf_runtime:sf_runtime.dll
 0000:00000000       .debug$S                   0000000180000000     sf_runtime:sf_runtime.dll
 0000:00000000       .debug$S                   0000000180000000     sf_runtime:sf_runtime.dll
 0000:00000000       .debug$S                   0000000180000000     sf_runtime:sf_runtime.dll
 0000:00000000       .debug$S                   0000000180000000     sf_runtime:sf_runtime.dll
 0000:00000000       .debug$S                   0000000180000000     sf_runtime:sf_runtime.dll
 0000:00000000       .debug$S                   0000000180000000     sf_runtime:sf_runtime.dll
 0000:00000000       .debug$S                   0000000180000000     sf_runtime:sf_runtime.dll
 0000:00000000       .debug$S                   0000000180000000     sf_runtime:sf_runtime.dll
 0000:00000000       .debug$S                   0000000180000000     sf_runtime:sf_runtime.dll
 0000:00000000       .debug$S                   0000000180000000     sf_runtime:sf_runtime.dll
 0000:00000000       .debug$S                   0000000180000000     sf_runtime:sf_runtime.dll
 0000:00000000       .debug$S                   0000000180000000     sf_runtime:sf_runtime.dll
 0002:fffed000       __guard_fids_?dllmain_dispatch@@YAHQEAUHINSTANCE__@@KQEAX@Z 0000000180000000     MSVCRT:dll_dllmain.obj
 0000:00000000       .debug$S                   0000000180000000     sf_runtime:sf_runtime.dll
 0000:00000000       .debug$S                   0000000180000000     sf_runtime:sf_runtime.dll
 0000:00000000       .debug$S                   0000000180000000     sf_runtime:sf_runtime.dll
 0000:00000000       .debug$S                   0000000180000000     sf_runtime:sf_runtime.dll
 0000:00000000       .debug$S                   0000000180000000     sf_runtime:sf_runtime.dll
 0000:00000000       .debug$S                   0000000180000000     sf_runtime:sf_runtime.dll
 0002:fffed000       __guard_fids_?dllmain_crt_process_attach@@YAHQEAUHINSTANCE__@@QEAX@Z 0000000180000000     MSVCRT:dll_dllmain.obj
 0000:00000000       .debug$S                   0000000180000000     sf_runtime:sf_runtime.dll
 0000:00000000       .debug$S                   0000000180000000     sf_runtime:sf_runtime.dll
 0000:00000000       .debug$S                   0000000180000000     sf_runtime:sf_runtime.dll
 0000:00000000       .debug$S                   0000000180000000     sf_runtime:sf_runtime.dll
 0000:00000000       .debug$S                   0000000180000000     sf_runtime:sf_runtime.dll
 0000:00000000       .debug$S                   0000000180000000     sf_runtime:sf_runtime.dll
 0000:00000000       .debug$S                   0000000180000000     sf_runtime:sf_runtime.dll
 0000:00000000       .debug$S                   0000000180000000     sf_runtime:sf_runtime.dll
 0000:00000000       .debug$S                   0000000180000000     sf_runtime:sf_runtime.dll
 0002:fffed000       __guard_fids__guard_icall_checks_enforced 0000000180000000     MSVCRT:guard_support.obj
 0002:fffed000       __guard_fids__             0000000180000000     MSVCRT:guard_support.obj
 0000:00000000       .debug$S                   0000000180000000     sf_runtime:sf_runtime.dll
 0000:00000000       .debug$S                   0000000180000000     sf_runtime:sf_runtime.dll
 0000:00000000       .debug$S                   0000000180000000     sf_runtime:sf_runtime.dll
 0000:00000000       .debug$S                   0000000180000000     sf_runtime:sf_runtime.dll
 0000:00000000       .debug$S                   0000000180000000     sf_runtime:sf_runtime.dll
 0000:00000000       .debug$S                   0000000180000000     sf_runtime:sf_runtime.dll
 0000:00000000       .debug$S                   0000000180000000     sf_runtime:sf_runtime.dll
 0000:00000000       .debug$S                   0000000180000000     sf_runtime:sf_runtime.dll
 0000:00000000       .debug$S                   0000000180000000     sf_runtime:sf_runtime.dll
 0000:00000000       .debug$S                   0000000180000000     sf_runtime:sf_runtime.dll
 0000:00000000       .debug$S                   0000000180000000     sf_runtime:sf_runtime.dll
 0000:00000000       .debug$S                   0000000180000000     sf_runtime:sf_runtime.dll
 0000:00000000       .debug$S                   0000000180000000     sf_runtime:sf_runtime.dll
 0000:00000000       .debug$S                   0000000180000000     sf_runtime:sf_runtime.dll
 0000:00000000       .debug$S                   0000000180000000     sf_runtime:sf_runtime.dll
 0000:00000000       .debug$S                   0000000180000000     sf_runtime:sf_runtime.dll
 0000:00000000       .debug$S                   0000000180000000     sf_runtime:sf_runtime.dll
 0000:00000000       .debug$S                   0000000180000000     sf_runtime:sf_runtime.dll
 0000:00000000       .debug$S                   0000000180000000     sf_runtime:sf_runtime.dll
 0000:00000000       .debug$S                   0000000180000000     sf_runtime:sf_runtime.dll
 0000:00000000       .debug$S                   0000000180000000     sf_runtime:sf_runtime.dll
 0000:00000000       .debug$S                   0000000180000000     sf_runtime:sf_runtime.dll
 0000:00000000       .debug$S                   0000000180000000     sf_runtime:sf_runtime.dll
 0000:00000000       .debug$S                   0000000180000000     libmx:libmx.dll
 0000:00000000       .debug$S                   0000000180000000     libmx:libmx.dll
 0000:00000000       .debug$S                   0000000180000000     libmx:libmx.dll
 0000:00000000       .debug$S                   0000000180000000     libmx:libmx.dll
 0000:00000000       .debug$S                   0000000180000000     libmx:libmx.dll
 0000:00000000       .debug$S                   0000000180000000     libmx:libmx.dll
 0000:00000000       .debug$S                   0000000180000000     libmx:libmx.dll
 0000:00000000       .debug$S                   0000000180000000     libmx:libmx.dll
 0000:00000000       .debug$S                   0000000180000000     libmx:libmx.dll
 0000:00000000       .debug$S                   0000000180000000     libmx:libmx.dll
 0000:00000000       .debug$S                   0000000180000000     libmx:libmx.dll
 0000:00000000       .debug$S                   0000000180000000     libmx:libmx.dll
 0000:00000000       .debug$S                   0000000180000000     libmx:libmx.dll
 0000:00000000       .debug$S                   0000000180000000     libmx:libmx.dll
 0000:00000000       .debug$S                   0000000180000000     libmx:libmx.dll
 0000:00000000       .debug$S                   0000000180000000     libmx:libmx.dll
 0000:00000000       .debug$S                   0000000180000000     libmx:libmx.dll
 0000:00000000       .debug$S                   0000000180000000     libmx:libmx.dll
 0000:00000000       .debug$S                   0000000180000000     libmx:libmx.dll
 0000:00000000       .debug$S                   0000000180000000     libmx:libmx.dll
 0000:00000000       .debug$S                   0000000180000000     libmex:libmex.dll
 0000:00000000       .debug$S                   0000000180000000     libmex:libmex.dll
 0000:00000000       .debug$S                   0000000180000000     libmex:libmex.dll
 0000:00000000       .debug$S                   0000000180000000     libmex:libmex.dll
 0000:00000000       .debug$S                   0000000180000000     libmex:libmex.dll
 0000:00000000       .debug$S                   0000000180000000     libmex:libmex.dll
 0000:00000000       .debug$S                   0000000180000000     libmex:libmex.dll
 0000:00000000       .debug$S                   0000000180000000     libut:libut.dll
 0000:00000000       .debug$S                   0000000180000000     libut:libut.dll
 0001:00001160       chart_debug_initialization 0000000180002160 f   c1_CL_pi_Mutants.obj
 0001:000028c0       chart_debug_initialize_data_addresses 00000001800038c0 f   c1_CL_pi_Mutants.obj
 0001:00002d90       initialize_c1_CL_pi_Mutants 0000000180003d90 f   c1_CL_pi_Mutants.obj
 0001:00002e00       initialize_params_c1_CL_pi_Mutants 0000000180003e00 f   c1_CL_pi_Mutants.obj
 0001:00002e10       enable_c1_CL_pi_Mutants    0000000180003e10 f   c1_CL_pi_Mutants.obj
 0001:00002e40       disable_c1_CL_pi_Mutants   0000000180003e40 f   c1_CL_pi_Mutants.obj
 0001:00002e70       c1_update_debugger_state_c1_CL_pi_Mutants 0000000180003e70 f   c1_CL_pi_Mutants.obj
 0001:00002e80       get_sim_state_c1_CL_pi_Mutants 0000000180003e80 f   c1_CL_pi_Mutants.obj
 0001:00003220       set_sim_state_c1_CL_pi_Mutants 0000000180004220 f   c1_CL_pi_Mutants.obj
 0001:00003400       finalize_c1_CL_pi_Mutants  0000000180004400 f   c1_CL_pi_Mutants.obj
 0001:00003410       sf_gateway_c1_CL_pi_Mutants 0000000180004410 f   c1_CL_pi_Mutants.obj
 0001:00005730       mdl_start_c1_CL_pi_Mutants 0000000180006730 f   c1_CL_pi_Mutants.obj
 0001:00005740       initSimStructsc1_CL_pi_Mutants 0000000180006740 f   c1_CL_pi_Mutants.obj
 0001:00005750       init_script_number_translation 0000000180006750 f   c1_CL_pi_Mutants.obj
 0001:00005770       c1_sf_marshallOut          0000000180006770 f   c1_CL_pi_Mutants.obj
 0001:00005820       c1_emlrt_marshallIn        0000000180006820 f   c1_CL_pi_Mutants.obj
 0001:00005890       c1_b_emlrt_marshallIn      0000000180006890 f   c1_CL_pi_Mutants.obj
 0001:00005920       c1_sf_marshallIn           0000000180006920 f   c1_CL_pi_Mutants.obj
 0001:000059d0       c1_b_sf_marshallOut        00000001800069d0 f   c1_CL_pi_Mutants.obj
 0001:00005a80       c1_c_emlrt_marshallIn      0000000180006a80 f   c1_CL_pi_Mutants.obj
 0001:00005af0       c1_d_emlrt_marshallIn      0000000180006af0 f   c1_CL_pi_Mutants.obj
 0001:00005b80       c1_b_sf_marshallIn         0000000180006b80 f   c1_CL_pi_Mutants.obj
 0001:00005c30       c1_c_sf_marshallOut        0000000180006c30 f   c1_CL_pi_Mutants.obj
 0001:00005da0       c1_d_sf_marshallOut        0000000180006da0 f   c1_CL_pi_Mutants.obj
 0001:00005eb0       c1_e_sf_marshallOut        0000000180006eb0 f   c1_CL_pi_Mutants.obj
 0001:00005fc0       c1_f_emlrt_marshallIn      0000000180006fc0 f   c1_CL_pi_Mutants.obj
 0001:00006030       c1_g_emlrt_marshallIn      0000000180007030 f   c1_CL_pi_Mutants.obj
 0001:000060c0       init_dsm_address_info      00000001800070c0 f   c1_CL_pi_Mutants.obj
 0001:000060d0       init_simulink_io_address   00000001800070d0 f   c1_CL_pi_Mutants.obj
 0001:00007b60       sf_get_sim_state_info_c1_CL_pi_Mutants 0000000180008b60 f   c1_CL_pi_Mutants.obj
 0001:00007c30       sf_get_instance_specialization 0000000180008c30 f   c1_CL_pi_Mutants.obj
 0001:00007c40       sf_opaque_initialize_c1_CL_pi_Mutants 0000000180008c40 f   c1_CL_pi_Mutants.obj
 0001:00007c80       sf_opaque_enable_c1_CL_pi_Mutants 0000000180008c80 f   c1_CL_pi_Mutants.obj
 0001:00007ca0       sf_opaque_disable_c1_CL_pi_Mutants 0000000180008ca0 f   c1_CL_pi_Mutants.obj
 0001:00007cc0       sf_opaque_gateway_c1_CL_pi_Mutants 0000000180008cc0 f   c1_CL_pi_Mutants.obj
 0001:00007ce0       sf_opaque_get_sim_state_c1_CL_pi_Mutants 0000000180008ce0 f   c1_CL_pi_Mutants.obj
 0001:00007d10       sf_opaque_set_sim_state_c1_CL_pi_Mutants 0000000180008d10 f   c1_CL_pi_Mutants.obj
 0001:00007d40       sf_opaque_terminate_c1_CL_pi_Mutants 0000000180008d40 f   c1_CL_pi_Mutants.obj
 0001:00007de0       mdlProcessParameters_c1_CL_pi_Mutants 0000000180008de0 f   c1_CL_pi_Mutants.obj
 0001:00007ea0       mdlSetWorkWidths_c1_CL_pi_Mutants 0000000180008ea0 f   c1_CL_pi_Mutants.obj
 0001:00008730       mdlRTW_c1_CL_pi_Mutants    0000000180009730 f   c1_CL_pi_Mutants.obj
 0001:00008770       mdlStart_c1_CL_pi_Mutants  0000000180009770 f   c1_CL_pi_Mutants.obj
 0001:00009cb8       $LN120                     000000018000acb8     CL_pi_Mutants_sfun_registry.obj
 0001:0000bd34       $LN17                      000000018000cd34     CL_pi_Mutants_sfun_registry.obj
 0001:0000c2bc       $LN26                      000000018000d2bc     CL_pi_Mutants_sfun_registry.obj
 0001:0000c9a4       $LN23                      000000018000d9a4     CL_pi_Mutants_sfun_registry.obj
 0001:0000cf74       $LN26                      000000018000df74     CL_pi_Mutants_sfun_registry.obj
 0001:0000eb80       sf_debug_api_wrapper       000000018000fb80 f   CL_pi_Mutants_sfun_registry.obj
 0001:0000ebd0       ProcessMexSfunctionCmdLineCall 000000018000fbd0 f   CL_pi_Mutants_sfun_registry.obj
 0001:0000ef40       mdlSetWorkWidths           000000018000ff40 f   CL_pi_Mutants_sfun_registry.obj
 0001:0000ef70       mdlProcessParameters       000000018000ff70 f   CL_pi_Mutants_sfun_registry.obj
 0001:0000efa0       mdl_start_processing       000000018000ffa0 f   CL_pi_Mutants_sfun_registry.obj
 0001:0000f050       mdl_terminate_processing   0000000180010050 f   CL_pi_Mutants_sfun_registry.obj
 0001:0000f0e0       mdlStart                   00000001800100e0 f   CL_pi_Mutants_sfun_registry.obj
 0001:0000f110       mdlTerminate               0000000180010110 f   CL_pi_Mutants_sfun_registry.obj
 0001:0000f140       mdlInitializeSizes         0000000180010140 f   CL_pi_Mutants_sfun_registry.obj
 0001:0000f170       mdlInitializeSampleTimes   0000000180010170 f   CL_pi_Mutants_sfun_registry.obj
 0001:0000f1a0       mdl_outputs_continuous_legacy 00000001800101a0 f   CL_pi_Mutants_sfun_registry.obj
 0001:0000f2a0       mdl_outputs_processing     00000001800102a0 f   CL_pi_Mutants_sfun_registry.obj
 0001:0000f3c0       mdl_zeroCrossings_processing 00000001800103c0 f   CL_pi_Mutants_sfun_registry.obj
 0001:0000f400       mdlZeroCrossings           0000000180010400 f   CL_pi_Mutants_sfun_registry.obj
 0001:0000f430       mdl_derivatives_processing 0000000180010430 f   CL_pi_Mutants_sfun_registry.obj
 0001:0000f480       mdlDerivatives             0000000180010480 f   CL_pi_Mutants_sfun_registry.obj
 0001:0000f4b0       mdl_initialize_conditions_processing 00000001800104b0 f   CL_pi_Mutants_sfun_registry.obj
 0001:0000f500       mdlInitializeConditions    0000000180010500 f   CL_pi_Mutants_sfun_registry.obj
 0001:0000f530       mdl_ext_mode_exec_processing 0000000180010530 f   CL_pi_Mutants_sfun_registry.obj
 0001:0000f570       mdlExtModeExec             0000000180010570 f   CL_pi_Mutants_sfun_registry.obj
 0001:0000f5a0       mdlRTW                     00000001800105a0 f   CL_pi_Mutants_sfun_registry.obj
 0001:0000f5e0       mdl_enable_processing      00000001800105e0 f   CL_pi_Mutants_sfun_registry.obj
 0001:0000f620       mdlEnable                  0000000180010620 f   CL_pi_Mutants_sfun_registry.obj
 0001:0000f650       mdl_disable_processing     0000000180010650 f   CL_pi_Mutants_sfun_registry.obj
 0001:0000f690       mdlDisable                 0000000180010690 f   CL_pi_Mutants_sfun_registry.obj
 0001:0000f6c0       mdlOutputs                 00000001800106c0 f   CL_pi_Mutants_sfun_registry.obj
 0001:0000f6f0       mdl_update_processing      00000001800106f0 f   CL_pi_Mutants_sfun_registry.obj
 0001:0000f740       mdlUpdate                  0000000180010740 f   CL_pi_Mutants_sfun_registry.obj
 0001:0000f920       mdlGetTimeOfNextVarHit     0000000180010920 f   CL_pi_Mutants_sfun_registry.obj
 0001:0000f970       _RegNumInputPortsCB        0000000180010970 f   CL_pi_Mutants_sfun_registry.obj
 0001:0000f9f0       _RegNumOutputPortsCB       00000001800109f0 f   CL_pi_Mutants_sfun_registry.obj
 0001:0000fa70       _CreateSimStruct           0000000180010a70 f   CL_pi_Mutants_sfun_registry.obj
 0001:0000fc50       _ssFatalError              0000000180010c50 f   CL_pi_Mutants_sfun_registry.obj
 0001:0000fd20       _ProcessMexSfunctionCmdLineCall 0000000180010d20 f   CL_pi_Mutants_sfun_registry.obj
 0001:00010ad4       capture_current_context    0000000180011ad4 f   MSVCRT:gs_report.obj
 0001:00010b44       capture_previous_context   0000000180011b44 f   MSVCRT:gs_report.obj
 0001:00010c40       $$000000                   0000000180011c40     MSVCRT:_amdsecgs_.obj
 0001:00010c80       $$000000                   0000000180011c80     MSVCRT:_chkstk_.obj
 0001:00010ce4       ?dllmain_crt_dispatch@@YAHQEAUHINSTANCE__@@KQEAX@Z 0000000180011ce4 f   MSVCRT:dll_dllmain.obj
 0001:00010d34       ?dllmain_crt_process_attach@@YAHQEAUHINSTANCE__@@QEAX@Z 0000000180011d34 f   MSVCRT:dll_dllmain.obj
 0001:00010e60       ?dllmain_crt_process_detach@@YAH_N@Z 0000000180011e60 f   MSVCRT:dll_dllmain.obj
 0001:00010ee4       ?dllmain_dispatch@@YAHQEAUHINSTANCE__@@KQEAX@Z 0000000180011ee4 f   MSVCRT:dll_dllmain.obj
 0001:00010fec       ?dllmain_raw@@YAHQEAUHINSTANCE__@@KQEAX@Z 0000000180011fec f   MSVCRT:dll_dllmain.obj
[...]
 0004:00000120       $pdata$c1_sf_marshallIn    0000000180019120     c1_CL_pi_Mutants.obj
 0004:0000012c       $pdata$c1_b_sf_marshallOut 000000018001912c     c1_CL_pi_Mutants.obj
 0004:00000138       $pdata$c1_c_emlrt_marshallIn 0000000180019138     c1_CL_pi_Mutants.obj
 0004:00000144       $pdata$c1_d_emlrt_marshallIn 0000000180019144     c1_CL_pi_Mutants.obj
 0004:00000150       $pdata$c1_b_sf_marshallIn  0000000180019150     c1_CL_pi_Mutants.obj
 0004:0000015c       $pdata$c1_c_sf_marshallOut 000000018001915c     c1_CL_pi_Mutants.obj
 0004:00000168       $pdata$c1_d_sf_marshallOut 0000000180019168     c1_CL_pi_Mutants.obj
 0004:00000174       $pdata$c1_e_sf_marshallOut 0000000180019174     c1_CL_pi_Mutants.obj
 0004:00000180       $pdata$c1_f_emlrt_marshallIn 0000000180019180     c1_CL_pi_Mutants.obj
 0004:0000018c       $pdata$c1_g_emlrt_marshallIn 000000018001918c     c1_CL_pi_Mutants.obj
 0004:00000198       $pdata$init_simulink_io_address 0000000180019198     c1_CL_pi_Mutants.obj
 0004:000001a4       $pdata$sf_c1_CL_pi_Mutants_get_post_codegen_info 00000001800191a4     c1_CL_pi_Mutants.obj
 0004:000001b0       $pdata$sf_c1_CL_pi_Mutants_get_autoinheritance_info 00000001800191b0     c1_CL_pi_Mutants.obj
 0004:000001bc       $pdata$sf_c1_CL_pi_Mutants_third_party_uses_info 00000001800191bc     c1_CL_pi_Mutants.obj
 0004:000001c8       $pdata$sf_c1_CL_pi_Mutants_jit_fallback_info 00000001800191c8     c1_CL_pi_Mutants.obj
 0004:000001d4       $pdata$sf_c1_CL_pi_Mutants_updateBuildInfo_args_info 00000001800191d4     c1_CL_pi_Mutants.obj
 0004:000001e0       $pdata$sf_get_sim_state_info_c1_CL_pi_Mutants 00000001800191e0     c1_CL_pi_Mutants.obj
 0004:000001ec       $pdata$sf_opaque_initialize_c1_CL_pi_Mutants 00000001800191ec     c1_CL_pi_Mutants.obj
 0004:000001f8       $pdata$sf_opaque_enable_c1_CL_pi_Mutants 00000001800191f8     c1_CL_pi_Mutants.obj
 0004:00000204       $pdata$sf_opaque_disable_c1_CL_pi_Mutants 0000000180019204     c1_CL_pi_Mutants.obj
 0004:00000210       $pdata$sf_opaque_gateway_c1_CL_pi_Mutants 0000000180019210     c1_CL_pi_Mutants.obj
 0004:0000021c       $pdata$sf_opaque_get_sim_state_c1_CL_pi_Mutants 000000018001921c     c1_CL_pi_Mutants.obj
 0004:00000228       $pdata$sf_opaque_set_sim_state_c1_CL_pi_Mutants 0000000180019228     c1_CL_pi_Mutants.obj
 0004:00000234       $pdata$sf_opaque_terminate_c1_CL_pi_Mutants 0000000180019234     c1_CL_pi_Mutants.obj
 0004:00000240       $pdata$mdlProcessParameters_c1_CL_pi_Mutants 0000000180019240     c1_CL_pi_Mutants.obj
 0004:0000024c       $pdata$mdlSetWorkWidths_c1_CL_pi_Mutants 000000018001924c     c1_CL_pi_Mutants.obj
 0004:00000258       $pdata$mdlRTW_c1_CL_pi_Mutants 0000000180019258     c1_CL_pi_Mutants.obj
 0004:00000264       $pdata$mdlStart_c1_CL_pi_Mutants 0000000180019264     c1_CL_pi_Mutants.obj
 0004:00000270       $pdata$mexFunction         0000000180019270     CL_pi_Mutants_sfun_registry.obj
 0004:0000027c       $pdata$_ssSetInputPortDirectFeedThroughFcn 000000018001927c     CL_pi_Mutants_sfun_registry.obj
 0004:00000288       $pdata$_ssGetInputPortSignalPtrsFcn 0000000180019288     CL_pi_Mutants_sfun_registry.obj
 0004:00000294       $pdata$_ssGetInputPortSignalFcn 0000000180019294     CL_pi_Mutants_sfun_registry.obj
 0004:000002a0       $pdata$_ssSetInputPortReusableFcn 00000001800192a0     CL_pi_Mutants_sfun_registry.obj
 0004:000002ac       $pdata$_ssSetOutputPortReusableFcn 00000001800192ac     CL_pi_Mutants_sfun_registry.obj
 0004:000002b8       $pdata$_ssSetSymbolicDimsSupport 00000001800192b8     CL_pi_Mutants_sfun_registry.obj
 0004:000002c4       $pdata$_ssRegisterSymbolicDimsExpr 00000001800192c4     CL_pi_Mutants_sfun_registry.obj
 0004:000002d0       $pdata$_ssRegisterSymbolicDims 00000001800192d0     CL_pi_Mutants_sfun_registry.obj
 0004:000002dc       $pdata$_ssRegisterSymbolicDimsString 00000001800192dc     CL_pi_Mutants_sfun_registry.obj
 0004:000002e8       $pdata$_ssRegisterSymbolicDimsIntValue 00000001800192e8     CL_pi_Mutants_sfun_registry.obj
 0004:000002f4       $pdata$_ssRegisterSymbolicDimsPlus 00000001800192f4     CL_pi_Mutants_sfun_registry.obj
 0004:00000300       $pdata$_ssRegisterSymbolicDimsMinus 0000000180019300     CL_pi_Mutants_sfun_registry.obj
 0004:0000030c       $pdata$_ssRegisterSymbolicDimsMultiply 000000018001930c     CL_pi_Mutants_sfun_registry.obj
 0004:00000318       $pdata$_ssRegisterSymbolicDimsDivide 0000000180019318     CL_pi_Mutants_sfun_registry.obj
 0004:00000324       $pdata$_ssGetNumSymbolicDims 0000000180019324     CL_pi_Mutants_sfun_registry.obj
 0004:00000330       $pdata$_ssGetSymbolicDim   0000000180019330     CL_pi_Mutants_sfun_registry.obj
 0004:0000033c       $pdata$_ssSetInputPortSymbolicDimsId 000000018001933c     CL_pi_Mutants_sfun_registry.obj
 0004:00000348       $pdata$_ssGetCompInputPortSymbolicDimsId 0000000180019348     CL_pi_Mutants_sfun_registry.obj
 0004:00000354       $pdata$_ssSetCompInputPortSymbolicDimsId 0000000180019354     CL_pi_Mutants_sfun_registry.obj
 0004:00000360       $pdata$_ssSetOutputPortSymbolicDimsId 0000000180019360     CL_pi_Mutants_sfun_registry.obj
 0004:0000036c       $pdata$_ssGetCompOutputPortSymbolicDimsId 000000018001936c     CL_pi_Mutants_sfun_registry.obj
 0004:00000378       $pdata$_ssSetCompOutputPortSymbolicDimsId 0000000180019378     CL_pi_Mutants_sfun_registry.obj
 0004:00000384       $pdata$_ssSetCompDWorkSymbolicDimsId 0000000180019384     CL_pi_Mutants_sfun_registry.obj
 0004:00000390       $pdata$ssGetIsZeroCrossControlDisabled 0000000180019390     CL_pi_Mutants_sfun_registry.obj
 0004:0000039c       $pdata$ssSetIsInputPortUsedForContZcSignal 000000018001939c     CL_pi_Mutants_sfun_registry.obj
 0004:000003a8       $pdata$ssSetZcSignalIsZcElementDisc 00000001800193a8     CL_pi_Mutants_sfun_registry.obj
 0004:000003b4       $pdata$ssSetZcSignalName   00000001800193b4     CL_pi_Mutants_sfun_registry.obj
 0004:000003c0       $pdata$ssSetZcSignalWidth  00000001800193c0     CL_pi_Mutants_sfun_registry.obj
 0004:000003cc       $pdata$ssSetZcSignalZcEventType 00000001800193cc     CL_pi_Mutants_sfun_registry.obj
 0004:000003d8       $pdata$ssSetZcSignalType   00000001800193d8     CL_pi_Mutants_sfun_registry.obj
 0004:000003e4       $pdata$ssSetZcSignalZcTol  00000001800193e4     CL_pi_Mutants_sfun_registry.obj
 0004:000003f0       $pdata$ssSetZcSignalNeedsEventNotification 00000001800193f0     CL_pi_Mutants_sfun_registry.obj
 0004:000003fc       $pdata$ssCreateAndAddZcSignalInfo 00000001800193fc     CL_pi_Mutants_sfun_registry.obj
 0004:00000408       $pdata$ssCloneAndAddZcSignalInfo 0000000180019408     CL_pi_Mutants_sfun_registry.obj
 0004:00000414       $pdata$ssGetNumZcSignals   0000000180019414     CL_pi_Mutants_sfun_registry.obj
 0004:00000420       $pdata$ssGetZcSignalVector 0000000180019420     CL_pi_Mutants_sfun_registry.obj
 0004:0000042c       $pdata$ssGetZcSignalName   000000018001942c     CL_pi_Mutants_sfun_registry.obj
 0004:00000438       $pdata$ssGetZcSignalWidth  0000000180019438     CL_pi_Mutants_sfun_registry.obj
 0004:00000444       $pdata$ssGetZcSignalZcEventType 0000000180019444     CL_pi_Mutants_sfun_registry.obj
 0004:00000450       $pdata$ssGetZcSignalZcEvents 0000000180019450     CL_pi_Mutants_sfun_registry.obj
 0004:0000045c       $pdata$ssGetZcSignalType   000000018001945c     CL_pi_Mutants_sfun_registry.obj
 0004:00000468       $pdata$ssGetZcSignalZcTol  0000000180019468     CL_pi_Mutants_sfun_registry.obj
 0004:00000474       $pdata$ssGetZcSignalNeedsEventNotification 0000000180019474     CL_pi_Mutants_sfun_registry.obj
 0004:00000480       $pdata$ssGetZcSignalIsZcElementDisc 0000000180019480     CL_pi_Mutants_sfun_registry.obj
 0004:0000048c       $pdata$ssGetIsInputPortElementContinuous 000000018001948c     CL_pi_Mutants_sfun_registry.obj
 0004:00000498       $pdata$ssGetDTypeIdFromMxArray 0000000180019498     CL_pi_Mutants_sfun_registry.obj
 0004:000004a4       $pdata$ssWriteRTWStr       00000001800194a4     CL_pi_Mutants_sfun_registry.obj
 0004:000004b0       $pdata$ssWriteRTWNameValuePair 00000001800194b0     CL_pi_Mutants_sfun_registry.obj
 0004:000004bc       $pdata$ssWriteRTWParamSettings 00000001800194bc     CL_pi_Mutants_sfun_registry.obj
 0004:000004c8       $pdata$ssWriteRTWParameters 00000001800194c8     CL_pi_Mutants_sfun_registry.obj
 0004:000004d4       $pdata$ssWriteRTWWorkVect  00000001800194d4     CL_pi_Mutants_sfun_registry.obj
 0004:000004e0       $pdata$ssWriteRTWMxVectParam 00000001800194e0     CL_pi_Mutants_sfun_registry.obj
 0004:000004ec       $pdata$ssWriteRTWMx2dMatParam 00000001800194ec     CL_pi_Mutants_sfun_registry.obj
 0004:000004f8       $pdata$_ssSetInputPortMatrixDimensions 00000001800194f8     CL_pi_Mutants_sfun_registry.obj
 0004:00000504       $pdata$_ssSetOutputPortMatrixDimensions 0000000180019504     CL_pi_Mutants_sfun_registry.obj
 0004:00000510       $pdata$_ssSetInputPortVectorDimension 0000000180019510     CL_pi_Mutants_sfun_registry.obj
 0004:0000051c       $pdata$_ssSetOutputPortVectorDimension 000000018001951c     CL_pi_Mutants_sfun_registry.obj
 0004:00000528       $pdata$ssIsRunTimeParamTunable 0000000180019528     CL_pi_Mutants_sfun_registry.obj
 0004:00000534       $pdata$ssGetSFuncBlockHandle 0000000180019534     CL_pi_Mutants_sfun_registry.obj
 0004:00000540       $pdata$_ssGetCurrentInputPortWidth 0000000180019540     CL_pi_Mutants_sfun_registry.obj
 0004:0000054c       $pdata$_ssGetCurrentOutputPortWidth 000000018001954c     CL_pi_Mutants_sfun_registry.obj
 0004:00000558       $pdata$_ssGetCallSystemNumFcnCallDestinations 0000000180019558     CL_pi_Mutants_sfun_registry.obj
 0004:00000564       $pdata$ssGetParameterTuningCompliance 0000000180019564     CL_pi_Mutants_sfun_registry.obj
 0004:00000570       $pdata$ssWarning           0000000180019570     CL_pi_Mutants_sfun_registry.obj
 0004:0000057c       $pdata$_ssGetAbsTol        000000018001957c     CL_pi_Mutants_sfun_registry.obj
 0004:00000588       $pdata$sf_process_check_sum_call 0000000180019588     CL_pi_Mutants_sfun_registry.obj
 0004:00000594       $pdata$sf_process_autoinheritance_call 0000000180019594     CL_pi_Mutants_sfun_registry.obj
 0004:000005a0       $pdata$sf_process_get_third_party_uses_info_call 00000001800195a0     CL_pi_Mutants_sfun_registry.obj
 0004:000005ac       $pdata$sf_process_get_jit_fallback_info_call 00000001800195ac     CL_pi_Mutants_sfun_registry.obj
 0004:000005b8       $pdata$sf_process_get_updateBuildInfo_args_info_call 00000001800195b8     CL_pi_Mutants_sfun_registry.obj
 0004:000005c4       $pdata$sf_process_get_eml_resolved_functions_info_call 00000001800195c4     CL_pi_Mutants_sfun_registry.obj
 0004:000005d0       $pdata$sf_mex_unlock_call  00000001800195d0     CL_pi_Mutants_sfun_registry.obj
 0004:000005dc       $pdata$sf_debug_api_wrapper 00000001800195dc     CL_pi_Mutants_sfun_registry.obj
 0004:000005e8       $pdata$ProcessMexSfunctionCmdLineCall 00000001800195e8     CL_pi_Mutants_sfun_registry.obj
 0004:000005f4       $pdata$sf_machine_global_initializer_called 00000001800195f4     CL_pi_Mutants_sfun_registry.obj
 0004:00000600       $pdata$sf_machine_global_method_dispatcher 0000000180019600     CL_pi_Mutants_sfun_registry.obj
 0004:0000060c       $pdata$sf_machine_global_terminator 000000018001960c     CL_pi_Mutants_sfun_registry.obj
 0004:00000618       $pdata$sf_register_machine_exported_symbols 0000000180019618     CL_pi_Mutants_sfun_registry.obj
 0004:00000624       $pdata$sf_machine_global_initializer 0000000180019624     CL_pi_Mutants_sfun_registry.obj
 0004:00000630       $pdata$mdlGetSimState      0000000180019630     CL_pi_Mutants_sfun_registry.obj
 0004:0000063c       $pdata$mdlSetSimState      000000018001963c     CL_pi_Mutants_sfun_registry.obj
 0004:00000648       $pdata$mdlSetWorkWidths    0000000180019648     CL_pi_Mutants_sfun_registry.obj
 0004:00000654       $pdata$mdlProcessParameters 0000000180019654     CL_pi_Mutants_sfun_registry.obj
 0004:00000660       $pdata$mdl_start_processing 0000000180019660     CL_pi_Mutants_sfun_registry.obj
 0004:0000066c       $pdata$mdl_terminate_processing 000000018001966c     CL_pi_Mutants_sfun_registry.obj
 0004:00000678       $pdata$mdlStart            0000000180019678     CL_pi_Mutants_sfun_registry.obj
 0004:00000684       $pdata$mdlTerminate        0000000180019684     CL_pi_Mutants_sfun_registry.obj
 0004:00000690       $pdata$mdlInitializeSizes  0000000180019690     CL_pi_Mutants_sfun_registry.obj
 0004:0000069c       $pdata$mdlInitializeSampleTimes 000000018001969c     CL_pi_Mutants_sfun_registry.obj
 0004:000006a8       $pdata$mdl_outputs_continuous_legacy 00000001800196a8     CL_pi_Mutants_sfun_registry.obj
 0004:000006b4       $pdata$mdl_outputs_processing 00000001800196b4     CL_pi_Mutants_sfun_registry.obj
 0004:000006c0       $pdata$mdl_zeroCrossings_processing 00000001800196c0     CL_pi_Mutants_sfun_registry.obj
 0004:000006cc       $pdata$mdlZeroCrossings    00000001800196cc     CL_pi_Mutants_sfun_registry.obj
 0004:000006d8       $pdata$mdl_derivatives_processing 00000001800196d8     CL_pi_Mutants_sfun_registry.obj
 0004:000006e4       $pdata$mdlDerivatives      00000001800196e4     CL_pi_Mutants_sfun_registry.obj
 0004:000006f0       $pdata$mdl_initialize_conditions_processing 00000001800196f0     CL_pi_Mutants_sfun_registry.obj
 0004:000006fc       $pdata$mdlInitializeConditions 00000001800196fc     CL_pi_Mutants_sfun_registry.obj
 0004:00000708       $pdata$mdl_ext_mode_exec_processing 0000000180019708     CL_pi_Mutants_sfun_registry.obj
 0004:00000714       $pdata$mdlExtModeExec      0000000180019714     CL_pi_Mutants_sfun_registry.obj
 0004:00000720       $pdata$mdlRTW              0000000180019720     CL_pi_Mutants_sfun_registry.obj
 0004:0000072c       $pdata$mdl_enable_processing 000000018001972c     CL_pi_Mutants_sfun_registry.obj
 0004:00000738       $pdata$mdlEnable           0000000180019738     CL_pi_Mutants_sfun_registry.obj
 0004:00000744       $pdata$mdl_disable_processing 0000000180019744     CL_pi_Mutants_sfun_registry.obj
 0004:00000750       $pdata$mdlDisable          0000000180019750     CL_pi_Mutants_sfun_registry.obj
 0004:0000075c       $pdata$mdlOutputs          000000018001975c     CL_pi_Mutants_sfun_registry.obj
 0004:00000768       $pdata$mdl_update_processing 0000000180019768     CL_pi_Mutants_sfun_registry.obj
 0004:00000774       $pdata$mdlUpdate           0000000180019774     CL_pi_Mutants_sfun_registry.obj
 0004:00000780       $pdata$ProcessMexSfunctionEveryCall 0000000180019780     CL_pi_Mutants_sfun_registry.obj
 0004:0000078c       $pdata$_RegNumInputPortsCB 000000018001978c     CL_pi_Mutants_sfun_registry.obj
 0004:00000798       $pdata$_RegNumOutputPortsCB 0000000180019798     CL_pi_Mutants_sfun_registry.obj
 0004:000007a4       $pdata$_CreateSimStruct    00000001800197a4     CL_pi_Mutants_sfun_registry.obj
 0004:000007b0       $pdata$_ssFatalError       00000001800197b0     CL_pi_Mutants_sfun_registry.obj
 0004:000007bc       $pdata$_ProcessMexSfunctionCmdLineCall 00000001800197bc     CL_pi_Mutants_sfun_registry.obj
 0004:000007c8       $pdata$_vsnprintf_l        00000001800197c8     CL_pi_Mutants_sfun_registry.obj
 0004:000007d4       $pdata$_vsprintf_l         00000001800197d4     CL_pi_Mutants_sfun_registry.obj
 0004:000007e0       $pdata$sprintf             00000001800197e0     CL_pi_Mutants_sfun_registry.obj
 0004:000007ec       $pdata$__raise_securityfailure 00000001800197ec     MSVCRT:gs_report.obj
 0004:000007f8       $pdata$__report_gsfailure  00000001800197f8     MSVCRT:gs_report.obj
 0004:00000804       $pdata$__report_rangecheckfailure 0000000180019804     MSVCRT:gs_report.obj
 0004:00000810       $pdata$__report_securityfailure 0000000180019810     MSVCRT:gs_report.obj
 0004:0000081c       $pdata$__report_securityfailureEx 000000018001981c     MSVCRT:gs_report.obj
 0004:00000828       $pdata$capture_current_context 0000000180019828     MSVCRT:gs_report.obj
 0004:00000834       $pdata$capture_previous_context 0000000180019834     MSVCRT:gs_report.obj
 0004:00000840       $pdata$__GSHandlerCheck    0000000180019840     MSVCRT:_gshandler_.obj
 0004:0000084c       $pdata$__GSHandlerCheckCommon 000000018001984c     MSVCRT:_gshandler_.obj
 0004:00000870       $pdata$?dllmain_crt_dispatch@@YAHQEAUHINSTANCE__@@KQEAX@Z 0000000180019870     MSVCRT:dll_dllmain.obj
 0004:0000087c       $pdata$?dllmain_crt_process_attach@@YAHQEAUHINSTANCE__@@QEAX@Z 000000018001987c     MSVCRT:dll_dllmain.obj
 0004:00000888       $pdata$?dllmain_crt_process_detach@@YAH_N@Z 0000000180019888     MSVCRT:dll_dllmain.obj
 0004:00000894       $pdata$?dllmain_dispatch@@YAHQEAUHINSTANCE__@@KQEAX@Z 0000000180019894     MSVCRT:dll_dllmain.obj
 0004:000008a0       $pdata$?dllmain_raw@@YAHQEAUHINSTANCE__@@KQEAX@Z 00000001800198a0     MSVCRT:dll_dllmain.obj
 0004:000008ac       $pdata$_DllMainCRTStartup  00000001800198ac     MSVCRT:dll_dllmain.obj
 0004:000008b8       $pdata$__scrt_acquire_startup_lock 00000001800198b8     MSVCRT:utility.obj
 0004:000008c4       $pdata$__scrt_dllmain_after_initialize_c 00000001800198c4     MSVCRT:utility.obj
 0004:000008d0       $pdata$__scrt_dllmain_before_initialize_c 00000001800198d0     MSVCRT:utility.obj
 0004:000008dc       $pdata$__scrt_dllmain_crt_thread_attach 00000001800198dc     MSVCRT:utility.obj
 0004:000008e8       $pdata$__scrt_dllmain_crt_thread_detach 00000001800198e8     MSVCRT:utility.obj
 0004:000008f4       $pdata$__scrt_dllmain_exception_filter 00000001800198f4     MSVCRT:utility.obj
 0004:00000900       $pdata$__scrt_dllmain_uninitialize_c 0000000180019900     MSVCRT:utility.obj
 0004:0000090c       $pdata$__scrt_dllmain_uninitialize_critical 000000018001990c     MSVCRT:utility.obj
 0004:00000918       $pdata$__scrt_initialize_crt 0000000180019918     MSVCRT:utility.obj
 0004:00000924       $pdata$__scrt_initialize_onexit_tables 0000000180019924     MSVCRT:utility.obj
 0004:00000930       $pdata$__scrt_is_nonwritable_in_current_image 0000000180019930     MSVCRT:utility.obj
 0004:0000093c       $pdata$__scrt_release_startup_lock 000000018001993c     MSVCRT:utility.obj
 0004:00000948       $pdata$__scrt_uninitialize_crt 0000000180019948     MSVCRT:utility.obj
 0004:00000954       $pdata$_onexit             0000000180019954     MSVCRT:utility.obj
 0004:00000960       $pdata$atexit              0000000180019960     MSVCRT:utility.obj
 0004:0000096c       $pdata$__security_init_cookie 000000018001996c     MSVCRT:gs_support.obj
 0004:00000978       $pdata$DllMain             0000000180019978     MSVCRT:dll_dllmain_stub.obj
 0004:00000984       $pdata$__scrt_initialize_default_local_stdio_options 0000000180019984     MSVCRT:default_local_stdio_options.obj
 0004:00000990       $pdata$__scrt_fastfail     0000000180019990     MSVCRT:utility_desktop.obj
 0004:0000099c       $pdata$__scrt_get_show_window_mode 000000018001999c     MSVCRT:utility_desktop.obj
 0004:000009a8       $pdata$__scrt_is_managed_app 00000001800199a8     MSVCRT:utility_desktop.obj
 0004:000009b4       $pdata$__scrt_unhandled_exception_filter 00000001800199b4     MSVCRT:utility_desktop.obj
 0004:000009c0       $pdata$_RTC_Initialize     00000001800199c0     MSVCRT:_initsect_.obj
 0004:000009cc       $pdata$_RTC_Terminate      00000001800199cc     MSVCRT:_initsect_.obj
 0004:000009d8       $pdata$__isa_available_init 00000001800199d8     MSVCRT:_cpu_disp_.obj
 0004:000009f0       $pdata$?fin$0@?0??dllmain_crt_process_attach@@YAHQEAUHINSTANCE__@@QEAX@Z@4HA 00000001800199f0     MSVCRT:dll_dllmain.obj
 0004:000009fc       $pdata$?fin$0@?0??dllmain_crt_process_detach@@YAH_N@Z@4HA 00000001800199fc     MSVCRT:dll_dllmain.obj
 0004:00000a08       $pdata$?filt$0@?0??dllmain_dispatch@@YAHQEAUHINSTANCE__@@KQEAX@Z@4HA 0000000180019a08     MSVCRT:dll_dllmain.obj
 0004:00000a14       $pdata$__scrt_is_nonwritable_in_current_image$filt$0 0000000180019a14     MSVCRT:utility.obj
