 CL_pi_testExecution_sfun

 Timestamp is 5c613db0 (Mon Feb 11 10:17:36 2019)

 Preferred load address is 0000000180000000

 Start         Length     Name                   Class
 0001:00000000 00017583H .text$mn                CODE
 0001:00017590 00000012H .text$mn$00             CODE
 0001:000175a2 00000081H .text$x                 CODE
 0002:00000000 000004d0H .idata$5                DATA
 0002:000004d0 00000010H .00cfg                  DATA
 0002:000004e0 00000008H .CRT$XCA                DATA
 0002:000004e8 00000008H .CRT$XCZ                DATA
 0002:000004f0 00000008H .CRT$XIA                DATA
 0002:000004f8 00000008H .CRT$XIZ                DATA
 0002:00000500 00000008H .CRT$XPA                DATA
 0002:00000508 00000008H .CRT$XPZ                DATA
 0002:00000510 00000008H .CRT$XTA                DATA
 0002:00000518 00000008H .CRT$XTZ                DATA
 0002:00000520 00000000H .gfids$x                DATA
 0002:00000520 000001e4H .rdata                  DATA
 0002:00000704 00000218H .rdata$zzzdbg           DATA
 0002:00000920 00000008H .rtc$IAA                DATA
 0002:00000928 00000008H .rtc$IZZ                DATA
 0002:00000930 00000008H .rtc$TAA                DATA
 0002:00000938 00000008H .rtc$TZZ                DATA
 0002:00000940 000009ecH .xdata                  DATA
 0002:00001330 00000082H .edata                  DATA
 0002:000013b4 000000c8H .idata$2                DATA
 0002:0000147c 00000014H .idata$3                DATA
 0002:00001490 000004d0H .idata$4                DATA
 0002:00001960 00000e90H .idata$6                DATA
 0003:00000000 000040b4H .data                   DATA
 0003:000040c0 00001640H .bss                    DATA
 0004:00000000 00000c24H .pdata                  DATA

  Address         Publics by Value              Rva+Base               Lib:Object

 0000:00000000       ___safe_se_handler_count   0000000000000000     <absolute>
 0000:00000000       __guard_fids_count         0000000000000000     <absolute>
 0000:00000000       ___safe_se_handler_table   0000000000000000     <absolute>
 0000:00000000       __guard_fids_table         0000000000000000     <absolute>
 0000:00000100       __guard_flags              0000000000000100     <absolute>
 0000:00000000       __ImageBase                0000000180000000     <linker-defined>
 0001:00000000       CL_pi_testExecution_initializer 0000000180001000 f   CL_pi_testExecution_sfun.obj
 0001:00000010       CL_pi_testExecution_terminator 0000000180001010 f   CL_pi_testExecution_sfun.obj
 0001:00000020       load_CL_pi_testExecution_optimization_info 0000000180001020 f   CL_pi_testExecution_sfun.obj
 0001:000000d0       unload_CL_pi_testExecution_optimization_info 00000001800010d0 f   CL_pi_testExecution_sfun.obj
 0001:00000100       sf_CL_pi_testExecution_method_dispatcher 0000000180001100 f   CL_pi_testExecution_sfun.obj
 0001:00000170       sf_CL_pi_testExecution_process_check_sum_call 0000000180001170 f   CL_pi_testExecution_sfun.obj
 0001:00000680       sf_CL_pi_testExecution_autoinheritance_info 0000000180001680 f   CL_pi_testExecution_sfun.obj
 0001:000008c0       sf_CL_pi_testExecution_get_eml_resolved_functions_info 00000001800018c0 f   CL_pi_testExecution_sfun.obj
 0001:00000b00       sf_CL_pi_testExecution_third_party_uses_info 0000000180001b00 f   CL_pi_testExecution_sfun.obj
 0001:00000d00       sf_CL_pi_testExecution_jit_fallback_info 0000000180001d00 f   CL_pi_testExecution_sfun.obj
 0001:00000f00       sf_CL_pi_testExecution_updateBuildInfo_args_info 0000000180001f00 f   CL_pi_testExecution_sfun.obj
 0001:00001100       CL_pi_testExecution_debug_initialize 0000000180002100 f   CL_pi_testExecution_sfun.obj
 0001:00001180       CL_pi_testExecution_register_exported_symbols 0000000180002180 f   CL_pi_testExecution_sfun.obj
 0001:00001190       sf_c3_CL_pi_testExecution_get_eml_resolved_functions_info 0000000180002190 f   c3_CL_pi_testExecution.obj
 0001:00001210       sf_c3_CL_pi_testExecution_get_check_sum 0000000180002210 f   c3_CL_pi_testExecution.obj
 0001:000012e0       c3_CL_pi_testExecution_method_dispatcher 00000001800022e0 f   c3_CL_pi_testExecution.obj
 0001:00003b80       sf_c3_CL_pi_testExecution_get_post_codegen_info 0000000180004b80 f   c3_CL_pi_testExecution.obj
 0001:00003c50       sf_c3_CL_pi_testExecution_get_autoinheritance_info 0000000180004c50 f   c3_CL_pi_testExecution.obj
 0001:00004720       sf_c3_CL_pi_testExecution_third_party_uses_info 0000000180005720 f   c3_CL_pi_testExecution.obj
 0001:00004750       sf_c3_CL_pi_testExecution_jit_fallback_info 0000000180005750 f   c3_CL_pi_testExecution.obj
 0001:000048e0       sf_c3_CL_pi_testExecution_updateBuildInfo_args_info 00000001800058e0 f   c3_CL_pi_testExecution.obj
 0001:00005620       sf_c4_CL_pi_testExecution_get_eml_resolved_functions_info 0000000180006620 f   c4_CL_pi_testExecution.obj
 0001:000056a0       sf_c4_CL_pi_testExecution_get_check_sum 00000001800066a0 f   c4_CL_pi_testExecution.obj
 0001:00005770       c4_CL_pi_testExecution_method_dispatcher 0000000180006770 f   c4_CL_pi_testExecution.obj
 0001:0000a3c0       sf_c4_CL_pi_testExecution_get_post_codegen_info 000000018000b3c0 f   c4_CL_pi_testExecution.obj
 0001:0000a490       sf_c4_CL_pi_testExecution_get_autoinheritance_info 000000018000b490 f   c4_CL_pi_testExecution.obj
 0001:0000ba60       sf_c4_CL_pi_testExecution_third_party_uses_info 000000018000ca60 f   c4_CL_pi_testExecution.obj
 0001:0000ba90       sf_c4_CL_pi_testExecution_jit_fallback_info 000000018000ca90 f   c4_CL_pi_testExecution.obj
 0001:0000bc20       sf_c4_CL_pi_testExecution_updateBuildInfo_args_info 000000018000cc20 f   c4_CL_pi_testExecution.obj
 0001:0000cbb0       mexFunction                000000018000dbb0 f   CL_pi_testExecution_sfun_registry.obj
 0001:0000f170       _ssSetInputPortDirectFeedThroughFcn 0000000180010170 f   CL_pi_testExecution_sfun_registry.obj
 0001:0000f2e0       _ssGetInputPortSignalPtrsFcn 00000001800102e0 f   CL_pi_testExecution_sfun_registry.obj
 0001:0000f670       _ssGetInputPortSignalFcn   0000000180010670 f   CL_pi_testExecution_sfun_registry.obj
 0001:0000fa00       _ssSetInputPortReusableFcn 0000000180010a00 f   CL_pi_testExecution_sfun_registry.obj
 0001:0000fb00       _ssSetOutputPortReusableFcn 0000000180010b00 f   CL_pi_testExecution_sfun_registry.obj
 0001:0000fc00       _ssSetSymbolicDimsSupport  0000000180010c00 f   CL_pi_testExecution_sfun_registry.obj
 0001:0000fc70       _ssRegisterSymbolicDimsExpr 0000000180010c70 f   CL_pi_testExecution_sfun_registry.obj
 0001:0000fcf0       _ssRegisterSymbolicDims    0000000180010cf0 f   CL_pi_testExecution_sfun_registry.obj
 0001:0000fd90       _ssRegisterSymbolicDimsString 0000000180010d90 f   CL_pi_testExecution_sfun_registry.obj
 0001:0000fe10       _ssRegisterSymbolicDimsIntValue 0000000180010e10 f   CL_pi_testExecution_sfun_registry.obj
 0001:0000fe80       _ssRegisterSymbolicDimsPlus 0000000180010e80 f   CL_pi_testExecution_sfun_registry.obj
 0001:0000ff00       _ssRegisterSymbolicDimsMinus 0000000180010f00 f   CL_pi_testExecution_sfun_registry.obj
 0001:0000ff80       _ssRegisterSymbolicDimsMultiply 0000000180010f80 f   CL_pi_testExecution_sfun_registry.obj
 0001:00010000       _ssRegisterSymbolicDimsDivide 0000000180011000 f   CL_pi_testExecution_sfun_registry.obj
 0001:00010080       _ssGetNumSymbolicDims      0000000180011080 f   CL_pi_testExecution_sfun_registry.obj
 0001:000100f0       _ssGetSymbolicDim          00000001800110f0 f   CL_pi_testExecution_sfun_registry.obj
 0001:00010170       _ssSetInputPortSymbolicDimsId 0000000180011170 f   CL_pi_testExecution_sfun_registry.obj
 0001:000101e0       _ssGetCompInputPortSymbolicDimsId 00000001800111e0 f   CL_pi_testExecution_sfun_registry.obj
 0001:00010250       _ssSetCompInputPortSymbolicDimsId 0000000180011250 f   CL_pi_testExecution_sfun_registry.obj
 0001:000102c0       _ssSetOutputPortSymbolicDimsId 00000001800112c0 f   CL_pi_testExecution_sfun_registry.obj
 0001:00010330       _ssGetCompOutputPortSymbolicDimsId 0000000180011330 f   CL_pi_testExecution_sfun_registry.obj
 0001:000103a0       _ssSetCompOutputPortSymbolicDimsId 00000001800113a0 f   CL_pi_testExecution_sfun_registry.obj
 0001:00010410       _ssSetCompDWorkSymbolicDimsId 0000000180011410 f   CL_pi_testExecution_sfun_registry.obj
 0001:00010480       ssGetIsZeroCrossControlDisabled 0000000180011480 f   CL_pi_testExecution_sfun_registry.obj
 0001:000104f0       ssSetIsInputPortUsedForContZcSignal 00000001800114f0 f   CL_pi_testExecution_sfun_registry.obj
 0001:00010560       ssSetZcSignalIsZcElementDisc 0000000180011560 f   CL_pi_testExecution_sfun_registry.obj
 0001:00010610       ssSetZcSignalName          0000000180011610 f   CL_pi_testExecution_sfun_registry.obj
 0001:00010680       ssSetZcSignalWidth         0000000180011680 f   CL_pi_testExecution_sfun_registry.obj
 0001:000106f0       ssSetZcSignalZcEventType   00000001800116f0 f   CL_pi_testExecution_sfun_registry.obj
 0001:00010760       ssSetZcSignalType          0000000180011760 f   CL_pi_testExecution_sfun_registry.obj
 0001:000107d0       ssSetZcSignalZcTol         00000001800117d0 f   CL_pi_testExecution_sfun_registry.obj
 0001:00010840       ssSetZcSignalNeedsEventNotification 0000000180011840 f   CL_pi_testExecution_sfun_registry.obj
 0001:000108b0       ssCreateAndAddZcSignalInfo 00000001800118b0 f   CL_pi_testExecution_sfun_registry.obj
 0001:00010920       ssCloneAndAddZcSignalInfo  0000000180011920 f   CL_pi_testExecution_sfun_registry.obj
 0001:00010990       ssGetNumZcSignals          0000000180011990 f   CL_pi_testExecution_sfun_registry.obj
 0001:00010a00       ssGetZcSignalVector        0000000180011a00 f   CL_pi_testExecution_sfun_registry.obj
 0001:00010a70       ssGetZcSignalName          0000000180011a70 f   CL_pi_testExecution_sfun_registry.obj
 0001:00010ae0       ssGetZcSignalWidth         0000000180011ae0 f   CL_pi_testExecution_sfun_registry.obj
 0001:00010b50       ssGetZcSignalZcEventType   0000000180011b50 f   CL_pi_testExecution_sfun_registry.obj
 0001:00010bc0       ssGetZcSignalZcEvents      0000000180011bc0 f   CL_pi_testExecution_sfun_registry.obj
 0001:00010c30       ssGetZcSignalType          0000000180011c30 f   CL_pi_testExecution_sfun_registry.obj
 0001:00010ca0       ssGetZcSignalZcTol         0000000180011ca0 f   CL_pi_testExecution_sfun_registry.obj
 0001:00010d20       ssGetZcSignalNeedsEventNotification 0000000180011d20 f   CL_pi_testExecution_sfun_registry.obj
 0001:00010d90       ssGetZcSignalIsZcElementDisc 0000000180011d90 f   CL_pi_testExecution_sfun_registry.obj
 0001:00010e30       ssGetIsInputPortElementContinuous 0000000180011e30 f   CL_pi_testExecution_sfun_registry.obj
 0001:00010ed0       _ssSetIWorkValueFcn        0000000180011ed0 f   CL_pi_testExecution_sfun_registry.obj
 0001:00010f50       _ssGetIWorkValueFcn        0000000180011f50 f   CL_pi_testExecution_sfun_registry.obj
 0001:00010fc0       _ssSetRWorkValueFcn        0000000180011fc0 f   CL_pi_testExecution_sfun_registry.obj
 0001:00011040       _ssGetRWorkValueFcn        0000000180012040 f   CL_pi_testExecution_sfun_registry.obj
 0001:000110b0       _ssSetPWorkValueFcn        00000001800120b0 f   CL_pi_testExecution_sfun_registry.obj
 0001:00011130       _ssGetPWorkValueFcn        0000000180012130 f   CL_pi_testExecution_sfun_registry.obj
 0001:000111a0       ssGetDTypeIdFromMxArray    00000001800121a0 f   CL_pi_testExecution_sfun_registry.obj
 0001:000112c0       ssWriteRTWStr              00000001800122c0 f   CL_pi_testExecution_sfun_registry.obj
 0001:00011320       ssWriteRTWNameValuePair    0000000180012320 f   CL_pi_testExecution_sfun_registry.obj
 0001:00011820       ssWriteRTWParamSettings    0000000180012820 f   CL_pi_testExecution_sfun_registry.obj
 0001:00011f10       ssWriteRTWParameters       0000000180012f10 f   CL_pi_testExecution_sfun_registry.obj
 0001:000124d0       ssWriteRTWWorkVect         00000001800134d0 f   CL_pi_testExecution_sfun_registry.obj
 0001:00012a30       ssWriteRTWMxVectParam      0000000180013a30 f   CL_pi_testExecution_sfun_registry.obj
 0001:00012ab0       ssWriteRTWMx2dMatParam     0000000180013ab0 f   CL_pi_testExecution_sfun_registry.obj
 0001:00012b40       _ssSetInputPortMatrixDimensions 0000000180013b40 f   CL_pi_testExecution_sfun_registry.obj
 0001:00012c60       _ssSetOutputPortMatrixDimensions 0000000180013c60 f   CL_pi_testExecution_sfun_registry.obj
 0001:00012d80       _ssSetInputPortVectorDimension 0000000180013d80 f   CL_pi_testExecution_sfun_registry.obj
 0001:00012e30       _ssSetOutputPortVectorDimension 0000000180013e30 f   CL_pi_testExecution_sfun_registry.obj
 0001:00012ee0       ssIsRunTimeParamTunable    0000000180013ee0 f   CL_pi_testExecution_sfun_registry.obj
 0001:00012f50       ssGetSFuncBlockHandle      0000000180013f50 f   CL_pi_testExecution_sfun_registry.obj
 0001:00012fc0       _ssGetCurrentInputPortWidth 0000000180013fc0 f   CL_pi_testExecution_sfun_registry.obj
 0001:000130e0       _ssGetCurrentOutputPortWidth 00000001800140e0 f   CL_pi_testExecution_sfun_registry.obj
 0001:00013200       _ssGetCallSystemNumFcnCallDestinations 0000000180014200 f   CL_pi_testExecution_sfun_registry.obj
 0001:00013270       ssGetParameterTuningCompliance 0000000180014270 f   CL_pi_testExecution_sfun_registry.obj
 0001:000132e0       ssWarning                  00000001800142e0 f   CL_pi_testExecution_sfun_registry.obj
 0001:000133d0       _ssGetAbsTol               00000001800143d0 f   CL_pi_testExecution_sfun_registry.obj
 0001:00013440       _ssSetStateAbsTol          0000000180014440 f   CL_pi_testExecution_sfun_registry.obj
 0001:00013520       sf_process_check_sum_call  0000000180014520 f   CL_pi_testExecution_sfun_registry.obj
 0001:00013570       sf_process_autoinheritance_call 0000000180014570 f   CL_pi_testExecution_sfun_registry.obj
 0001:000137a0       sf_process_get_third_party_uses_info_call 00000001800147a0 f   CL_pi_testExecution_sfun_registry.obj
 0001:000139d0       sf_process_get_jit_fallback_info_call 00000001800149d0 f   CL_pi_testExecution_sfun_registry.obj
 0001:00013c00       sf_process_get_updateBuildInfo_args_info_call 0000000180014c00 f   CL_pi_testExecution_sfun_registry.obj
 0001:00013e30       sf_process_get_eml_resolved_functions_info_call 0000000180014e30 f   CL_pi_testExecution_sfun_registry.obj
 0001:00014060       sf_mex_unlock_call         0000000180015060 f   CL_pi_testExecution_sfun_registry.obj
 0001:00014300       sf_machine_global_initializer_called 0000000180015300 f   CL_pi_testExecution_sfun_registry.obj
 0001:00014330       sf_machine_global_method_dispatcher 0000000180015330 f   CL_pi_testExecution_sfun_registry.obj
 0001:00014390       sf_machine_global_terminator 0000000180015390 f   CL_pi_testExecution_sfun_registry.obj
 0001:000143e0       sf_register_machine_exported_symbols 00000001800153e0 f   CL_pi_testExecution_sfun_registry.obj
 0001:00014400       callCustomFcn              0000000180015400 f   CL_pi_testExecution_sfun_registry.obj
 0001:00014410       sf_machine_global_initializer 0000000180015410 f   CL_pi_testExecution_sfun_registry.obj
 0001:00014490       mdlGetSimState             0000000180015490 f   CL_pi_testExecution_sfun_registry.obj
 0001:000144d0       mdlSetSimState             00000001800154d0 f   CL_pi_testExecution_sfun_registry.obj
 0001:00014d40       ProcessMexSfunctionEveryCall 0000000180015d40 f   CL_pi_testExecution_sfun_registry.obj
 0001:00015da0       __local_stdio_printf_options 0000000180016da0 f i CL_pi_testExecution_sfun_registry.obj
 0001:00015db0       _vsnprintf_l               0000000180016db0 f i CL_pi_testExecution_sfun_registry.obj
 0001:00015e30       _vsprintf_l                0000000180016e30 f i CL_pi_testExecution_sfun_registry.obj
 0001:00015e80       sprintf                    0000000180016e80 f i CL_pi_testExecution_sfun_registry.obj
 0001:00015ed0       mexfilerequiredapiversion  0000000180016ed0 f   c_mexapi_version.obj
 0001:00015ef2       sf_load_rtw_optimization_info 0000000180016ef2 f   sf_runtime:sf_runtime.dll
 0001:00015ef8       sf_debug_initialize_machine 0000000180016ef8 f   sf_runtime:sf_runtime.dll
 0001:00015efe       sf_debug_set_machine_event_thresholds 0000000180016efe f   sf_runtime:sf_runtime.dll
 0001:00015f04       sf_debug_set_machine_data_thresholds 0000000180016f04 f   sf_runtime:sf_runtime.dll
 0001:00015f0a       sf_init_ChartRunTimeInfo   0000000180016f0a f   sf_runtime:sf_runtime.dll
 0001:00015f10       sf_free_ChartRunTimeInfo   0000000180016f10 f   sf_runtime:sf_runtime.dll
 0001:00015f16       sfrtGetEmlrtCtx            0000000180016f16 f   sf_runtime:sf_runtime.dll
 0001:00015f1c       sf_get_chart_instance_ptr  0000000180016f1c f   sf_runtime:sf_runtime.dll
 0001:00015f22       sf_rtw_info_uint_prop      0000000180016f22 f   sf_runtime:sf_runtime.dll
 0001:00015f28       sf_update_buildInfo        0000000180016f28 f   sf_runtime:sf_runtime.dll
 0001:00015f2e       sf_is_chart_inlinable      0000000180016f2e f   sf_runtime:sf_runtime.dll
 0001:00015f34       sf_mark_chart_reusable_outputs 0000000180016f34 f   sf_runtime:sf_runtime.dll
 0001:00015f3a       sf_mark_chart_expressionable_inputs 0000000180016f3a f   sf_runtime:sf_runtime.dll
 0001:00015f40       sim_mode_is_rtw_gen        0000000180016f40 f   sf_runtime:sf_runtime.dll
 0001:00015f46       sim_mode_is_external       0000000180016f46 f   sf_runtime:sf_runtime.dll
 0001:00015f4c       sim_mode_is_modelref_sim   0000000180016f4c f   sf_runtime:sf_runtime.dll
 0001:00015f52       sf_clear_rtw_identifier    0000000180016f52 f   sf_runtime:sf_runtime.dll
 0001:00015f58       sf_set_rtw_dwork_info      0000000180016f58 f   sf_runtime:sf_runtime.dll
 0001:00015f5e       sf_get_time                0000000180016f5e f   sf_runtime:sf_runtime.dll
 0001:00015f64       sf_is_first_init_cond      0000000180016f64 f   sf_runtime:sf_runtime.dll
 0001:00015f6a       sf_set_chart_accesses_machine_info 0000000180016f6a f   sf_runtime:sf_runtime.dll
 0001:00015f70       sf_register_codegen_names_for_scoped_functions_defined_by_chart 0000000180016f70 f   sf_runtime:sf_runtime.dll
 0001:00015f76       ssSetBlockIsPurelyCombinatorial_wrapper 0000000180016f76 f   sf_runtime:sf_runtime.dll
 0001:00015f7c       sf_mex_error_message       0000000180016f7c f   sf_runtime:sf_runtime.dll
 0001:00015f82       sf_mex_create              0000000180016f82 f   sf_runtime:sf_runtime.dll
 0001:00015f88       sf_mex_createcellmatrix    0000000180016f88 f   sf_runtime:sf_runtime.dll
 0001:00015f8e       sf_mex_setcell             0000000180016f8e f   sf_runtime:sf_runtime.dll
 0001:00015f94       sf_mex_getcell             0000000180016f94 f   sf_runtime:sf_runtime.dll
 0001:00015f9a       sf_mex_assign              0000000180016f9a f   sf_runtime:sf_runtime.dll
 0001:00015fa0       sf_mex_dup                 0000000180016fa0 f   sf_runtime:sf_runtime.dll
 0001:00015fa6       sf_mex_destroy             0000000180016fa6 f   sf_runtime:sf_runtime.dll
 0001:00015fac       sf_mex_import              0000000180016fac f   sf_runtime:sf_runtime.dll
 0001:00015fb2       sf_mex_decode_encoded_mx_struct_array 0000000180016fb2 f   sf_runtime:sf_runtime.dll
 0001:00015fb8       ssGetInputPortSignal_wrapper 0000000180016fb8 f   sf_runtime:sf_runtime.dll
 0001:00015fbe       ssGetOutputPortSignal_wrapper 0000000180016fbe f   sf_runtime:sf_runtime.dll
 0001:00015fc4       sf_eml_array_bounds_check  0000000180016fc4 f   sf_runtime:sf_runtime.dll
 0001:00015fca       sf_integer_check           0000000180016fca f   sf_runtime:sf_runtime.dll
 0001:00015fd0       sf_debug_initialize_chart  0000000180016fd0 f   sf_runtime:sf_runtime.dll
 0001:00015fd6       sf_debug_call              0000000180016fd6 f   sf_runtime:sf_runtime.dll
 0001:00015fdc       eml_debug_line_call        0000000180016fdc f   sf_runtime:sf_runtime.dll
 0001:00015fe2       cv_eml_eval                0000000180016fe2 f   sf_runtime:sf_runtime.dll
 0001:00015fe8       cv_eml_init_script         0000000180016fe8 f   sf_runtime:sf_runtime.dll
 0001:00015fee       cv_eml_init_fcn            0000000180016fee f   sf_runtime:sf_runtime.dll
 0001:00015ff4       sf_debug_reset_current_state_configuration 0000000180016ff4 f   sf_runtime:sf_runtime.dll
 0001:00015ffa       sf_debug_check_for_state_inconsistency 0000000180016ffa f   sf_runtime:sf_runtime.dll
 0001:00016000       sf_debug_set_chart_data_props 0000000180017000 f   sf_runtime:sf_runtime.dll
 0001:00016006       sf_debug_set_chart_data_compiled_props 0000000180017006 f   sf_runtime:sf_runtime.dll
 0001:0001600c       sf_debug_symbol_scope_push 000000018001700c f   sf_runtime:sf_runtime.dll
 0001:00016012       sf_debug_symbol_scope_push_eml 0000000180017012 f   sf_runtime:sf_runtime.dll
 0001:00016018       sf_debug_symbol_scope_pop  0000000180017018 f   sf_runtime:sf_runtime.dll
 0001:0001601e       sf_debug_symbol_scope_add_eml 000000018001701e f   sf_runtime:sf_runtime.dll
 0001:00016024       sf_debug_symbol_scope_add_eml_importable 0000000180017024 f   sf_runtime:sf_runtime.dll
 0001:0001602a       sf_debug_set_instance_data_value_ptr 000000018001702a f   sf_runtime:sf_runtime.dll
 0001:00016030       sf_debug_set_chart_disable_implicit_casting 0000000180017030 f   sf_runtime:sf_runtime.dll
 0001:00016036       sf_debug_set_chart_event_thresholds 0000000180017036 f   sf_runtime:sf_runtime.dll
 0001:0001603c       sf_debug_set_chart_state_info 000000018001703c f   sf_runtime:sf_runtime.dll
 0001:00016042       sf_debug_set_chart_decomposition 0000000180017042 f   sf_runtime:sf_runtime.dll
 0001:00016048       sf_debug_set_chart_substate_count 0000000180017048 f   sf_runtime:sf_runtime.dll
 0001:0001604e       sf_debug_data_range_wrapper 000000018001704e f   sf_runtime:sf_runtime.dll
 0001:00016054       sf_debug_cv_init_trans     0000000180017054 f   sf_runtime:sf_runtime.dll
 0001:0001605a       sf_debug_cv_init_chart     000000018001705a f   sf_runtime:sf_runtime.dll
 0001:00016060       sf_debug_cv_init_state     0000000180017060 f   sf_runtime:sf_runtime.dll
 0001:00016066       cv_eval_relational         0000000180017066 f   sf_runtime:sf_runtime.dll
 0001:0001606c       cv_eml_init_if             000000018001706c f   sf_runtime:sf_runtime.dll
 0001:00016072       cv_eml_init_mcdc           0000000180017072 f   sf_runtime:sf_runtime.dll
 0001:00016078       cv_eml_init_relational     0000000180017078 f   sf_runtime:sf_runtime.dll
 0001:0001607e       sf_get_ChartInfoStruct_CodeGen 000000018001707e f   sf_runtime:sf_runtime.dll
 0001:00016084       sf_get_hasSeparateUpdateOutputs 0000000180017084 f   sf_runtime:sf_runtime.dll
 0001:0001608a       callMdlMethodAndReportError 000000018001708a f   sf_runtime:sf_runtime.dll
 0001:00016090       call_sf_machine_global_method_dispatcher 0000000180017090 f   sf_runtime:sf_runtime.dll
 0001:00016096       getRuntimeInstanceInfoAsVoid 0000000180017096 f   sf_runtime:sf_runtime.dll
 0001:0001609c       sf_mex_error_direct_call   000000018001709c f   sf_runtime:sf_runtime.dll
 0001:000160a2       sf_clear_error_manager_info 00000001800170a2 f   sf_runtime:sf_runtime.dll
 0001:000160a8       sf_debug_create_debug_instance_struct 00000001800170a8 f   sf_runtime:sf_runtime.dll
 0001:000160ae       sf_debug_terminate         00000001800170ae f   sf_runtime:sf_runtime.dll
 0001:000160b4       sf_debug_api               00000001800170b4 f   sf_runtime:sf_runtime.dll
 0001:000160ba       mxIsChar                   00000001800170ba f   libmx:libmx.dll
 0001:000160c0       mxGetPr                    00000001800170c0 f   libmx:libmx.dll
 0001:000160c6       mxGetScalar                00000001800170c6 f   libmx:libmx.dll
 0001:000160cc       mxDestroyArray             00000001800170cc f   libmx:libmx.dll
 0001:000160d2       mxCreateDoubleMatrix_730   00000001800170d2 f   libmx:libmx.dll
 0001:000160d8       mxGetString_730            00000001800170d8 f   libmx:libmx.dll
 0001:000160de       mxDuplicateArray           00000001800170de f   libmx:libmx.dll
 0001:000160e4       mxSetField_730             00000001800170e4 f   libmx:libmx.dll
 0001:000160ea       mxCreateDoubleScalar       00000001800170ea f   libmx:libmx.dll
 0001:000160f0       mxCreateString             00000001800170f0 f   libmx:libmx.dll
 0001:000160f6       mxCreateCellMatrix_730     00000001800170f6 f   libmx:libmx.dll
 0001:000160fc       mxCreateCellArray_730      00000001800170fc f   libmx:libmx.dll
 0001:00016102       mxCreateStructMatrix_730   0000000180017102 f   libmx:libmx.dll
 0001:00016108       mxCreateStructArray_730    0000000180017108 f   libmx:libmx.dll
 0001:0001610e       mxCalloc                   000000018001710e f   libmx:libmx.dll
 0001:00016114       mxGetM                     0000000180017114 f   libmx:libmx.dll
 0001:0001611a       mxGetClassID               000000018001711a f   libmx:libmx.dll
 0001:00016120       mxIsNumeric                0000000180017120 f   libmx:libmx.dll
 0001:00016126       mxIsComplex                0000000180017126 f   libmx:libmx.dll
 0001:0001612c       mxGetN                     000000018001712c f   libmx:libmx.dll
 0001:00016132       mexMakeArrayPersistent     0000000180017132 f   libmex:libmex.dll
 0001:00016138       mexErrMsgTxt               0000000180017138 f   libmex:libmex.dll
 0001:0001613e       mexWarnMsgTxt              000000018001713e f   libmex:libmex.dll
 0001:00016144       mexCallMATLABWithObject    0000000180017144 f   libmex:libmex.dll
 0001:0001614a       mexLock                    000000018001714a f   libmex:libmex.dll
 0001:00016150       mexUnlock                  0000000180017150 f   libmex:libmex.dll
 0001:00016156       mexIsLocked                0000000180017156 f   libmex:libmex.dll
 0001:0001615c       utMalloc                   000000018001715c f   libut:libut.dll
 0001:00016162       utFree                     0000000180017162 f   libut:libut.dll
 0001:00016168       __raise_securityfailure    0000000180017168 f   MSVCRT:gs_report.obj
 0001:0001619c       __report_gsfailure         000000018001719c f   MSVCRT:gs_report.obj
 0001:00016270       __report_rangecheckfailure 0000000180017270 f   MSVCRT:gs_report.obj
 0001:00016284       __report_securityfailure   0000000180017284 f   MSVCRT:gs_report.obj
 0001:00016320       __report_securityfailureEx 0000000180017320 f   MSVCRT:gs_report.obj
 0001:00016514       __GSHandlerCheck           0000000180017514 f   MSVCRT:_gshandler_.obj
 0001:00016534       __GSHandlerCheckCommon     0000000180017534 f   MSVCRT:_gshandler_.obj
 0001:000165a0       __security_check_cookie    00000001800175a0 f   MSVCRT:_amdsecgs_.obj
 0001:000165e0       _alloca_probe              00000001800175e0 f   MSVCRT:_chkstk_.obj
 0001:000165e0       __chkstk                   00000001800175e0 f   MSVCRT:_chkstk_.obj
 0001:00016990       _CRT_INIT                  0000000180017990 f   MSVCRT:dll_dllmain.obj
 0001:00016998       _DllMainCRTStartup         0000000180017998 f   MSVCRT:dll_dllmain.obj
 0001:000169d8       ??$__crt_fast_decode_pointer@PEAP6AXXZ@@YAPEAP6AXXZQEAP6AXXZ@Z 00000001800179d8 f i MSVCRT:utility.obj
 0001:000169f0       ??$__crt_fast_encode_pointer@PEAP6AXXZ@@YAPEAP6AXXZQEAP6AXXZ@Z 00000001800179f0 f i MSVCRT:utility.obj
 0001:00016a10       ?__crt_rotate_pointer_value@@YA_K_KH@Z 0000000180017a10 f i MSVCRT:utility.obj
 0001:00016a98       NtCurrentTeb               0000000180017a98 f i MSVCRT:utility.obj
 0001:00016aa4       __scrt_acquire_startup_lock 0000000180017aa4 f   MSVCRT:utility.obj
 0001:00016ae0       __scrt_dllmain_after_initialize_c 0000000180017ae0 f   MSVCRT:utility.obj
 0001:00016b00       __scrt_dllmain_before_initialize_c 0000000180017b00 f   MSVCRT:utility.obj
 0001:00016b18       __scrt_dllmain_crt_thread_attach 0000000180017b18 f   MSVCRT:utility.obj
 0001:00016b40       __scrt_dllmain_crt_thread_detach 0000000180017b40 f   MSVCRT:utility.obj
 0001:00016b58       __scrt_dllmain_exception_filter 0000000180017b58 f   MSVCRT:utility.obj
 0001:00016bbc       __scrt_dllmain_uninitialize_c 0000000180017bbc f   MSVCRT:utility.obj
 0001:00016bec       __scrt_dllmain_uninitialize_critical 0000000180017bec f   MSVCRT:utility.obj
 0001:00016c00       __scrt_initialize_crt      0000000180017c00 f   MSVCRT:utility.obj
 0001:00016c4c       __scrt_initialize_onexit_tables 0000000180017c4c f   MSVCRT:utility.obj
 0001:00016d18       __scrt_is_nonwritable_in_current_image 0000000180017d18 f   MSVCRT:utility.obj
 0001:00016db4       __scrt_release_startup_lock 0000000180017db4 f   MSVCRT:utility.obj
 0001:00016dd8       __scrt_uninitialize_crt    0000000180017dd8 f   MSVCRT:utility.obj
 0001:00016e04       _onexit                    0000000180017e04 f   MSVCRT:utility.obj
 0001:00016e54       at_quick_exit              0000000180017e54 f   MSVCRT:utility.obj
 0001:00016e8c       atexit                     0000000180017e8c f   MSVCRT:utility.obj
 0001:00016ea4       __security_init_cookie     0000000180017ea4 f   MSVCRT:gs_support.obj
 0001:00016f50       DllMain                    0000000180017f50 f   MSVCRT:dll_dllmain_stub.obj
 0001:00016f74       ?__scrt_initialize_type_info@@YAXXZ 0000000180017f74 f   MSVCRT:tncleanup.obj
 0001:00016f84       ?__scrt_uninitialize_type_info@@YAXXZ 0000000180017f84 f   MSVCRT:tncleanup.obj
 0001:00016f90       __local_stdio_scanf_options 0000000180017f90 f i MSVCRT:default_local_stdio_options.obj
 0001:00016f98       __scrt_initialize_default_local_stdio_options 0000000180017f98 f   MSVCRT:default_local_stdio_options.obj
 0001:00016fb4       __scrt_get_dyn_tls_init_callback 0000000180017fb4 f   MSVCRT:dyn_tls_init.obj
 0001:00016fbc       __crt_debugger_hook        0000000180017fbc f   MSVCRT:utility_desktop.obj
 0001:00016fc4       __scrt_fastfail            0000000180017fc4 f   MSVCRT:utility_desktop.obj
 0001:0001710c       __scrt_get_show_window_mode 000000018001810c f   MSVCRT:utility_desktop.obj
 0001:0001714c       __scrt_initialize_winrt    000000018001814c f   MSVCRT:utility_desktop.obj
 0001:00017150       __scrt_is_managed_app      0000000180018150 f   MSVCRT:utility_desktop.obj
 0001:000171a4       __scrt_set_unhandled_exception_filter 00000001800181a4 f   MSVCRT:utility_desktop.obj
 0001:000171b4       __scrt_unhandled_exception_filter 00000001800181b4 f   MSVCRT:utility_desktop.obj
 0001:000171ec       _RTC_Initialize            00000001800181ec f   MSVCRT:_initsect_.obj
 0001:00017238       _RTC_Terminate             0000000180018238 f   MSVCRT:_initsect_.obj
 0001:00017284       _guard_check_icall         0000000180018284 f i MSVCRT:checkcfg.obj
 0001:0001728c       __isa_available_init       000000018001828c f   MSVCRT:_cpu_disp_.obj
 0001:00017450       __scrt_is_ucrt_dll_in_use  0000000180018450 f   MSVCRT:ucrt_detection.obj
 0001:0001745c       _guard_check_icall_nop     000000018001845c f i MSVCRT:guard_support.obj
 0001:00017460       _guard_icall_checks_enforced 0000000180018460 f i MSVCRT:guard_support.obj
 0001:00017480       RtlCaptureContext          0000000180018480 f   kernel32:KERNEL32.dll
 0001:00017486       RtlLookupFunctionEntry     0000000180018486 f   kernel32:KERNEL32.dll
 0001:0001748c       RtlVirtualUnwind           000000018001848c f   kernel32:KERNEL32.dll
 0001:00017492       UnhandledExceptionFilter   0000000180018492 f   kernel32:KERNEL32.dll
 0001:00017498       SetUnhandledExceptionFilter 0000000180018498 f   kernel32:KERNEL32.dll
 0001:0001749e       GetCurrentProcess          000000018001849e f   kernel32:KERNEL32.dll
 0001:000174a4       TerminateProcess           00000001800184a4 f   kernel32:KERNEL32.dll
 0001:000174aa       IsProcessorFeaturePresent  00000001800184aa f   kernel32:KERNEL32.dll
 0001:000174b0       QueryPerformanceCounter    00000001800184b0 f   kernel32:KERNEL32.dll
 0001:000174b6       GetCurrentProcessId        00000001800184b6 f   kernel32:KERNEL32.dll
 0001:000174bc       GetCurrentThreadId         00000001800184bc f   kernel32:KERNEL32.dll
 0001:000174c2       GetSystemTimeAsFileTime    00000001800184c2 f   kernel32:KERNEL32.dll
 0001:000174c8       DisableThreadLibraryCalls  00000001800184c8 f   kernel32:KERNEL32.dll
 0001:000174ce       InitializeSListHead        00000001800184ce f   kernel32:KERNEL32.dll
 0001:000174d4       IsDebuggerPresent          00000001800184d4 f   kernel32:KERNEL32.dll
 0001:000174da       GetStartupInfoW            00000001800184da f   kernel32:KERNEL32.dll
 0001:000174e0       GetModuleHandleW           00000001800184e0 f   kernel32:KERNEL32.dll
 0001:000174e6       memset                     00000001800184e6 f   vcruntime:VCRUNTIME140.dll
 0001:000174ec       memcpy                     00000001800184ec f   vcruntime:VCRUNTIME140.dll
 0001:000174f2       __telemetry_main_invoke_trigger 00000001800184f2 f   vcruntime:VCRUNTIME140.dll
 0001:000174f8       __telemetry_main_return_trigger 00000001800184f8 f   vcruntime:VCRUNTIME140.dll
 0001:000174fe       __C_specific_handler       00000001800184fe f   vcruntime:VCRUNTIME140.dll
 0001:00017504       __std_type_info_destroy_list 0000000180018504 f   vcruntime:VCRUNTIME140.dll
 0001:0001750a       strcmp                     000000018001850a f   ucrt:api-ms-win-crt-string-l1-1-0.dll
 0001:00017510       __stdio_common_vsprintf    0000000180018510 f   ucrt:api-ms-win-crt-stdio-l1-1-0.dll
 0001:00017516       free                       0000000180018516 f   ucrt:api-ms-win-crt-heap-l1-1-0.dll
 0001:0001751c       malloc                     000000018001851c f   ucrt:api-ms-win-crt-heap-l1-1-0.dll
 0001:00017522       strlen                     0000000180018522 f   ucrt:api-ms-win-crt-string-l1-1-0.dll
 0001:00017528       _initterm                  0000000180018528 f   ucrt:api-ms-win-crt-runtime-l1-1-0.dll
 0001:0001752e       _initterm_e                000000018001852e f   ucrt:api-ms-win-crt-runtime-l1-1-0.dll
 0001:00017534       _seh_filter_dll            0000000180018534 f   ucrt:api-ms-win-crt-runtime-l1-1-0.dll
 0001:0001753a       _initialize_narrow_environment 000000018001853a f   ucrt:api-ms-win-crt-runtime-l1-1-0.dll
 0001:00017540       _initialize_onexit_table   0000000180018540 f   ucrt:api-ms-win-crt-runtime-l1-1-0.dll
 0001:00017546       _register_onexit_function  0000000180018546 f   ucrt:api-ms-win-crt-runtime-l1-1-0.dll
 0001:0001754c       _execute_onexit_table      000000018001854c f   ucrt:api-ms-win-crt-runtime-l1-1-0.dll
 0001:00017552       _crt_atexit                0000000180018552 f   ucrt:api-ms-win-crt-runtime-l1-1-0.dll
 0001:00017558       _crt_at_quick_exit         0000000180018558 f   ucrt:api-ms-win-crt-runtime-l1-1-0.dll
 0001:0001755e       _cexit                     000000018001855e f   ucrt:api-ms-win-crt-runtime-l1-1-0.dll
 0001:00017564       terminate                  0000000180018564 f   ucrt:api-ms-win-crt-runtime-l1-1-0.dll
 0001:0001756c       __vcrt_initialize          000000018001856c f   MSVCRT:ucrt_stubs.obj
 0001:0001756c       __acrt_initialize          000000018001856c f   MSVCRT:ucrt_stubs.obj
 0001:0001756c       __scrt_stub_for_acrt_initialize 000000018001856c f   MSVCRT:ucrt_stubs.obj
 0001:00017570       __vcrt_thread_attach       0000000180018570 f   MSVCRT:ucrt_stubs.obj
 0001:00017570       __scrt_stub_for_acrt_thread_attach 0000000180018570 f   MSVCRT:ucrt_stubs.obj
 0001:00017570       __acrt_thread_attach       0000000180018570 f   MSVCRT:ucrt_stubs.obj
 0001:00017574       __acrt_thread_detach       0000000180018574 f   MSVCRT:ucrt_stubs.obj
 0001:00017574       __scrt_stub_for_acrt_thread_detach 0000000180018574 f   MSVCRT:ucrt_stubs.obj
 0001:00017574       __vcrt_thread_detach       0000000180018574 f   MSVCRT:ucrt_stubs.obj
 0001:00017578       __scrt_stub_for_acrt_uninitialize 0000000180018578 f   MSVCRT:ucrt_stubs.obj
 0001:00017578       __vcrt_uninitialize        0000000180018578 f   MSVCRT:ucrt_stubs.obj
 0001:00017578       __acrt_uninitialize        0000000180018578 f   MSVCRT:ucrt_stubs.obj
 0001:0001757c       __scrt_stub_for_acrt_uninitialize_critical 000000018001857c f   MSVCRT:ucrt_stubs.obj
 0001:0001757c       __vcrt_uninitialize_critical 000000018001857c f   MSVCRT:ucrt_stubs.obj
 0001:0001757c       __acrt_uninitialize_critical 000000018001857c f   MSVCRT:ucrt_stubs.obj
 0001:00017580       __scrt_stub_for_is_c_termination_complete 0000000180018580 f   MSVCRT:ucrt_stubs.obj
 0001:00017580       _is_c_termination_complete 0000000180018580 f   MSVCRT:ucrt_stubs.obj
 0001:000175a0       _guard_dispatch_icall_nop  00000001800185a0 f   MSVCRT:_guard_dispatch_.obj
 0002:00000000       __imp_GetCurrentProcess    0000000180019000     kernel32:KERNEL32.dll
 0002:00000008       __imp_TerminateProcess     0000000180019008     kernel32:KERNEL32.dll
 0002:00000010       __imp_RtlCaptureContext    0000000180019010     kernel32:KERNEL32.dll
 0002:00000018       __imp_RtlLookupFunctionEntry 0000000180019018     kernel32:KERNEL32.dll
 0002:00000020       __imp_IsProcessorFeaturePresent 0000000180019020     kernel32:KERNEL32.dll
 0002:00000028       __imp_QueryPerformanceCounter 0000000180019028     kernel32:KERNEL32.dll
 0002:00000030       __imp_GetCurrentProcessId  0000000180019030     kernel32:KERNEL32.dll
 0002:00000038       __imp_GetCurrentThreadId   0000000180019038     kernel32:KERNEL32.dll
 0002:00000040       __imp_GetSystemTimeAsFileTime 0000000180019040     kernel32:KERNEL32.dll
 0002:00000048       __imp_DisableThreadLibraryCalls 0000000180019048     kernel32:KERNEL32.dll
 0002:00000050       __imp_InitializeSListHead  0000000180019050     kernel32:KERNEL32.dll
 0002:00000058       __imp_IsDebuggerPresent    0000000180019058     kernel32:KERNEL32.dll
 0002:00000060       __imp_GetStartupInfoW      0000000180019060     kernel32:KERNEL32.dll
 0002:00000068       __imp_GetModuleHandleW     0000000180019068     kernel32:KERNEL32.dll
 0002:00000070       __imp_RtlVirtualUnwind     0000000180019070     kernel32:KERNEL32.dll
 0002:00000078       __imp_UnhandledExceptionFilter 0000000180019078     kernel32:KERNEL32.dll
 0002:00000080       __imp_SetUnhandledExceptionFilter 0000000180019080     kernel32:KERNEL32.dll
 0002:00000088       \177KERNEL32_NULL_THUNK_DATA 0000000180019088     kernel32:KERNEL32.dll
 0002:00000090       __imp_memcpy               0000000180019090     vcruntime:VCRUNTIME140.dll
 0002:00000098       __imp___telemetry_main_invoke_trigger 0000000180019098     vcruntime:VCRUNTIME140.dll
 0002:000000a0       __imp___std_type_info_destroy_list 00000001800190a0     vcruntime:VCRUNTIME140.dll
 0002:000000a8       __imp___C_specific_handler 00000001800190a8     vcruntime:VCRUNTIME140.dll
 0002:000000b0       __imp___telemetry_main_return_trigger 00000001800190b0     vcruntime:VCRUNTIME140.dll
 0002:000000b8       __imp_memset               00000001800190b8     vcruntime:VCRUNTIME140.dll
 0002:000000c0       \177VCRUNTIME140_NULL_THUNK_DATA 00000001800190c0     vcruntime:VCRUNTIME140.dll
 0002:000000c8       __imp_malloc               00000001800190c8     ucrt:api-ms-win-crt-heap-l1-1-0.dll
 0002:000000d0       __imp_free                 00000001800190d0     ucrt:api-ms-win-crt-heap-l1-1-0.dll
 0002:000000d8       \177api-ms-win-crt-heap-l1-1-0_NULL_THUNK_DATA 00000001800190d8     ucrt:api-ms-win-crt-heap-l1-1-0.dll
 0002:000000e0       __imp__initterm_e          00000001800190e0     ucrt:api-ms-win-crt-runtime-l1-1-0.dll
 0002:000000e8       __imp__seh_filter_dll      00000001800190e8     ucrt:api-ms-win-crt-runtime-l1-1-0.dll
 0002:000000f0       __imp__initialize_narrow_environment 00000001800190f0     ucrt:api-ms-win-crt-runtime-l1-1-0.dll
 0002:000000f8       __imp__initialize_onexit_table 00000001800190f8     ucrt:api-ms-win-crt-runtime-l1-1-0.dll
 0002:00000100       __imp__initterm            0000000180019100     ucrt:api-ms-win-crt-runtime-l1-1-0.dll
 0002:00000108       __imp__execute_onexit_table 0000000180019108     ucrt:api-ms-win-crt-runtime-l1-1-0.dll
 0002:00000110       __imp__crt_atexit          0000000180019110     ucrt:api-ms-win-crt-runtime-l1-1-0.dll
 0002:00000118       __imp__crt_at_quick_exit   0000000180019118     ucrt:api-ms-win-crt-runtime-l1-1-0.dll
 0002:00000120       __imp__cexit               0000000180019120     ucrt:api-ms-win-crt-runtime-l1-1-0.dll
 0002:00000128       __imp_terminate            0000000180019128     ucrt:api-ms-win-crt-runtime-l1-1-0.dll
 0002:00000130       __imp__register_onexit_function 0000000180019130     ucrt:api-ms-win-crt-runtime-l1-1-0.dll
 0002:00000138       \177api-ms-win-crt-runtime-l1-1-0_NULL_THUNK_DATA 0000000180019138     ucrt:api-ms-win-crt-runtime-l1-1-0.dll
 0002:00000140       __imp___stdio_common_vsprintf 0000000180019140     ucrt:api-ms-win-crt-stdio-l1-1-0.dll
 0002:00000148       \177api-ms-win-crt-stdio-l1-1-0_NULL_THUNK_DATA 0000000180019148     ucrt:api-ms-win-crt-stdio-l1-1-0.dll
 0002:00000150       __imp_strlen               0000000180019150     ucrt:api-ms-win-crt-string-l1-1-0.dll
 0002:00000158       __imp_strcmp               0000000180019158     ucrt:api-ms-win-crt-string-l1-1-0.dll
 0002:00000160       \177api-ms-win-crt-string-l1-1-0_NULL_THUNK_DATA 0000000180019160     ucrt:api-ms-win-crt-string-l1-1-0.dll
 0002:00000168       __imp_mexIsLocked          0000000180019168     libmex:libmex.dll
 0002:00000170       __imp_mexUnlock            0000000180019170     libmex:libmex.dll
 0002:00000178       __imp_mexLock              0000000180019178     libmex:libmex.dll
 0002:00000180       __imp_mexCallMATLABWithObject 0000000180019180     libmex:libmex.dll
 0002:00000188       __imp_mexWarnMsgTxt        0000000180019188     libmex:libmex.dll
 0002:00000190       __imp_mexErrMsgTxt         0000000180019190     libmex:libmex.dll
 0002:00000198       __imp_mexMakeArrayPersistent 0000000180019198     libmex:libmex.dll
 0002:000001a0       \177libmex_NULL_THUNK_DATA 00000001800191a0     libmex:libmex.dll
 0002:000001a8       __imp_mxGetN               00000001800191a8     libmx:libmx.dll
 0002:000001b0       __imp_mxIsComplex          00000001800191b0     libmx:libmx.dll
 0002:000001b8       __imp_mxIsNumeric          00000001800191b8     libmx:libmx.dll
 0002:000001c0       __imp_mxGetClassID         00000001800191c0     libmx:libmx.dll
 0002:000001c8       __imp_mxGetM               00000001800191c8     libmx:libmx.dll
 0002:000001d0       __imp_mxCalloc             00000001800191d0     libmx:libmx.dll
 0002:000001d8       __imp_mxCreateStructArray_730 00000001800191d8     libmx:libmx.dll
 0002:000001e0       __imp_mxCreateStructMatrix_730 00000001800191e0     libmx:libmx.dll
 0002:000001e8       __imp_mxCreateCellArray_730 00000001800191e8     libmx:libmx.dll
 0002:000001f0       __imp_mxCreateCellMatrix_730 00000001800191f0     libmx:libmx.dll
 0002:000001f8       __imp_mxCreateString       00000001800191f8     libmx:libmx.dll
 0002:00000200       __imp_mxCreateDoubleScalar 0000000180019200     libmx:libmx.dll
 0002:00000208       __imp_mxSetField_730       0000000180019208     libmx:libmx.dll
 0002:00000210       __imp_mxDuplicateArray     0000000180019210     libmx:libmx.dll
 0002:00000218       __imp_mxGetString_730      0000000180019218     libmx:libmx.dll
 0002:00000220       __imp_mxCreateDoubleMatrix_730 0000000180019220     libmx:libmx.dll
 0002:00000228       __imp_mxDestroyArray       0000000180019228     libmx:libmx.dll
 0002:00000230       __imp_mxGetScalar          0000000180019230     libmx:libmx.dll
 0002:00000238       __imp_mxGetPr              0000000180019238     libmx:libmx.dll
 0002:00000240       __imp_mxIsChar             0000000180019240     libmx:libmx.dll
 0002:00000248       \177libmx_NULL_THUNK_DATA  0000000180019248     libmx:libmx.dll
 0002:00000250       __imp_utMalloc             0000000180019250     libut:libut.dll
 0002:00000258       __imp_utFree               0000000180019258     libut:libut.dll
 0002:00000260       \177libut_NULL_THUNK_DATA  0000000180019260     libut:libut.dll
 0002:00000268       __imp_sf_debug_create_debug_instance_struct 0000000180019268     sf_runtime:sf_runtime.dll
 0002:00000270       __imp_sf_clear_error_manager_info 0000000180019270     sf_runtime:sf_runtime.dll
 0002:00000278       __imp_sf_mex_error_direct_call 0000000180019278     sf_runtime:sf_runtime.dll
 0002:00000280       __imp_getRuntimeInstanceInfoAsVoid 0000000180019280     sf_runtime:sf_runtime.dll
 0002:00000288       __imp_call_sf_machine_global_method_dispatcher 0000000180019288     sf_runtime:sf_runtime.dll
 0002:00000290       __imp_callMdlMethodAndReportError 0000000180019290     sf_runtime:sf_runtime.dll
 0002:00000298       __imp_sf_get_hasSeparateUpdateOutputs 0000000180019298     sf_runtime:sf_runtime.dll
 0002:000002a0       __imp_sf_get_ChartInfoStruct_CodeGen 00000001800192a0     sf_runtime:sf_runtime.dll
 0002:000002a8       __imp_cv_eml_init_relational 00000001800192a8     sf_runtime:sf_runtime.dll
 0002:000002b0       __imp_cv_eml_init_mcdc     00000001800192b0     sf_runtime:sf_runtime.dll
 0002:000002b8       __imp_cv_eml_init_if       00000001800192b8     sf_runtime:sf_runtime.dll
 0002:000002c0       __imp_cv_eval_relational   00000001800192c0     sf_runtime:sf_runtime.dll
 0002:000002c8       __imp_sf_debug_cv_init_state 00000001800192c8     sf_runtime:sf_runtime.dll
 0002:000002d0       __imp_sf_debug_cv_init_chart 00000001800192d0     sf_runtime:sf_runtime.dll
 0002:000002d8       __imp_sf_debug_data_range_wrapper 00000001800192d8     sf_runtime:sf_runtime.dll
 0002:000002e0       __imp_sf_debug_set_chart_substate_count 00000001800192e0     sf_runtime:sf_runtime.dll
 0002:000002e8       __imp_sf_debug_set_chart_decomposition 00000001800192e8     sf_runtime:sf_runtime.dll
 0002:000002f0       __imp_sf_debug_set_chart_state_info 00000001800192f0     sf_runtime:sf_runtime.dll
 0002:000002f8       __imp_sf_debug_set_chart_event_thresholds 00000001800192f8     sf_runtime:sf_runtime.dll
 0002:00000300       __imp_sf_debug_set_chart_disable_implicit_casting 0000000180019300     sf_runtime:sf_runtime.dll
 0002:00000308       __imp_sf_debug_set_instance_data_value_ptr 0000000180019308     sf_runtime:sf_runtime.dll
 0002:00000310       __imp_sf_debug_symbol_scope_add_eml_importable 0000000180019310     sf_runtime:sf_runtime.dll
 0002:00000318       __imp_sf_debug_symbol_scope_add_eml 0000000180019318     sf_runtime:sf_runtime.dll
 0002:00000320       __imp_sf_debug_symbol_scope_pop 0000000180019320     sf_runtime:sf_runtime.dll
 0002:00000328       __imp_sf_debug_symbol_scope_push_eml 0000000180019328     sf_runtime:sf_runtime.dll
 0002:00000330       __imp_sf_debug_symbol_scope_push 0000000180019330     sf_runtime:sf_runtime.dll
 0002:00000338       __imp_sf_debug_set_chart_data_compiled_props 0000000180019338     sf_runtime:sf_runtime.dll
 0002:00000340       __imp_sf_debug_set_chart_data_props 0000000180019340     sf_runtime:sf_runtime.dll
 0002:00000348       __imp_sf_debug_api         0000000180019348     sf_runtime:sf_runtime.dll
 0002:00000350       __imp_sf_debug_cv_init_trans 0000000180019350     sf_runtime:sf_runtime.dll
 0002:00000358       __imp_sf_debug_terminate   0000000180019358     sf_runtime:sf_runtime.dll
 0002:00000360       __imp_sf_debug_check_for_state_inconsistency 0000000180019360     sf_runtime:sf_runtime.dll
 0002:00000368       __imp_sf_debug_reset_current_state_configuration 0000000180019368     sf_runtime:sf_runtime.dll
 0002:00000370       __imp_cv_eml_init_fcn      0000000180019370     sf_runtime:sf_runtime.dll
 0002:00000378       __imp_cv_eml_init_script   0000000180019378     sf_runtime:sf_runtime.dll
 0002:00000380       __imp_cv_eml_eval          0000000180019380     sf_runtime:sf_runtime.dll
 0002:00000388       __imp_eml_debug_line_call  0000000180019388     sf_runtime:sf_runtime.dll
 0002:00000390       __imp_sf_debug_call        0000000180019390     sf_runtime:sf_runtime.dll
 0002:00000398       __imp_sf_debug_initialize_chart 0000000180019398     sf_runtime:sf_runtime.dll
 0002:000003a0       __imp_sf_integer_check     00000001800193a0     sf_runtime:sf_runtime.dll
 0002:000003a8       __imp_sf_eml_array_bounds_check 00000001800193a8     sf_runtime:sf_runtime.dll
 0002:000003b0       __imp_ssGetOutputPortSignal_wrapper 00000001800193b0     sf_runtime:sf_runtime.dll
 0002:000003b8       __imp_ssGetInputPortSignal_wrapper 00000001800193b8     sf_runtime:sf_runtime.dll
 0002:000003c0       __imp_sf_mex_decode_encoded_mx_struct_array 00000001800193c0     sf_runtime:sf_runtime.dll
 0002:000003c8       __imp_sf_mex_import        00000001800193c8     sf_runtime:sf_runtime.dll
 0002:000003d0       __imp_sf_mex_destroy       00000001800193d0     sf_runtime:sf_runtime.dll
 0002:000003d8       __imp_sf_mex_dup           00000001800193d8     sf_runtime:sf_runtime.dll
 0002:000003e0       __imp_sf_mex_assign        00000001800193e0     sf_runtime:sf_runtime.dll
 0002:000003e8       __imp_sf_mex_getcell       00000001800193e8     sf_runtime:sf_runtime.dll
 0002:000003f0       __imp_sf_mex_setcell       00000001800193f0     sf_runtime:sf_runtime.dll
 0002:000003f8       __imp_sf_mex_createcellmatrix 00000001800193f8     sf_runtime:sf_runtime.dll
 0002:00000400       __imp_sf_mex_create        0000000180019400     sf_runtime:sf_runtime.dll
 0002:00000408       __imp_sf_mex_error_message 0000000180019408     sf_runtime:sf_runtime.dll
 0002:00000410       __imp_ssSetBlockIsPurelyCombinatorial_wrapper 0000000180019410     sf_runtime:sf_runtime.dll
 0002:00000418       __imp_sf_register_codegen_names_for_scoped_functions_defined_by_chart 0000000180019418     sf_runtime:sf_runtime.dll
 0002:00000420       __imp_sf_set_chart_accesses_machine_info 0000000180019420     sf_runtime:sf_runtime.dll
 0002:00000428       __imp_sf_is_first_init_cond 0000000180019428     sf_runtime:sf_runtime.dll
 0002:00000430       __imp_sf_get_time          0000000180019430     sf_runtime:sf_runtime.dll
 0002:00000438       __imp_sf_set_rtw_dwork_info 0000000180019438     sf_runtime:sf_runtime.dll
 0002:00000440       __imp_sf_clear_rtw_identifier 0000000180019440     sf_runtime:sf_runtime.dll
 0002:00000448       __imp_sim_mode_is_modelref_sim 0000000180019448     sf_runtime:sf_runtime.dll
 0002:00000450       __imp_sim_mode_is_external 0000000180019450     sf_runtime:sf_runtime.dll
 0002:00000458       __imp_sim_mode_is_rtw_gen  0000000180019458     sf_runtime:sf_runtime.dll
 0002:00000460       __imp_sf_mark_chart_expressionable_inputs 0000000180019460     sf_runtime:sf_runtime.dll
 0002:00000468       __imp_sf_mark_chart_reusable_outputs 0000000180019468     sf_runtime:sf_runtime.dll
 0002:00000470       __imp_sf_is_chart_inlinable 0000000180019470     sf_runtime:sf_runtime.dll
 0002:00000478       __imp_sf_update_buildInfo  0000000180019478     sf_runtime:sf_runtime.dll
 0002:00000480       __imp_sf_rtw_info_uint_prop 0000000180019480     sf_runtime:sf_runtime.dll
 0002:00000488       __imp_sf_get_chart_instance_ptr 0000000180019488     sf_runtime:sf_runtime.dll
 0002:00000490       __imp_sfrtGetEmlrtCtx      0000000180019490     sf_runtime:sf_runtime.dll
 0002:00000498       __imp_sf_free_ChartRunTimeInfo 0000000180019498     sf_runtime:sf_runtime.dll
 0002:000004a0       __imp_sf_init_ChartRunTimeInfo 00000001800194a0     sf_runtime:sf_runtime.dll
 0002:000004a8       __imp_sf_debug_set_machine_data_thresholds 00000001800194a8     sf_runtime:sf_runtime.dll
 0002:000004b0       __imp_sf_debug_set_machine_event_thresholds 00000001800194b0     sf_runtime:sf_runtime.dll
 0002:000004b8       __imp_sf_debug_initialize_machine 00000001800194b8     sf_runtime:sf_runtime.dll
 0002:000004c0       __imp_sf_load_rtw_optimization_info 00000001800194c0     sf_runtime:sf_runtime.dll
 0002:000004c8       \177sf_runtime_NULL_THUNK_DATA 00000001800194c8     sf_runtime:sf_runtime.dll
 0002:000004d0       __guard_check_icall_fptr   00000001800194d0     MSVCRT:guard_support.obj
 0002:000004d8       __guard_dispatch_icall_fptr 00000001800194d8     MSVCRT:guard_support.obj
 0002:000004e0       __xc_a                     00000001800194e0     MSVCRT:initializers.obj
 0002:000004e8       __xc_z                     00000001800194e8     MSVCRT:initializers.obj
 0002:000004f0       __xi_a                     00000001800194f0     MSVCRT:initializers.obj
 0002:000004f8       __xi_z                     00000001800194f8     MSVCRT:initializers.obj
 0002:00000500       __xp_a                     0000000180019500     MSVCRT:initializers.obj
 0002:00000508       __xp_z                     0000000180019508     MSVCRT:initializers.obj
 0002:00000510       __xt_a                     0000000180019510     MSVCRT:initializers.obj
 0002:00000518       __xt_z                     0000000180019518     MSVCRT:initializers.obj
 0002:00000520       __real@41a9462250000000    0000000180019520     CL_pi_testExecution_sfun.obj
 0002:00000528       __real@41c125ce6f000000    0000000180019528     CL_pi_testExecution_sfun.obj
 0002:00000530       __real@41d43e3f2a800000    0000000180019530     CL_pi_testExecution_sfun.obj
 0002:00000538       __real@41d4ac34fec00000    0000000180019538     CL_pi_testExecution_sfun.obj
 0002:00000540       __real@41dd38e263000000    0000000180019540     CL_pi_testExecution_sfun.obj
 0002:00000548       __real@41de7ea305000000    0000000180019548     CL_pi_testExecution_sfun.obj
 0002:00000550       __real@41def7b47dc00000    0000000180019550     CL_pi_testExecution_sfun.obj
 0002:00000558       __real@41df5593c8400000    0000000180019558     CL_pi_testExecution_sfun.obj
 0002:00000560       __real@41e0340524c00000    0000000180019560     CL_pi_testExecution_sfun.obj
 0002:00000568       __real@41e09af32ae00000    0000000180019568     CL_pi_testExecution_sfun.obj
 0002:00000570       __real@41e28ecc59600000    0000000180019570     CL_pi_testExecution_sfun.obj
 0002:00000578       __real@41e4b1bdbee00000    0000000180019578     CL_pi_testExecution_sfun.obj
 0002:00000580       __real@3ff0000000000000    0000000180019580     c3_CL_pi_testExecution.obj
 0002:00000588       __real@4000000000000000    0000000180019588     c3_CL_pi_testExecution.obj
 0002:00000590       __real@4008000000000000    0000000180019590     c3_CL_pi_testExecution.obj
 0002:00000598       __real@4010000000000000    0000000180019598     c3_CL_pi_testExecution.obj
 0002:000005a0       __real@4024000000000000    00000001800195a0     c3_CL_pi_testExecution.obj
 0002:000005a8       __real@4040000000000000    00000001800195a8     c3_CL_pi_testExecution.obj
 0002:000005b0       __real@405e000000000000    00000001800195b0     c3_CL_pi_testExecution.obj
 0002:000005b8       __real@41bc510daa000000    00000001800195b8     c3_CL_pi_testExecution.obj
 0002:000005c0       __real@41bc55b9b4000000    00000001800195c0     c3_CL_pi_testExecution.obj
 0002:000005c8       __real@41d7ebd8bc800000    00000001800195c8     c3_CL_pi_testExecution.obj
 0002:000005d0       __real@41df2d0d65400000    00000001800195d0     c3_CL_pi_testExecution.obj
 0002:000005d8       __real@4014000000000000    00000001800195d8     c4_CL_pi_testExecution.obj
 0002:000005e0       __real@4020000000000000    00000001800195e0     c4_CL_pi_testExecution.obj
 0002:000005e8       __real@41b2b0649e000000    00000001800195e8     c4_CL_pi_testExecution.obj
 0002:000005f0       __real@41c5e41027800000    00000001800195f0     c4_CL_pi_testExecution.obj
 0002:000005f8       __real@41caaf5fd6800000    00000001800195f8     c4_CL_pi_testExecution.obj
 0002:00000600       __real@41cd84f521800000    0000000180019600     c4_CL_pi_testExecution.obj
 0002:00000608       DYNAMIC_DIMENSION_DEF      0000000180019608     CL_pi_testExecution_sfun_registry.obj
 0002:00000620       __real@0000000000000000    0000000180019620     CL_pi_testExecution_sfun_registry.obj
 0002:00000628       __real@41602cbca0000000    0000000180019628     CL_pi_testExecution_sfun_registry.obj
 0002:00000630       __real@bff0000000000000    0000000180019630     CL_pi_testExecution_sfun_registry.obj
 0002:00000648       _pDefaultRawDllMain        0000000180019648     MSVCRT:dll_dllmain.obj
 0002:00000648       _pRawDllMain               0000000180019648     MSVCRT:dll_dllmain.obj
 0002:00000670       _load_config_used          0000000180019670     MSVCRT:loadcfg.obj
 0002:00000920       __rtc_iaa                  0000000180019920     MSVCRT:_initsect_.obj
 0002:00000928       __rtc_izz                  0000000180019928     MSVCRT:_initsect_.obj
 0002:00000930       __rtc_taa                  0000000180019930     MSVCRT:_initsect_.obj
 0002:00000938       __rtc_tzz                  0000000180019938     MSVCRT:_initsect_.obj
 0002:000013b4       __IMPORT_DESCRIPTOR_sf_runtime 000000018001a3b4     sf_runtime:sf_runtime.dll
 0002:000013c8       __IMPORT_DESCRIPTOR_libmx  000000018001a3c8     libmx:libmx.dll
 0002:000013dc       __IMPORT_DESCRIPTOR_libmex 000000018001a3dc     libmex:libmex.dll
 0002:000013f0       __IMPORT_DESCRIPTOR_libut  000000018001a3f0     libut:libut.dll
 0002:00001404       __IMPORT_DESCRIPTOR_KERNEL32 000000018001a404     kernel32:KERNEL32.dll
 0002:00001418       __IMPORT_DESCRIPTOR_VCRUNTIME140 000000018001a418     vcruntime:VCRUNTIME140.dll
 0002:0000142c       __IMPORT_DESCRIPTOR_api-ms-win-crt-string-l1-1-0 000000018001a42c     ucrt:api-ms-win-crt-string-l1-1-0.dll
 0002:00001440       __IMPORT_DESCRIPTOR_api-ms-win-crt-stdio-l1-1-0 000000018001a440     ucrt:api-ms-win-crt-stdio-l1-1-0.dll
 0002:00001454       __IMPORT_DESCRIPTOR_api-ms-win-crt-heap-l1-1-0 000000018001a454     ucrt:api-ms-win-crt-heap-l1-1-0.dll
 0002:00001468       __IMPORT_DESCRIPTOR_api-ms-win-crt-runtime-l1-1-0 000000018001a468     ucrt:api-ms-win-crt-runtime-l1-1-0.dll
 0002:0000147c       __NULL_IMPORT_DESCRIPTOR   000000018001a47c     sf_runtime:sf_runtime.dll
 0003:00003400       DYNAMIC_DIMENSION          000000018001f400     CL_pi_testExecution_sfun_registry.obj
 0003:00004070       __security_cookie          0000000180020070     MSVCRT:gs_cookie.obj
 0003:00004078       __security_cookie_complement 0000000180020078     MSVCRT:gs_cookie.obj
 0003:00004080       _fltused                   0000000180020080     MSVCRT:dllsupp.obj
 0003:00004090       __scrt_native_dllmain_reason 0000000180020090     MSVCRT:utility.obj
 0003:00004098       __isa_available            0000000180020098     MSVCRT:_cpu_disp_.obj
 0003:0000409c       __isa_enabled              000000018002009c     MSVCRT:_cpu_disp_.obj
 0003:000040a0       __memcpy_nt_iters          00000001800200a0     MSVCRT:_cpu_disp_.obj
 0003:000040b0       __scrt_ucrt_dll_is_in_use  00000001800200b0     MSVCRT:ucrt_stubs.obj
 0003:000040f0       sfGlobalDebugInstanceStruct 00000001800200f0     CL_pi_testExecution_sfun_registry.obj
 0003:00005678       __scrt_current_native_startup_state 0000000180021678     MSVCRT:utility.obj
 0003:00005680       __scrt_native_startup_lock 0000000180021680     MSVCRT:utility.obj
 0003:000056c0       ?__type_info_root_node@@3U__type_info_node@@A 00000001800216c0     MSVCRT:tncleanup.obj
 0003:000056d0       ?_OptionsStorage@?1??__local_stdio_printf_options@@9@4_KA 00000001800216d0     MSVCRT:default_local_stdio_options.obj
 0003:000056d8       ?_OptionsStorage@?1??__local_stdio_scanf_options@@9@4_KA 00000001800216d8     MSVCRT:default_local_stdio_options.obj
 0003:000056e0       __scrt_debugger_hook_flag  00000001800216e0     MSVCRT:utility_desktop.obj
 0003:000056e4       __favor                    00000001800216e4     MSVCRT:_cpu_disp_.obj
 0003:000056e8       ?_OptionsStorage@?1??__local_stdio_printf_options@@9@9 00000001800216e8     <common>
 0003:000056f0       _CL_pi_testExecutionMachineNumber_ 00000001800216f0     <common>
 0003:000056f8       __dyn_tls_init_callback    00000001800216f8     <common>

 entry point at        0001:00016998

 Static symbols

 0000:00000000       .debug$S                   0000000180000000     sf_runtime:sf_runtime.dll
 0000:00000000       .debug$S                   0000000180000000     CL_pi_testExecution_sfun.exp
 0000:00000000       .debug$S                   0000000180000000     sf_runtime:sf_runtime.dll
 0000:00000000       .debug$S                   0000000180000000     sf_runtime:sf_runtime.dll
 0000:00000000       .debug$S                   0000000180000000     sf_runtime:sf_runtime.dll
 0000:00000000       .debug$S                   0000000180000000     sf_runtime:sf_runtime.dll
 0000:00000000       .debug$S                   0000000180000000     sf_runtime:sf_runtime.dll
 0000:00000000       .debug$S                   0000000180000000     sf_runtime:sf_runtime.dll
 0000:00000000       .debug$S                   0000000180000000     ucrt:api-ms-win-crt-heap-l1-1-0.dll
 0000:00000000       .debug$S                   0000000180000000     ucrt:api-ms-win-crt-heap-l1-1-0.dll
 0000:00000000       .debug$S                   0000000180000000     ucrt:api-ms-win-crt-runtime-l1-1-0.dll
 0000:00000000       .debug$S                   0000000180000000     ucrt:api-ms-win-crt-runtime-l1-1-0.dll
 0000:00000000       .debug$S                   0000000180000000     ucrt:api-ms-win-crt-runtime-l1-1-0.dll
 0000:00000000       .debug$S                   0000000180000000     ucrt:api-ms-win-crt-runtime-l1-1-0.dll
 0000:00000000       .debug$S                   0000000180000000     ucrt:api-ms-win-crt-runtime-l1-1-0.dll
 0000:00000000       .debug$S                   0000000180000000     ucrt:api-ms-win-crt-runtime-l1-1-0.dll
 0000:00000000       .debug$S                   0000000180000000     ucrt:api-ms-win-crt-runtime-l1-1-0.dll
 0000:00000000       .debug$S                   0000000180000000     ucrt:api-ms-win-crt-runtime-l1-1-0.dll
 0000:00000000       .debug$S                   0000000180000000     ucrt:api-ms-win-crt-runtime-l1-1-0.dll
 0000:00000000       .debug$S                   0000000180000000     ucrt:api-ms-win-crt-runtime-l1-1-0.dll
 0000:00000000       .debug$S                   0000000180000000     ucrt:api-ms-win-crt-runtime-l1-1-0.dll
 0000:00000000       .debug$S                   0000000180000000     sf_runtime:sf_runtime.dll
 0000:00000000       .debug$S                   0000000180000000     ucrt:api-ms-win-crt-stdio-l1-1-0.dll
 0000:00000000       .debug$S                   0000000180000000     sf_runtime:sf_runtime.dll
 0000:00000000       .debug$S                   0000000180000000     ucrt:api-ms-win-crt-string-l1-1-0.dll
 0000:00000000       .debug$S                   0000000180000000     ucrt:api-ms-win-crt-string-l1-1-0.dll
 0000:00000000       .debug$S                   0000000180000000     sf_runtime:sf_runtime.dll
 0000:00000000       .debug$S                   0000000180000000     vcruntime:VCRUNTIME140.dll
 0000:00000000       .debug$S                   0000000180000000     vcruntime:VCRUNTIME140.dll
 0000:00000000       .debug$S                   0000000180000000     vcruntime:VCRUNTIME140.dll
 0000:00000000       .debug$S                   0000000180000000     vcruntime:VCRUNTIME140.dll
 0000:00000000       .debug$S                   0000000180000000     vcruntime:VCRUNTIME140.dll
 0000:00000000       .debug$S                   0000000180000000     vcruntime:VCRUNTIME140.dll
 0000:00000000       .debug$S                   0000000180000000     sf_runtime:sf_runtime.dll
 0000:00000000       .debug$S                   0000000180000000     kernel32:KERNEL32.dll
 0000:00000000       .debug$S                   0000000180000000     kernel32:KERNEL32.dll
 0000:00000000       .debug$S                   0000000180000000     kernel32:KERNEL32.dll
 0000:00000000       .debug$S                   0000000180000000     kernel32:KERNEL32.dll
 0000:00000000       .debug$S                   0000000180000000     kernel32:KERNEL32.dll
 0000:00000000       .debug$S                   0000000180000000     kernel32:KERNEL32.dll
 0000:00000000       .debug$S                   0000000180000000     kernel32:KERNEL32.dll
 0000:00000000       .debug$S                   0000000180000000     kernel32:KERNEL32.dll
 0000:00000000       .debug$S                   0000000180000000     kernel32:KERNEL32.dll
 0000:00000000       .debug$S                   0000000180000000     kernel32:KERNEL32.dll
 0000:00000000       .debug$S                   0000000180000000     kernel32:KERNEL32.dll
 0000:00000000       .debug$S                   0000000180000000     kernel32:KERNEL32.dll
 0000:00000000       .debug$S                   0000000180000000     kernel32:KERNEL32.dll
 0000:00000000       .debug$S                   0000000180000000     kernel32:KERNEL32.dll
 0000:00000000       .debug$S                   0000000180000000     kernel32:KERNEL32.dll
 0000:00000000       .debug$S                   0000000180000000     kernel32:KERNEL32.dll
 0000:00000000       .debug$S                   0000000180000000     kernel32:KERNEL32.dll
 0000:00000000       .debug$S                   0000000180000000     sf_runtime:sf_runtime.dll
 0000:00000000       .debug$S                   0000000180000000     sf_runtime:sf_runtime.dll
 0002:fffe7000       __guard_fids___scrt_set_unhandled_exception_filter 0000000180000000     MSVCRT:utility_desktop.obj
 0000:00000000       .debug$S                   0000000180000000     sf_runtime:sf_runtime.dll
 0000:00000000       .debug$S                   0000000180000000     sf_runtime:sf_runtime.dll
 0000:00000000       .debug$S                   0000000180000000     sf_runtime:sf_runtime.dll
 0000:00000000       .debug$S                   0000000180000000     sf_runtime:sf_runtime.dll
 0000:00000000       .debug$S                   0000000180000000     sf_runtime:sf_runtime.dll
 0000:00000000       .debug$S                   0000000180000000     sf_runtime:sf_runtime.dll
 0000:00000000       .debug$S                   0000000180000000     sf_runtime:sf_runtime.dll
 0000:00000000       .debug$S                   0000000180000000     sf_runtime:sf_runtime.dll
 0000:00000000       .debug$S                   0000000180000000     sf_runtime:sf_runtime.dll
 0000:00000000       .debug$S                   0000000180000000     sf_runtime:sf_runtime.dll
 0000:00000000       .debug$S                   0000000180000000     sf_runtime:sf_runtime.dll
 0000:00000000       .debug$S                   0000000180000000     sf_runtime:sf_runtime.dll
 0000:00000000       .debug$S                   0000000180000000     sf_runtime:sf_runtime.dll
 0000:00000000       .debug$S                   0000000180000000     sf_runtime:sf_runtime.dll
 0000:00000000       .debug$S                   0000000180000000     sf_runtime:sf_runtime.dll
 0000:00000000       .debug$S                   0000000180000000     sf_runtime:sf_runtime.dll
 0000:00000000       .debug$S                   0000000180000000     sf_runtime:sf_runtime.dll
 0000:00000000       .debug$S                   0000000180000000     sf_runtime:sf_runtime.dll
 0000:00000000       .debug$S                   0000000180000000     sf_runtime:sf_runtime.dll
 0000:00000000       .debug$S                   0000000180000000     sf_runtime:sf_runtime.dll
 0000:00000000       .debug$S                   0000000180000000     sf_runtime:sf_runtime.dll
 0000:00000000       .debug$S                   0000000180000000     sf_runtime:sf_runtime.dll
 0000:00000000       .debug$S                   0000000180000000     sf_runtime:sf_runtime.dll
 0000:00000000       .debug$S                   0000000180000000     sf_runtime:sf_runtime.dll
 0000:00000000       .debug$S                   0000000180000000     sf_runtime:sf_runtime.dll
 0002:fffe7000       __guard_fids_?dllmain_dispatch@@YAHQEAUHINSTANCE__@@KQEAX@Z 0000000180000000     MSVCRT:dll_dllmain.obj
 0000:00000000       .debug$S                   0000000180000000     sf_runtime:sf_runtime.dll
 0000:00000000       .debug$S                   0000000180000000     sf_runtime:sf_runtime.dll
 0000:00000000       .debug$S                   0000000180000000     sf_runtime:sf_runtime.dll
 0000:00000000       .debug$S                   0000000180000000     sf_runtime:sf_runtime.dll
 0000:00000000       .debug$S                   0000000180000000     sf_runtime:sf_runtime.dll
 0000:00000000       .debug$S                   0000000180000000     sf_runtime:sf_runtime.dll
 0002:fffe7000       __guard_fids_?dllmain_crt_process_attach@@YAHQEAUHINSTANCE__@@QEAX@Z 0000000180000000     MSVCRT:dll_dllmain.obj
 0000:00000000       .debug$S                   0000000180000000     sf_runtime:sf_runtime.dll
 0000:00000000       .debug$S                   0000000180000000     sf_runtime:sf_runtime.dll
 0000:00000000       .debug$S                   0000000180000000     sf_runtime:sf_runtime.dll
 0000:00000000       .debug$S                   0000000180000000     sf_runtime:sf_runtime.dll
 0000:00000000       .debug$S                   0000000180000000     sf_runtime:sf_runtime.dll
 0000:00000000       .debug$S                   0000000180000000     sf_runtime:sf_runtime.dll
 0000:00000000       .debug$S                   0000000180000000     sf_runtime:sf_runtime.dll
 0000:00000000       .debug$S                   0000000180000000     sf_runtime:sf_runtime.dll
 0000:00000000       .debug$S                   0000000180000000     sf_runtime:sf_runtime.dll
 0002:fffe7000       __guard_fids__guard_icall_checks_enforced 0000000180000000     MSVCRT:guard_support.obj
 0002:fffe7000       __guard_fids__             0000000180000000     MSVCRT:guard_support.obj
 0000:00000000       .debug$S                   0000000180000000     sf_runtime:sf_runtime.dll
 0000:00000000       .debug$S                   0000000180000000     sf_runtime:sf_runtime.dll
 0000:00000000       .debug$S                   0000000180000000     sf_runtime:sf_runtime.dll
 0000:00000000       .debug$S                   0000000180000000     sf_runtime:sf_runtime.dll
 0000:00000000       .debug$S                   0000000180000000     sf_runtime:sf_runtime.dll
 0000:00000000       .debug$S                   0000000180000000     sf_runtime:sf_runtime.dll
 0000:00000000       .debug$S                   0000000180000000     sf_runtime:sf_runtime.dll
 0000:00000000       .debug$S                   0000000180000000     sf_runtime:sf_runtime.dll
 0000:00000000       .debug$S                   0000000180000000     sf_runtime:sf_runtime.dll
 0000:00000000       .debug$S                   0000000180000000     sf_runtime:sf_runtime.dll
 0000:00000000       .debug$S                   0000000180000000     sf_runtime:sf_runtime.dll
 0000:00000000       .debug$S                   0000000180000000     sf_runtime:sf_runtime.dll
 0000:00000000       .debug$S                   0000000180000000     sf_runtime:sf_runtime.dll
 0000:00000000       .debug$S                   0000000180000000     sf_runtime:sf_runtime.dll
 0000:00000000       .debug$S                   0000000180000000     sf_runtime:sf_runtime.dll
 0000:00000000       .debug$S                   0000000180000000     sf_runtime:sf_runtime.dll
 0000:00000000       .debug$S                   0000000180000000     sf_runtime:sf_runtime.dll
 0000:00000000       .debug$S                   0000000180000000     sf_runtime:sf_runtime.dll
 0000:00000000       .debug$S                   0000000180000000     sf_runtime:sf_runtime.dll
 0000:00000000       .debug$S                   0000000180000000     sf_runtime:sf_runtime.dll
 0000:00000000       .debug$S                   0000000180000000     sf_runtime:sf_runtime.dll
 0000:00000000       .debug$S                   0000000180000000     sf_runtime:sf_runtime.dll
 0000:00000000       .debug$S                   0000000180000000     libmx:libmx.dll
 0000:00000000       .debug$S                   0000000180000000     libut:libut.dll
 0000:00000000       .debug$S                   0000000180000000     libut:libut.dll
 0000:00000000       .debug$S                   0000000180000000     sf_runtime:sf_runtime.dll
 0000:00000000       .debug$S                   0000000180000000     libmex:libmex.dll
 0000:00000000       .debug$S                   0000000180000000     libmex:libmex.dll
 0000:00000000       .debug$S                   0000000180000000     libmex:libmex.dll
 0000:00000000       .debug$S                   0000000180000000     libmex:libmex.dll
 0000:00000000       .debug$S                   0000000180000000     libmex:libmex.dll
 0000:00000000       .debug$S                   0000000180000000     libmex:libmex.dll
 0000:00000000       .debug$S                   0000000180000000     libmex:libmex.dll
 0000:00000000       .debug$S                   0000000180000000     libmx:libmx.dll
 0000:00000000       .debug$S                   0000000180000000     libmx:libmx.dll
 0000:00000000       .debug$S                   0000000180000000     libmx:libmx.dll
 0000:00000000       .debug$S                   0000000180000000     libmx:libmx.dll
 0000:00000000       .debug$S                   0000000180000000     libmx:libmx.dll
 0000:00000000       .debug$S                   0000000180000000     libmx:libmx.dll
 0000:00000000       .debug$S                   0000000180000000     libmx:libmx.dll
 0000:00000000       .debug$S                   0000000180000000     libmx:libmx.dll
 0000:00000000       .debug$S                   0000000180000000     libmx:libmx.dll
 0000:00000000       .debug$S                   0000000180000000     libmx:libmx.dll
 0000:00000000       .debug$S                   0000000180000000     libmx:libmx.dll
 0000:00000000       .debug$S                   0000000180000000     libmx:libmx.dll
 0000:00000000       .debug$S                   0000000180000000     libmx:libmx.dll
 0000:00000000       .debug$S                   0000000180000000     libmx:libmx.dll
 0000:00000000       .debug$S                   0000000180000000     libmx:libmx.dll
 0000:00000000       .debug$S                   0000000180000000     libmx:libmx.dll
 0000:00000000       .debug$S                   0000000180000000     libmx:libmx.dll
 0000:00000000       .debug$S                   0000000180000000     libmx:libmx.dll
 0000:00000000       .debug$S                   0000000180000000     libmx:libmx.dll
 0001:00001350       chart_debug_initialization 0000000180002350 f   c3_CL_pi_testExecution.obj
 0001:00001e90       chart_debug_initialize_data_addresses 0000000180002e90 f   c3_CL_pi_testExecution.obj
 0001:00002100       initialize_c3_CL_pi_testExecution 0000000180003100 f   c3_CL_pi_testExecution.obj
 0001:00002170       initialize_params_c3_CL_pi_testExecution 0000000180003170 f   c3_CL_pi_testExecution.obj
 0001:00002180       enable_c3_CL_pi_testExecution 0000000180003180 f   c3_CL_pi_testExecution.obj
 0001:000021b0       disable_c3_CL_pi_testExecution 00000001800031b0 f   c3_CL_pi_testExecution.obj
 0001:000021e0       c3_update_debugger_state_c3_CL_pi_testExecution 00000001800031e0 f   c3_CL_pi_testExecution.obj
 0001:000021f0       get_sim_state_c3_CL_pi_testExecution 00000001800031f0 f   c3_CL_pi_testExecution.obj
 0001:00002500       set_sim_state_c3_CL_pi_testExecution 0000000180003500 f   c3_CL_pi_testExecution.obj
 0001:00002680       finalize_c3_CL_pi_testExecution 0000000180003680 f   c3_CL_pi_testExecution.obj
 0001:00002690       sf_gateway_c3_CL_pi_testExecution 0000000180003690 f   c3_CL_pi_testExecution.obj
 0001:00003550       mdl_start_c3_CL_pi_testExecution 0000000180004550 f   c3_CL_pi_testExecution.obj
 0001:00003580       initSimStructsc3_CL_pi_testExecution 0000000180004580 f   c3_CL_pi_testExecution.obj
 0001:00003590       init_script_number_translation 0000000180004590 f   c3_CL_pi_testExecution.obj
 0001:000035b0       c3_sf_marshallOut          00000001800045b0 f   c3_CL_pi_testExecution.obj
 0001:00003660       c3_emlrt_marshallIn        0000000180004660 f   c3_CL_pi_testExecution.obj
 0001:000036d0       c3_b_emlrt_marshallIn      00000001800046d0 f   c3_CL_pi_testExecution.obj
 0001:00003760       c3_sf_marshallIn           0000000180004760 f   c3_CL_pi_testExecution.obj
 0001:00003800       c3_b_sf_marshallOut        0000000180004800 f   c3_CL_pi_testExecution.obj
 0001:00003970       c3_d_emlrt_marshallIn      0000000180004970 f   c3_CL_pi_testExecution.obj
 0001:000039e0       c3_e_emlrt_marshallIn      00000001800049e0 f   c3_CL_pi_testExecution.obj
 0001:00003a70       init_dsm_address_info      0000000180004a70 f   c3_CL_pi_testExecution.obj
 0001:00003a80       init_simulink_io_address   0000000180004a80 f   c3_CL_pi_testExecution.obj
 0001:00004910       sf_get_sim_state_info_c3_CL_pi_testExecution 0000000180005910 f   c3_CL_pi_testExecution.obj
 0001:000049e0       sf_get_instance_specialization 00000001800059e0 f   c3_CL_pi_testExecution.obj
 0001:000049f0       sf_opaque_initialize_c3_CL_pi_testExecution 00000001800059f0 f   c3_CL_pi_testExecution.obj
 0001:00004a30       sf_opaque_enable_c3_CL_pi_testExecution 0000000180005a30 f   c3_CL_pi_testExecution.obj
 0001:00004a50       sf_opaque_disable_c3_CL_pi_testExecution 0000000180005a50 f   c3_CL_pi_testExecution.obj
 0001:00004a70       sf_opaque_gateway_c3_CL_pi_testExecution 0000000180005a70 f   c3_CL_pi_testExecution.obj
 0001:00004a90       sf_opaque_get_sim_state_c3_CL_pi_testExecution 0000000180005a90 f   c3_CL_pi_testExecution.obj
 0001:00004ac0       sf_opaque_set_sim_state_c3_CL_pi_testExecution 0000000180005ac0 f   c3_CL_pi_testExecution.obj
 0001:00004af0       sf_opaque_terminate_c3_CL_pi_testExecution 0000000180005af0 f   c3_CL_pi_testExecution.obj
 0001:00004b90       mdlProcessParameters_c3_CL_pi_testExecution 0000000180005b90 f   c3_CL_pi_testExecution.obj
 0001:00004c50       mdlSetWorkWidths_c3_CL_pi_testExecution 0000000180005c50 f   c3_CL_pi_testExecution.obj
 0001:00005390       mdlRTW_c3_CL_pi_testExecution 0000000180006390 f   c3_CL_pi_testExecution.obj
 0001:000053d0       mdlStart_c3_CL_pi_testExecution 00000001800063d0 f   c3_CL_pi_testExecution.obj
 0001:000057e0       chart_debug_initialization 00000001800067e0 f   c4_CL_pi_testExecution.obj
 0001:00006f20       chart_debug_initialize_data_addresses 0000000180007f20 f   c4_CL_pi_testExecution.obj
 0001:000073f0       initialize_c4_CL_pi_testExecution 00000001800083f0 f   c4_CL_pi_testExecution.obj
 0001:00007460       initialize_params_c4_CL_pi_testExecution 0000000180008460 f   c4_CL_pi_testExecution.obj
 0001:00007470       enable_c4_CL_pi_testExecution 0000000180008470 f   c4_CL_pi_testExecution.obj
 0001:000074a0       disable_c4_CL_pi_testExecution 00000001800084a0 f   c4_CL_pi_testExecution.obj
 0001:000074d0       c4_update_debugger_state_c4_CL_pi_testExecution 00000001800084d0 f   c4_CL_pi_testExecution.obj
 0001:000074e0       get_sim_state_c4_CL_pi_testExecution 00000001800084e0 f   c4_CL_pi_testExecution.obj
 0001:00007880       set_sim_state_c4_CL_pi_testExecution 0000000180008880 f   c4_CL_pi_testExecution.obj
 0001:00007a30       finalize_c4_CL_pi_testExecution 0000000180008a30 f   c4_CL_pi_testExecution.obj
 0001:00007a40       sf_gateway_c4_CL_pi_testExecution 0000000180008a40 f   c4_CL_pi_testExecution.obj
 0001:00009940       mdl_start_c4_CL_pi_testExecution 000000018000a940 f   c4_CL_pi_testExecution.obj
 0001:00009970       initSimStructsc4_CL_pi_testExecution 000000018000a970 f   c4_CL_pi_testExecution.obj
 0001:00009980       init_script_number_translation 000000018000a980 f   c4_CL_pi_testExecution.obj
 0001:000099a0       c4_sf_marshallOut          000000018000a9a0 f   c4_CL_pi_testExecution.obj
 0001:00009a50       c4_emlrt_marshallIn        000000018000aa50 f   c4_CL_pi_testExecution.obj
 0001:00009ac0       c4_b_emlrt_marshallIn      000000018000aac0 f   c4_CL_pi_testExecution.obj
 0001:00009b50       c4_sf_marshallIn           000000018000ab50 f   c4_CL_pi_testExecution.obj
 0001:00009bf0       c4_b_sf_marshallOut        000000018000abf0 f   c4_CL_pi_testExecution.obj
 0001:00009ca0       c4_c_emlrt_marshallIn      000000018000aca0 f   c4_CL_pi_testExecution.obj
 0001:00009d10       c4_d_emlrt_marshallIn      000000018000ad10 f   c4_CL_pi_testExecution.obj
 0001:00009da0       c4_b_sf_marshallIn         000000018000ada0 f   c4_CL_pi_testExecution.obj
[...]
 0004:00000390       $pdata$sf_c4_CL_pi_testExecution_updateBuildInfo_args_info 0000000180022390     c4_CL_pi_testExecution.obj
 0004:0000039c       $pdata$sf_get_sim_state_info_c4_CL_pi_testExecution 000000018002239c     c4_CL_pi_testExecution.obj
 0004:000003a8       $pdata$sf_opaque_initialize_c4_CL_pi_testExecution 00000001800223a8     c4_CL_pi_testExecution.obj
 0004:000003b4       $pdata$sf_opaque_enable_c4_CL_pi_testExecution 00000001800223b4     c4_CL_pi_testExecution.obj
 0004:000003c0       $pdata$sf_opaque_disable_c4_CL_pi_testExecution 00000001800223c0     c4_CL_pi_testExecution.obj
 0004:000003cc       $pdata$sf_opaque_gateway_c4_CL_pi_testExecution 00000001800223cc     c4_CL_pi_testExecution.obj
 0004:000003d8       $pdata$sf_opaque_get_sim_state_c4_CL_pi_testExecution 00000001800223d8     c4_CL_pi_testExecution.obj
 0004:000003e4       $pdata$sf_opaque_set_sim_state_c4_CL_pi_testExecution 00000001800223e4     c4_CL_pi_testExecution.obj
 0004:000003f0       $pdata$sf_opaque_terminate_c4_CL_pi_testExecution 00000001800223f0     c4_CL_pi_testExecution.obj
 0004:000003fc       $pdata$mdlProcessParameters_c4_CL_pi_testExecution 00000001800223fc     c4_CL_pi_testExecution.obj
 0004:00000408       $pdata$mdlSetWorkWidths_c4_CL_pi_testExecution 0000000180022408     c4_CL_pi_testExecution.obj
 0004:00000414       $pdata$mdlRTW_c4_CL_pi_testExecution 0000000180022414     c4_CL_pi_testExecution.obj
 0004:00000420       $pdata$mdlStart_c4_CL_pi_testExecution 0000000180022420     c4_CL_pi_testExecution.obj
 0004:0000042c       $pdata$mexFunction         000000018002242c     CL_pi_testExecution_sfun_registry.obj
 0004:00000438       $pdata$_ssSetInputPortDirectFeedThroughFcn 0000000180022438     CL_pi_testExecution_sfun_registry.obj
 0004:00000444       $pdata$_ssGetInputPortSignalPtrsFcn 0000000180022444     CL_pi_testExecution_sfun_registry.obj
 0004:00000450       $pdata$_ssGetInputPortSignalFcn 0000000180022450     CL_pi_testExecution_sfun_registry.obj
 0004:0000045c       $pdata$_ssSetInputPortReusableFcn 000000018002245c     CL_pi_testExecution_sfun_registry.obj
 0004:00000468       $pdata$_ssSetOutputPortReusableFcn 0000000180022468     CL_pi_testExecution_sfun_registry.obj
 0004:00000474       $pdata$_ssSetSymbolicDimsSupport 0000000180022474     CL_pi_testExecution_sfun_registry.obj
 0004:00000480       $pdata$_ssRegisterSymbolicDimsExpr 0000000180022480     CL_pi_testExecution_sfun_registry.obj
 0004:0000048c       $pdata$_ssRegisterSymbolicDims 000000018002248c     CL_pi_testExecution_sfun_registry.obj
 0004:00000498       $pdata$_ssRegisterSymbolicDimsString 0000000180022498     CL_pi_testExecution_sfun_registry.obj
 0004:000004a4       $pdata$_ssRegisterSymbolicDimsIntValue 00000001800224a4     CL_pi_testExecution_sfun_registry.obj
 0004:000004b0       $pdata$_ssRegisterSymbolicDimsPlus 00000001800224b0     CL_pi_testExecution_sfun_registry.obj
 0004:000004bc       $pdata$_ssRegisterSymbolicDimsMinus 00000001800224bc     CL_pi_testExecution_sfun_registry.obj
 0004:000004c8       $pdata$_ssRegisterSymbolicDimsMultiply 00000001800224c8     CL_pi_testExecution_sfun_registry.obj
 0004:000004d4       $pdata$_ssRegisterSymbolicDimsDivide 00000001800224d4     CL_pi_testExecution_sfun_registry.obj
 0004:000004e0       $pdata$_ssGetNumSymbolicDims 00000001800224e0     CL_pi_testExecution_sfun_registry.obj
 0004:000004ec       $pdata$_ssGetSymbolicDim   00000001800224ec     CL_pi_testExecution_sfun_registry.obj
 0004:000004f8       $pdata$_ssSetInputPortSymbolicDimsId 00000001800224f8     CL_pi_testExecution_sfun_registry.obj
 0004:00000504       $pdata$_ssGetCompInputPortSymbolicDimsId 0000000180022504     CL_pi_testExecution_sfun_registry.obj
 0004:00000510       $pdata$_ssSetCompInputPortSymbolicDimsId 0000000180022510     CL_pi_testExecution_sfun_registry.obj
 0004:0000051c       $pdata$_ssSetOutputPortSymbolicDimsId 000000018002251c     CL_pi_testExecution_sfun_registry.obj
 0004:00000528       $pdata$_ssGetCompOutputPortSymbolicDimsId 0000000180022528     CL_pi_testExecution_sfun_registry.obj
 0004:00000534       $pdata$_ssSetCompOutputPortSymbolicDimsId 0000000180022534     CL_pi_testExecution_sfun_registry.obj
 0004:00000540       $pdata$_ssSetCompDWorkSymbolicDimsId 0000000180022540     CL_pi_testExecution_sfun_registry.obj
 0004:0000054c       $pdata$ssGetIsZeroCrossControlDisabled 000000018002254c     CL_pi_testExecution_sfun_registry.obj
 0004:00000558       $pdata$ssSetIsInputPortUsedForContZcSignal 0000000180022558     CL_pi_testExecution_sfun_registry.obj
 0004:00000564       $pdata$ssSetZcSignalIsZcElementDisc 0000000180022564     CL_pi_testExecution_sfun_registry.obj
 0004:00000570       $pdata$ssSetZcSignalName   0000000180022570     CL_pi_testExecution_sfun_registry.obj
 0004:0000057c       $pdata$ssSetZcSignalWidth  000000018002257c     CL_pi_testExecution_sfun_registry.obj
 0004:00000588       $pdata$ssSetZcSignalZcEventType 0000000180022588     CL_pi_testExecution_sfun_registry.obj
 0004:00000594       $pdata$ssSetZcSignalType   0000000180022594     CL_pi_testExecution_sfun_registry.obj
 0004:000005a0       $pdata$ssSetZcSignalZcTol  00000001800225a0     CL_pi_testExecution_sfun_registry.obj
 0004:000005ac       $pdata$ssSetZcSignalNeedsEventNotification 00000001800225ac     CL_pi_testExecution_sfun_registry.obj
 0004:000005b8       $pdata$ssCreateAndAddZcSignalInfo 00000001800225b8     CL_pi_testExecution_sfun_registry.obj
 0004:000005c4       $pdata$ssCloneAndAddZcSignalInfo 00000001800225c4     CL_pi_testExecution_sfun_registry.obj
 0004:000005d0       $pdata$ssGetNumZcSignals   00000001800225d0     CL_pi_testExecution_sfun_registry.obj
 0004:000005dc       $pdata$ssGetZcSignalVector 00000001800225dc     CL_pi_testExecution_sfun_registry.obj
 0004:000005e8       $pdata$ssGetZcSignalName   00000001800225e8     CL_pi_testExecution_sfun_registry.obj
 0004:000005f4       $pdata$ssGetZcSignalWidth  00000001800225f4     CL_pi_testExecution_sfun_registry.obj
 0004:00000600       $pdata$ssGetZcSignalZcEventType 0000000180022600     CL_pi_testExecution_sfun_registry.obj
 0004:0000060c       $pdata$ssGetZcSignalZcEvents 000000018002260c     CL_pi_testExecution_sfun_registry.obj
 0004:00000618       $pdata$ssGetZcSignalType   0000000180022618     CL_pi_testExecution_sfun_registry.obj
 0004:00000624       $pdata$ssGetZcSignalZcTol  0000000180022624     CL_pi_testExecution_sfun_registry.obj
 0004:00000630       $pdata$ssGetZcSignalNeedsEventNotification 0000000180022630     CL_pi_testExecution_sfun_registry.obj
 0004:0000063c       $pdata$ssGetZcSignalIsZcElementDisc 000000018002263c     CL_pi_testExecution_sfun_registry.obj
 0004:00000648       $pdata$ssGetIsInputPortElementContinuous 0000000180022648     CL_pi_testExecution_sfun_registry.obj
 0004:00000654       $pdata$_ssSetIWorkValueFcn 0000000180022654     CL_pi_testExecution_sfun_registry.obj
 0004:00000660       $pdata$_ssGetIWorkValueFcn 0000000180022660     CL_pi_testExecution_sfun_registry.obj
 0004:0000066c       $pdata$_ssSetRWorkValueFcn 000000018002266c     CL_pi_testExecution_sfun_registry.obj
 0004:00000678       $pdata$_ssGetRWorkValueFcn 0000000180022678     CL_pi_testExecution_sfun_registry.obj
 0004:00000684       $pdata$_ssSetPWorkValueFcn 0000000180022684     CL_pi_testExecution_sfun_registry.obj
 0004:00000690       $pdata$_ssGetPWorkValueFcn 0000000180022690     CL_pi_testExecution_sfun_registry.obj
 0004:0000069c       $pdata$ssGetDTypeIdFromMxArray 000000018002269c     CL_pi_testExecution_sfun_registry.obj
 0004:000006a8       $pdata$ssWriteRTWStr       00000001800226a8     CL_pi_testExecution_sfun_registry.obj
 0004:000006b4       $pdata$ssWriteRTWNameValuePair 00000001800226b4     CL_pi_testExecution_sfun_registry.obj
 0004:000006c0       $pdata$ssWriteRTWParamSettings 00000001800226c0     CL_pi_testExecution_sfun_registry.obj
 0004:000006cc       $pdata$ssWriteRTWParameters 00000001800226cc     CL_pi_testExecution_sfun_registry.obj
 0004:000006d8       $pdata$ssWriteRTWWorkVect  00000001800226d8     CL_pi_testExecution_sfun_registry.obj
 0004:000006e4       $pdata$ssWriteRTWMxVectParam 00000001800226e4     CL_pi_testExecution_sfun_registry.obj
 0004:000006f0       $pdata$ssWriteRTWMx2dMatParam 00000001800226f0     CL_pi_testExecution_sfun_registry.obj
 0004:000006fc       $pdata$_ssSetInputPortMatrixDimensions 00000001800226fc     CL_pi_testExecution_sfun_registry.obj
 0004:00000708       $pdata$_ssSetOutputPortMatrixDimensions 0000000180022708     CL_pi_testExecution_sfun_registry.obj
 0004:00000714       $pdata$_ssSetInputPortVectorDimension 0000000180022714     CL_pi_testExecution_sfun_registry.obj
 0004:00000720       $pdata$_ssSetOutputPortVectorDimension 0000000180022720     CL_pi_testExecution_sfun_registry.obj
 0004:0000072c       $pdata$ssIsRunTimeParamTunable 000000018002272c     CL_pi_testExecution_sfun_registry.obj
 0004:00000738       $pdata$ssGetSFuncBlockHandle 0000000180022738     CL_pi_testExecution_sfun_registry.obj
 0004:00000744       $pdata$_ssGetCurrentInputPortWidth 0000000180022744     CL_pi_testExecution_sfun_registry.obj
 0004:00000750       $pdata$_ssGetCurrentOutputPortWidth 0000000180022750     CL_pi_testExecution_sfun_registry.obj
 0004:0000075c       $pdata$_ssGetCallSystemNumFcnCallDestinations 000000018002275c     CL_pi_testExecution_sfun_registry.obj
 0004:00000768       $pdata$ssGetParameterTuningCompliance 0000000180022768     CL_pi_testExecution_sfun_registry.obj
 0004:00000774       $pdata$ssWarning           0000000180022774     CL_pi_testExecution_sfun_registry.obj
 0004:00000780       $pdata$_ssGetAbsTol        0000000180022780     CL_pi_testExecution_sfun_registry.obj
 0004:0000078c       $pdata$sf_process_check_sum_call 000000018002278c     CL_pi_testExecution_sfun_registry.obj
 0004:00000798       $pdata$sf_process_autoinheritance_call 0000000180022798     CL_pi_testExecution_sfun_registry.obj
 0004:000007a4       $pdata$sf_process_get_third_party_uses_info_call 00000001800227a4     CL_pi_testExecution_sfun_registry.obj
 0004:000007b0       $pdata$sf_process_get_jit_fallback_info_call 00000001800227b0     CL_pi_testExecution_sfun_registry.obj
 0004:000007bc       $pdata$sf_process_get_updateBuildInfo_args_info_call 00000001800227bc     CL_pi_testExecution_sfun_registry.obj
 0004:000007c8       $pdata$sf_process_get_eml_resolved_functions_info_call 00000001800227c8     CL_pi_testExecution_sfun_registry.obj
 0004:000007d4       $pdata$sf_mex_unlock_call  00000001800227d4     CL_pi_testExecution_sfun_registry.obj
 0004:000007e0       $pdata$sf_debug_api_wrapper 00000001800227e0     CL_pi_testExecution_sfun_registry.obj
 0004:000007ec       $pdata$ProcessMexSfunctionCmdLineCall 00000001800227ec     CL_pi_testExecution_sfun_registry.obj
 0004:000007f8       $pdata$sf_machine_global_initializer_called 00000001800227f8     CL_pi_testExecution_sfun_registry.obj
 0004:00000804       $pdata$sf_machine_global_method_dispatcher 0000000180022804     CL_pi_testExecution_sfun_registry.obj
 0004:00000810       $pdata$sf_machine_global_terminator 0000000180022810     CL_pi_testExecution_sfun_registry.obj
 0004:0000081c       $pdata$sf_register_machine_exported_symbols 000000018002281c     CL_pi_testExecution_sfun_registry.obj
 0004:00000828       $pdata$sf_machine_global_initializer 0000000180022828     CL_pi_testExecution_sfun_registry.obj
 0004:00000834       $pdata$mdlGetSimState      0000000180022834     CL_pi_testExecution_sfun_registry.obj
 0004:00000840       $pdata$mdlSetSimState      0000000180022840     CL_pi_testExecution_sfun_registry.obj
 0004:0000084c       $pdata$mdlSetWorkWidths    000000018002284c     CL_pi_testExecution_sfun_registry.obj
 0004:00000858       $pdata$mdlProcessParameters 0000000180022858     CL_pi_testExecution_sfun_registry.obj
 0004:00000864       $pdata$mdl_start_processing 0000000180022864     CL_pi_testExecution_sfun_registry.obj
 0004:00000870       $pdata$mdl_terminate_processing 0000000180022870     CL_pi_testExecution_sfun_registry.obj
 0004:0000087c       $pdata$mdlStart            000000018002287c     CL_pi_testExecution_sfun_registry.obj
 0004:00000888       $pdata$mdlTerminate        0000000180022888     CL_pi_testExecution_sfun_registry.obj
 0004:00000894       $pdata$mdlInitializeSizes  0000000180022894     CL_pi_testExecution_sfun_registry.obj
 0004:000008a0       $pdata$mdlInitializeSampleTimes 00000001800228a0     CL_pi_testExecution_sfun_registry.obj
 0004:000008ac       $pdata$mdl_outputs_continuous_legacy 00000001800228ac     CL_pi_testExecution_sfun_registry.obj
 0004:000008b8       $pdata$mdl_outputs_processing 00000001800228b8     CL_pi_testExecution_sfun_registry.obj
 0004:000008c4       $pdata$mdl_zeroCrossings_processing 00000001800228c4     CL_pi_testExecution_sfun_registry.obj
 0004:000008d0       $pdata$mdlZeroCrossings    00000001800228d0     CL_pi_testExecution_sfun_registry.obj
 0004:000008dc       $pdata$mdl_derivatives_processing 00000001800228dc     CL_pi_testExecution_sfun_registry.obj
 0004:000008e8       $pdata$mdlDerivatives      00000001800228e8     CL_pi_testExecution_sfun_registry.obj
 0004:000008f4       $pdata$mdl_initialize_conditions_processing 00000001800228f4     CL_pi_testExecution_sfun_registry.obj
 0004:00000900       $pdata$mdlInitializeConditions 0000000180022900     CL_pi_testExecution_sfun_registry.obj
 0004:0000090c       $pdata$mdl_ext_mode_exec_processing 000000018002290c     CL_pi_testExecution_sfun_registry.obj
 0004:00000918       $pdata$mdlExtModeExec      0000000180022918     CL_pi_testExecution_sfun_registry.obj
 0004:00000924       $pdata$mdlRTW              0000000180022924     CL_pi_testExecution_sfun_registry.obj
 0004:00000930       $pdata$mdl_enable_processing 0000000180022930     CL_pi_testExecution_sfun_registry.obj
 0004:0000093c       $pdata$mdlEnable           000000018002293c     CL_pi_testExecution_sfun_registry.obj
 0004:00000948       $pdata$mdl_disable_processing 0000000180022948     CL_pi_testExecution_sfun_registry.obj
 0004:00000954       $pdata$mdlDisable          0000000180022954     CL_pi_testExecution_sfun_registry.obj
 0004:00000960       $pdata$mdlOutputs          0000000180022960     CL_pi_testExecution_sfun_registry.obj
 0004:0000096c       $pdata$mdl_update_processing 000000018002296c     CL_pi_testExecution_sfun_registry.obj
 0004:00000978       $pdata$mdlUpdate           0000000180022978     CL_pi_testExecution_sfun_registry.obj
 0004:00000984       $pdata$ProcessMexSfunctionEveryCall 0000000180022984     CL_pi_testExecution_sfun_registry.obj
 0004:00000990       $pdata$_RegNumInputPortsCB 0000000180022990     CL_pi_testExecution_sfun_registry.obj
 0004:0000099c       $pdata$_RegNumOutputPortsCB 000000018002299c     CL_pi_testExecution_sfun_registry.obj
 0004:000009a8       $pdata$_CreateSimStruct    00000001800229a8     CL_pi_testExecution_sfun_registry.obj
 0004:000009b4       $pdata$_ProcessMexSfunctionCmdLineCall 00000001800229b4     CL_pi_testExecution_sfun_registry.obj
 0004:000009c0       $pdata$ReportIndexOutOfBoundsError 00000001800229c0     CL_pi_testExecution_sfun_registry.obj
 0004:000009cc       $pdata$_vsnprintf_l        00000001800229cc     CL_pi_testExecution_sfun_registry.obj
 0004:000009d8       $pdata$_vsprintf_l         00000001800229d8     CL_pi_testExecution_sfun_registry.obj
 0004:000009e4       $pdata$sprintf             00000001800229e4     CL_pi_testExecution_sfun_registry.obj
 0004:000009f0       $pdata$__raise_securityfailure 00000001800229f0     MSVCRT:gs_report.obj
 0004:000009fc       $pdata$__report_gsfailure  00000001800229fc     MSVCRT:gs_report.obj
 0004:00000a08       $pdata$__report_rangecheckfailure 0000000180022a08     MSVCRT:gs_report.obj
 0004:00000a14       $pdata$__report_securityfailure 0000000180022a14     MSVCRT:gs_report.obj
 0004:00000a20       $pdata$__report_securityfailureEx 0000000180022a20     MSVCRT:gs_report.obj
 0004:00000a2c       $pdata$capture_current_context 0000000180022a2c     MSVCRT:gs_report.obj
 0004:00000a38       $pdata$capture_previous_context 0000000180022a38     MSVCRT:gs_report.obj
 0004:00000a44       $pdata$__GSHandlerCheck    0000000180022a44     MSVCRT:_gshandler_.obj
 0004:00000a50       $pdata$__GSHandlerCheckCommon 0000000180022a50     MSVCRT:_gshandler_.obj
 0004:00000a74       $pdata$?dllmain_crt_dispatch@@YAHQEAUHINSTANCE__@@KQEAX@Z 0000000180022a74     MSVCRT:dll_dllmain.obj
 0004:00000a80       $pdata$?dllmain_crt_process_attach@@YAHQEAUHINSTANCE__@@QEAX@Z 0000000180022a80     MSVCRT:dll_dllmain.obj
 0004:00000a8c       $pdata$?dllmain_crt_process_detach@@YAH_N@Z 0000000180022a8c     MSVCRT:dll_dllmain.obj
 0004:00000a98       $pdata$?dllmain_dispatch@@YAHQEAUHINSTANCE__@@KQEAX@Z 0000000180022a98     MSVCRT:dll_dllmain.obj
 0004:00000aa4       $pdata$?dllmain_raw@@YAHQEAUHINSTANCE__@@KQEAX@Z 0000000180022aa4     MSVCRT:dll_dllmain.obj
 0004:00000ab0       $pdata$_DllMainCRTStartup  0000000180022ab0     MSVCRT:dll_dllmain.obj
 0004:00000abc       $pdata$__scrt_acquire_startup_lock 0000000180022abc     MSVCRT:utility.obj
 0004:00000ac8       $pdata$__scrt_dllmain_after_initialize_c 0000000180022ac8     MSVCRT:utility.obj
 0004:00000ad4       $pdata$__scrt_dllmain_before_initialize_c 0000000180022ad4     MSVCRT:utility.obj
 0004:00000ae0       $pdata$__scrt_dllmain_crt_thread_attach 0000000180022ae0     MSVCRT:utility.obj
 0004:00000aec       $pdata$__scrt_dllmain_crt_thread_detach 0000000180022aec     MSVCRT:utility.obj
 0004:00000af8       $pdata$__scrt_dllmain_exception_filter 0000000180022af8     MSVCRT:utility.obj
 0004:00000b04       $pdata$__scrt_dllmain_uninitialize_c 0000000180022b04     MSVCRT:utility.obj
 0004:00000b10       $pdata$__scrt_dllmain_uninitialize_critical 0000000180022b10     MSVCRT:utility.obj
 0004:00000b1c       $pdata$__scrt_initialize_crt 0000000180022b1c     MSVCRT:utility.obj
 0004:00000b28       $pdata$__scrt_initialize_onexit_tables 0000000180022b28     MSVCRT:utility.obj
 0004:00000b34       $pdata$__scrt_is_nonwritable_in_current_image 0000000180022b34     MSVCRT:utility.obj
 0004:00000b40       $pdata$__scrt_release_startup_lock 0000000180022b40     MSVCRT:utility.obj
 0004:00000b4c       $pdata$__scrt_uninitialize_crt 0000000180022b4c     MSVCRT:utility.obj
 0004:00000b58       $pdata$_onexit             0000000180022b58     MSVCRT:utility.obj
 0004:00000b64       $pdata$atexit              0000000180022b64     MSVCRT:utility.obj
 0004:00000b70       $pdata$__security_init_cookie 0000000180022b70     MSVCRT:gs_support.obj
 0004:00000b7c       $pdata$DllMain             0000000180022b7c     MSVCRT:dll_dllmain_stub.obj
 0004:00000b88       $pdata$__scrt_initialize_default_local_stdio_options 0000000180022b88     MSVCRT:default_local_stdio_options.obj
 0004:00000b94       $pdata$__scrt_fastfail     0000000180022b94     MSVCRT:utility_desktop.obj
 0004:00000ba0       $pdata$__scrt_get_show_window_mode 0000000180022ba0     MSVCRT:utility_desktop.obj
 0004:00000bac       $pdata$__scrt_is_managed_app 0000000180022bac     MSVCRT:utility_desktop.obj
 0004:00000bb8       $pdata$__scrt_unhandled_exception_filter 0000000180022bb8     MSVCRT:utility_desktop.obj
 0004:00000bc4       $pdata$_RTC_Initialize     0000000180022bc4     MSVCRT:_initsect_.obj
 0004:00000bd0       $pdata$_RTC_Terminate      0000000180022bd0     MSVCRT:_initsect_.obj
 0004:00000bdc       $pdata$__isa_available_init 0000000180022bdc     MSVCRT:_cpu_disp_.obj
 0004:00000bf4       $pdata$?fin$0@?0??dllmain_crt_process_attach@@YAHQEAUHINSTANCE__@@QEAX@Z@4HA 0000000180022bf4     MSVCRT:dll_dllmain.obj
 0004:00000c00       $pdata$?fin$0@?0??dllmain_crt_process_detach@@YAH_N@Z@4HA 0000000180022c00     MSVCRT:dll_dllmain.obj
 0004:00000c0c       $pdata$?filt$0@?0??dllmain_dispatch@@YAHQEAUHINSTANCE__@@KQEAX@Z@4HA 0000000180022c0c     MSVCRT:dll_dllmain.obj
 0004:00000c18       $pdata$__scrt_is_nonwritable_in_current_image$filt$0 0000000180022c18     MSVCRT:utility.obj
